run_id: apply-chandra-8-axf4-t1
track: apply_vs_axf4__snowy_sky_otter
job_id: apply-chandra-8-axf4-t1
system_ref: systems/chandra/chandra.md
input_ref: systems/chandra/txt/chandra_8.txt
software: axf4 -t 1
version: local-copy
runner: axf4
threads: 1
field: GF(2147483647)
order: degrevlex
hardware_track: 
timeout_s: 600
memory_limit_mb: 16384
peak_memory_mb: 51
status: ok
exit_code: 0
wall_time_seconds: 0.051509
process_wall_time_seconds: 0.051509
started_at_utc: 2026-05-16T17:23:52Z
finished_at_utc: 2026-05-16T17:23:52Z
runner_host: calcul-ouragan
runner_os: Linux-6.1.0-1029-oem-x86_64-with-glibc2.35
runner_machine: x86_64
runner_cpu_count: 32
runner_word_size: 64
runner_python: 3.10.12
command: /home/ademin/GroebnerBenchmark/../axgrob/axf4 -p 2147483647 -v [H1,H2,H3,H4,H5,H6,H7,H8] -t 1 /tmp/gbbench-axf4-88rvz1pu/chandra_8.txt

[stdout]
F4 algorithm in 8 variables mod p=2147483647, 32 threads

STEP 1
degree=3 pairs=28/28 with pairs limit 2048
97 x 154 with 873 non-zero, 9.0 per row
1.444 bytes per non-zero, matrix encoded in 0.001 MB
56 rows to reduce, blocksize 9, max threads 7, zero reductions 1
new=28 basis=36, step time=0.009 sec

STEP 2
degree=2 pairs=8/114 with pairs limit 2048
25 x 45 with 225 non-zero, 9.0 per row
1.444 bytes per non-zero, matrix encoded in 0.000 MB
16 rows to reduce, blocksize 6, max threads 3, zero reductions 1
new=7 basis=43, step time=0.002 sec

STEP 3
degree=3 pairs=48/48 with pairs limit 2048
131 x 120 with 1579 non-zero, 12.1 per row
1.332 bytes per non-zero, matrix encoded in 0.002 MB
96 rows to reduce, blocksize 12, max threads 8, zero reductions 1
new=21 basis=56, step time=0.002 sec

STEP 4
degree=4 pairs=91/91 with pairs limit 2048
343 x 295 with 4831 non-zero, 14.1 per row
1.284 bytes per non-zero, matrix encoded in 0.006 MB
182 rows to reduce, blocksize 15, max threads 13, zero reductions 1
new=35 basis=64, step time=0.003 sec

STEP 5
degree=5 pairs=175/175 with pairs limit 2048
714 x 519 with 14308 non-zero, 20.0 per row
1.200 bytes per non-zero, matrix encoded in 0.016 MB
350 rows to reduce, blocksize 21, max threads 17, zero reductions 1
new=35 basis=99, step time=0.003 sec

STEP 6
degree=6 pairs=189/189 with pairs limit 2048
906 x 676 with 26823 non-zero, 29.6 per row
1.135 bytes per non-zero, matrix encoded in 0.029 MB
378 rows to reduce, blocksize 21, max threads 18, zero reductions 1
new=21 basis=120, step time=0.004 sec

STEP 7
degree=7 pairs=119/119 with pairs limit 2048
825 x 722 with 31489 non-zero, 38.2 per row
1.105 bytes per non-zero, matrix encoded in 0.033 MB
238 rows to reduce, blocksize 18, max threads 14, zero reductions 1
new=7 basis=127, step time=0.003 sec

STEP 8
degree=8 pairs=41/41 with pairs limit 2048
677 x 724 with 24091 non-zero, 35.6 per row
1.112 bytes per non-zero, matrix encoded in 0.026 MB
82 rows to reduce, blocksize 12, max threads 7, zero reductions 1
new=1 basis=128, step time=0.003 sec

STEP 9
degree=9 pairs=6/6 with pairs limit 2048
612 x 728 with 18176 non-zero, 29.7 per row
1.135 bytes per non-zero, matrix encoded in 0.020 MB
12 rows to reduce, blocksize 6, max threads 2, zero reductions 1
new=0 basis=128, step time=0.003 sec

DONE inter-reduce
256 x 256 with 12920 non-zero, 50.5 per row
1.079 bytes per non-zero, matrix encoded in 0.013 MB
128 basis elements, 0.036 sec

[stderr]

