run_id: apply-cp_d_3_n_6_p_6-groebner
track: apply_vs_axf4__snowy_sky_otter
job_id: apply-cp_d_3_n_6_p_6-groebner
system_ref: systems/cp_d_3_n_6_p_6/cp_d_3_n_6_p_6.md
input_ref: systems/cp_d_3_n_6_p_6/txt/cp_d_3_n_6_p_6.txt
software: Groebner.groebner
version: 0.10.3
runner: groebner_jl
threads: 1
field: GF(2147483647)
order: degrevlex
hardware_track: 
timeout_s: 3600
memory_limit_mb: 32768
peak_memory_mb: 581
status: ok
exit_code: 0
wall_time_seconds: 0.263898178
process_wall_time_seconds: 2.286366
started_at_utc: 2026-05-16T21:25:43Z
finished_at_utc: 2026-05-16T21:25:45Z
runner_host: calcul-ouragan
runner_os: Linux-6.1.0-1029-oem-x86_64-with-glibc2.35
runner_machine: x86_64
runner_cpu_count: 32
runner_word_size: 64
runner_python: 3.10.12
command: /home/ademin/.juliaup/bin/julia --startup-file=no /tmp/gbbench-groebner-jl-l6964cru/groebner_jl_worker.jl --input /home/ademin/GroebnerBenchmark/systems/cp_d_3_n_6_p_6/txt/cp_d_3_n_6_p_6.txt --field GF(2147483647) --order degrevlex --threads 1 --method groebner

[stdout]
GBBENCH_WALL_TIME=0.263898178
GBBENCH_BYTES=208679464
GBBENCH_VERSION=0.10.3

[stderr]

