run_id: apply-root-9-axf4-t8
track: apply_vs_axf4__snowy_sky_otter
job_id: apply-root-9-axf4-t8
system_ref: systems/root/root.md
input_ref: systems/root/txt/root_9.txt
software: axf4 -t 8
version: local-copy
runner: axf4
threads: 8
field: GF(2147483647)
order: degrevlex
hardware_track: 
timeout_s: 3600
memory_limit_mb: 32768
peak_memory_mb: 54
status: ok
exit_code: 0
wall_time_seconds: 0.028016
process_wall_time_seconds: 0.028016
started_at_utc: 2026-05-18T03:17:47Z
finished_at_utc: 2026-05-18T03:17:47Z
runner_host: calcul-ouragan
runner_os: Linux-6.1.0-1029-oem-x86_64-with-glibc2.35
runner_machine: x86_64
runner_cpu_count: 32
runner_word_size: 64
runner_python: 3.10.12
command: /home/ademin/GroebnerBenchmark/../axgrob/axf4 -p 2147483647 -v [x1,x2,x3,x4,x5,x6,x7,x8,x9] -t 8 /tmp/gbbench-axf4-8esy3rj_/root_9.txt

[stdout]
F4 algorithm in 9 variables mod p=2147483647, 8 threads

STEP 1
degree=2 pairs=1/8 with pairs limit 2048
10 x 44 with 117 non-zero, 11.7 per row
1.342 bytes per non-zero, matrix encoded in 0.000 MB
2 rows to reduce, blocksize 1, max threads 2, zero reductions 1
new=1 basis=10, step time=0.002 sec

STEP 2
degree=3 pairs=1/7 with pairs limit 2048
37 x 147 with 597 non-zero, 16.1 per row
1.248 bytes per non-zero, matrix encoded in 0.001 MB
2 rows to reduce, blocksize 1, max threads 2, zero reductions 1
new=1 basis=11, step time=0.001 sec

STEP 3
degree=4 pairs=1/6 with pairs limit 2048
85 x 363 with 1899 non-zero, 22.3 per row
1.179 bytes per non-zero, matrix encoded in 0.002 MB
2 rows to reduce, blocksize 1, max threads 2, zero reductions 1
new=1 basis=12, step time=0.001 sec

STEP 4
degree=5 pairs=1/5 with pairs limit 2048
127 x 681 with 3915 non-zero, 30.8 per row
1.130 bytes per non-zero, matrix encoded in 0.004 MB
2 rows to reduce, blocksize 1, max threads 2, zero reductions 1
new=1 basis=13, step time=0.002 sec

STEP 5
degree=6 pairs=1/4 with pairs limit 2048
127 x 968 with 5301 non-zero, 41.7 per row
1.118 bytes per non-zero, matrix encoded in 0.006 MB
2 rows to reduce, blocksize 1, max threads 2, zero reductions 1
new=1 basis=14, step time=0.002 sec

STEP 6
degree=7 pairs=1/3 with pairs limit 2048
85 x 1008 with 4581 non-zero, 53.9 per row
1.086 bytes per non-zero, matrix encoded in 0.005 MB
2 rows to reduce, blocksize 1, max threads 2, zero reductions 1
new=1 basis=15, step time=0.002 sec

STEP 7
degree=8 pairs=1/2 with pairs limit 2048
37 x 704 with 2304 non-zero, 62.3 per row
1.064 bytes per non-zero, matrix encoded in 0.002 MB
2 rows to reduce, blocksize 1, max threads 2, zero reductions 1
new=1 basis=16, step time=0.001 sec

STEP 8
degree=9 pairs=1/1 with pairs limit 2048
10 x 257 with 521 non-zero, 52.1 per row
1.084 bytes per non-zero, matrix encoded in 0.001 MB
2 rows to reduce, blocksize 1, max threads 2, zero reductions 1
new=1 basis=17, step time=0.001 sec

DONE inter-reduce
18 x 512 with 1024 non-zero, 56.9 per row
1.078 bytes per non-zero, matrix encoded in 0.001 MB
9 basis elements, 0.011 sec

[stderr]

