run_id: apply-cyclic-9-groebner
track: apply_vs_axf4__snowy_sky_otter
job_id: apply-cyclic-9-groebner
system_ref: systems/cyclic/cyclic.md
input_ref: systems/cyclic/txt/cyclic_9.txt
software: Groebner.groebner
version: 0.10.3
runner: groebner_jl
threads: 1
field: GF(2147483647)
order: degrevlex
hardware_track: 
timeout_s: 600
memory_limit_mb: 16384
peak_memory_mb: 1676
status: ok
exit_code: 0
wall_time_seconds: 39.236074122
process_wall_time_seconds: 84.130847
started_at_utc: 2026-05-16T17:25:10Z
finished_at_utc: 2026-05-16T17:26:34Z
runner_host: calcul-ouragan
runner_os: Linux-6.1.0-1029-oem-x86_64-with-glibc2.35
runner_machine: x86_64
runner_cpu_count: 32
runner_word_size: 64
runner_python: 3.10.12
command: /home/ademin/.juliaup/bin/julia --startup-file=no /tmp/gbbench-groebner-jl-38as3jhb/groebner_jl_worker.jl --input /home/ademin/GroebnerBenchmark/systems/cyclic/txt/cyclic_9.txt --field GF(2147483647) --order degrevlex --threads 1 --method groebner

[stdout]
GBBENCH_WALL_TIME=39.236074122
GBBENCH_BYTES=5734407744
GBBENCH_VERSION=0.10.3

[stderr]

