run_id: apply-ipp-axf4-t8
track: apply_vs_axf4__snowy_sky_otter
job_id: apply-ipp-axf4-t8
system_ref: systems/ipp/ipp.md
input_ref: systems/ipp/txt/ipp.txt
software: axf4 -t 8
version: local-copy
runner: axf4
threads: 8
field: GF(2147483647)
order: degrevlex
hardware_track: 
timeout_s: 3600
memory_limit_mb: 32768
peak_memory_mb: 50
status: ok
exit_code: 0
wall_time_seconds: 0.037283
process_wall_time_seconds: 0.037283
started_at_utc: 2026-05-17T21:36:04Z
finished_at_utc: 2026-05-17T21:36:04Z
runner_host: calcul-ouragan
runner_os: Linux-6.1.0-1029-oem-x86_64-with-glibc2.35
runner_machine: x86_64
runner_cpu_count: 32
runner_word_size: 64
runner_python: 3.10.12
command: /home/ademin/GroebnerBenchmark/../axgrob/axf4 -p 2147483647 -v [x1,x2,x3,x4,x5,x6,x7,x8] -t 8 /tmp/gbbench-axf4-yi__2xa6/ipp.txt

[stdout]
F4 algorithm in 8 variables mod p=2147483647, 8 threads

STEP 1
degree=2 pairs=3/5 with pairs limit 2048
7 x 17 with 104 non-zero, 14.9 per row
1.269 bytes per non-zero, matrix encoded in 0.000 MB
6 rows to reduce, blocksize 3, max threads 2, zero reductions 1
new=3 basis=11, step time=0.001 sec

STEP 2
degree=3 pairs=8/8 with pairs limit 2048
34 x 67 with 381 non-zero, 11.2 per row
1.357 bytes per non-zero, matrix encoded in 0.000 MB
16 rows to reduce, blocksize 6, max threads 3, zero reductions 1
new=8 basis=17, step time=0.001 sec

STEP 3
degree=4 pairs=40/40 with pairs limit 2048
211 x 248 with 3338 non-zero, 15.8 per row
1.253 bytes per non-zero, matrix encoded in 0.004 MB
80 rows to reduce, blocksize 12, max threads 7, zero reductions 1
new=22 basis=38, step time=0.001 sec

STEP 4
degree=4 pairs=14/114 with pairs limit 4096
156 x 233 with 3716 non-zero, 23.8 per row
1.168 bytes per non-zero, matrix encoded in 0.004 MB
28 rows to reduce, blocksize 9, max threads 4, zero reductions 1
new=14 basis=52, step time=0.001 sec

STEP 5
degree=5 pairs=198/198 with pairs limit 2048
801 x 552 with 28180 non-zero, 35.2 per row
1.127 bytes per non-zero, matrix encoded in 0.030 MB
396 rows to reduce, blocksize 21, max threads 19, zero reductions 1
new=56 basis=108, step time=0.002 sec

STEP 6
degree=4 pairs=180/208 with pairs limit 2048
680 x 399 with 28823 non-zero, 42.4 per row
1.101 bytes per non-zero, matrix encoded in 0.030 MB
360 rows to reduce, blocksize 21, max threads 18, zero reductions 1
new=15 basis=123, step time=0.001 sec

STEP 7
degree=4 pairs=32/117 with pairs limit 4096
269 x 269 with 10412 non-zero, 38.7 per row
1.103 bytes per non-zero, matrix encoded in 0.011 MB
64 rows to reduce, blocksize 12, max threads 6, zero reductions 1
new=0 basis=99, step time=0.000 sec

STEP 8
degree=5 pairs=85/85 with pairs limit 2048
625 x 520 with 24814 non-zero, 39.7 per row
1.110 bytes per non-zero, matrix encoded in 0.026 MB
170 rows to reduce, blocksize 15, max threads 12, zero reductions 1
new=1 basis=100, step time=0.001 sec

STEP 9
degree=6 pairs=7/7 with pairs limit 2048
264 x 314 with 10665 non-zero, 40.4 per row
1.099 bytes per non-zero, matrix encoded in 0.011 MB
14 rows to reduce, blocksize 6, max threads 3, zero reductions 1
new=0 basis=96, step time=0.000 sec

DONE inter-reduce
148 x 138 with 7886 non-zero, 53.3 per row
1.075 bytes per non-zero, matrix encoded in 0.008 MB
74 basis elements, 0.008 sec

[stderr]

