run_id: apply-chandra-12-groebner-apply
track: apply_vs_axf4__snowy_sky_otter
job_id: apply-chandra-12-groebner-apply
system_ref: systems/chandra/chandra.md
input_ref: systems/chandra/txt/chandra_12.txt
software: Groebner.groebner_apply!
version: 0.10.3
runner: groebner_jl
threads: 1
field: GF(2147483647)
order: degrevlex
hardware_track: 
timeout_s: 3600
memory_limit_mb: 32768
peak_memory_mb: 1180
status: ok
exit_code: 0
wall_time_seconds: 1.785906519
process_wall_time_seconds: 16.127648
started_at_utc: 2026-05-16T19:54:54Z
finished_at_utc: 2026-05-16T19:55:10Z
runner_host: calcul-ouragan
runner_os: Linux-6.1.0-1029-oem-x86_64-with-glibc2.35
runner_machine: x86_64
runner_cpu_count: 32
runner_word_size: 64
runner_python: 3.10.12
command: /home/ademin/.juliaup/bin/julia --startup-file=no /tmp/gbbench-groebner-jl-l6964cru/groebner_jl_worker.jl --input /home/ademin/GroebnerBenchmark/systems/chandra/txt/chandra_12.txt --field GF(2147483647) --order degrevlex --threads 1 --method groebner_apply!

[stdout]
GBBENCH_WALL_TIME=1.785906519
GBBENCH_BYTES=3440603160
GBBENCH_VERSION=0.10.3

[stderr]

