run_id: apply-eco-11-axf4-t8
track: apply_vs_axf4__snowy_sky_otter
job_id: apply-eco-11-axf4-t8
system_ref: systems/eco/eco.md
input_ref: systems/eco/txt/eco_11.txt
software: axf4 -t 8
version: local-copy
runner: axf4
threads: 8
field: GF(2147483647)
order: degrevlex
hardware_track: 
timeout_s: 3600
memory_limit_mb: 32768
peak_memory_mb: 83
status: ok
exit_code: 0
wall_time_seconds: 0.148634
process_wall_time_seconds: 0.148634
started_at_utc: 2026-05-17T12:29:33Z
finished_at_utc: 2026-05-17T12:29:33Z
runner_host: calcul-ouragan
runner_os: Linux-6.1.0-1029-oem-x86_64-with-glibc2.35
runner_machine: x86_64
runner_cpu_count: 32
runner_word_size: 64
runner_python: 3.10.12
command: /home/ademin/GroebnerBenchmark/../axgrob/axf4 -p 2147483647 -v [x1,x2,x3,x4,x5,x6,x7,x8,x9,x10,x11] -t 8 /tmp/gbbench-axf4-04dwd87g/eco_11.txt

[stdout]
F4 algorithm in 11 variables mod p=2147483647, 8 threads

STEP 1
degree=3 pairs=9/9 with pairs limit 2048
38 x 75 with 283 non-zero, 7.4 per row
1.537 bytes per non-zero, matrix encoded in 0.000 MB
18 rows to reduce, blocksize 6, max threads 3, zero reductions 1
new=9 basis=20, step time=0.001 sec

STEP 2
degree=3 pairs=2/37 with pairs limit 4096
13 x 65 with 132 non-zero, 10.2 per row
1.394 bytes per non-zero, matrix encoded in 0.000 MB
4 rows to reduce, blocksize 3, max threads 2, zero reductions 1
new=2 basis=13, step time=0.001 sec

STEP 3
degree=3 pairs=3/38 with pairs limit 8192
43 x 156 with 667 non-zero, 15.5 per row
1.258 bytes per non-zero, matrix encoded in 0.001 MB
6 rows to reduce, blocksize 3, max threads 2, zero reductions 1
new=2 basis=15, step time=0.001 sec

STEP 4
degree=3 pairs=3/41 with pairs limit 16384
42 x 153 with 569 non-zero, 13.5 per row
1.295 bytes per non-zero, matrix encoded in 0.001 MB
6 rows to reduce, blocksize 3, max threads 2, zero reductions 1
new=1 basis=15, step time=0.001 sec

STEP 5
degree=4 pairs=40/40 with pairs limit 2048
272 x 498 with 5321 non-zero, 19.6 per row
1.259 bytes per non-zero, matrix encoded in 0.006 MB
80 rows to reduce, blocksize 12, max threads 7, zero reductions 1
new=36 basis=51, step time=0.002 sec

STEP 6
degree=3 pairs=48/190 with pairs limit 2048
181 x 270 with 5680 non-zero, 31.4 per row
1.127 bytes per non-zero, matrix encoded in 0.006 MB
96 rows to reduce, blocksize 12, max threads 8, zero reductions 1
new=34 basis=84, step time=0.001 sec

STEP 7
degree=4 pairs=236/342 with pairs limit 2048
923 x 819 with 44133 non-zero, 47.8 per row
1.086 bytes per non-zero, matrix encoded in 0.046 MB
472 rows to reduce, blocksize 21, max threads 23, zero reductions 1
new=77 basis=154, step time=0.003 sec

STEP 8
degree=5 pairs=662/673 with pairs limit 2048
2876 x 2082 with 206023 non-zero, 71.6 per row
1.114 bytes per non-zero, matrix encoded in 0.219 MB
1324 rows to reduce, blocksize 30, max threads 45, zero reductions 1
new=107 basis=261, step time=0.007 sec

STEP 9
degree=5 pairs=14/846 with pairs limit 4096
1292 x 1673 with 75409 non-zero, 58.4 per row
1.119 bytes per non-zero, matrix encoded in 0.080 MB
28 rows to reduce, blocksize 9, max threads 4, zero reductions 1
new=5 basis=247, step time=0.002 sec

STEP 10
degree=5 pairs=9/859 with pairs limit 8192
1265 x 1658 with 74568 non-zero, 58.9 per row
1.118 bytes per non-zero, matrix encoded in 0.080 MB
18 rows to reduce, blocksize 6, max threads 3, zero reductions 1
new=4 basis=250, step time=0.002 sec

STEP 11
degree=6 pairs=857/880 with pairs limit 2048
4923 x 3806 with 469771 non-zero, 95.4 per row
1.109 bytes per non-zero, matrix encoded in 0.497 MB
1714 rows to reduce, blocksize 33, max threads 52, zero reductions 1
new=90 basis=339, step time=0.014 sec

STEP 12
degree=7 pairs=785/792 with pairs limit 2048
7828 x 6845 with 823520 non-zero, 105.2 per row
1.126 bytes per non-zero, matrix encoded in 0.885 MB
1570 rows to reduce, blocksize 33, max threads 48, zero reductions 1
new=54 basis=388, step time=0.015 sec

STEP 13
degree=7 pairs=97/398 with pairs limit 4096
5942 x 6293 with 442684 non-zero, 74.5 per row
1.155 bytes per non-zero, matrix encoded in 0.488 MB
194 rows to reduce, blocksize 15, max threads 13, zero reductions 1
new=20 basis=408, step time=0.008 sec

STEP 14
degree=7 pairs=90/424 with pairs limit 8192
5996 x 6351 with 446141 non-zero, 74.4 per row
1.156 bytes per non-zero, matrix encoded in 0.492 MB
180 rows to reduce, blocksize 15, max threads 12, zero reductions 1
new=17 basis=414, step time=0.007 sec

STEP 15
degree=7 pairs=68/412 with pairs limit 16384
5938 x 6327 with 432053 non-zero, 72.8 per row
1.157 bytes per non-zero, matrix encoded in 0.477 MB
136 rows to reduce, blocksize 15, max threads 10, zero reductions 1
new=9 basis=418, step time=0.007 sec

STEP 16
degree=7 pairs=50/380 with pairs limit 32768
5873 x 6290 with 420592 non-zero, 71.6 per row
1.159 bytes per non-zero, matrix encoded in 0.465 MB
100 rows to reduce, blocksize 12, max threads 9, zero reductions 1
new=5 basis=419, step time=0.006 sec

STEP 17
degree=7 pairs=40/332 with pairs limit 65536
5833 x 6269 with 410320 non-zero, 70.3 per row
1.161 bytes per non-zero, matrix encoded in 0.454 MB
80 rows to reduce, blocksize 12, max threads 7, zero reductions 1
new=4 basis=416, step time=0.006 sec

STEP 18
degree=7 pairs=10/318 with pairs limit 131072
5751 x 6244 with 385752 non-zero, 67.1 per row
1.167 bytes per non-zero, matrix encoded in 0.429 MB
20 rows to reduce, blocksize 6, max threads 4, zero reductions 1
new=1 basis=415, step time=0.006 sec

STEP 19
degree=8 pairs=317/317 with pairs limit 2048
10073 x 9951 with 833400 non-zero, 82.7 per row
1.169 bytes per non-zero, matrix encoded in 0.929 MB
634 rows to reduce, blocksize 24, max threads 27, zero reductions 1
new=0 basis=415, step time=0.012 sec

DONE inter-reduce
3249 x 3372 with 322569 non-zero, 99.3 per row
1.089 bytes per non-zero, matrix encoded in 0.335 MB
389 basis elements, 0.114 sec

[stderr]

