run_id: apply-chandra-15-groebner-apply-x4
track: apply_vs_axf4__snowy_sky_otter
job_id: apply-chandra-15-groebner-apply-x4
system_ref: systems/chandra/chandra.md
input_ref: systems/chandra/txt/chandra_15.txt
software: Groebner.groebner_apply! x4
version: 0.10.3
runner: groebner_jl
threads: 1
field: GF(2147483647)
order: degrevlex
hardware_track: 
timeout_s: 3600
memory_limit_mb: 32768
peak_memory_mb: 28745
status: error
exit_code: 134
wall_time_seconds: 769.573814
process_wall_time_seconds: 769.573814
started_at_utc: 2026-05-17T11:27:29Z
finished_at_utc: 2026-05-17T11:40:19Z
runner_host: calcul-ouragan
runner_os: Linux-6.1.0-1029-oem-x86_64-with-glibc2.35
runner_machine: x86_64
runner_cpu_count: 32
runner_word_size: 64
runner_python: 3.10.12
command: /home/ademin/.juliaup/bin/julia --startup-file=no /tmp/gbbench-groebner-jl-asyd09nm/groebner_jl_worker.jl --input /home/ademin/GroebnerBenchmark/systems/chandra/txt/chandra_15.txt --field GF(2147483647) --order degrevlex --threads 1 --method "groebner_apply! x4"

[stdout]


[stderr]
terminate called after throwing an instance of 'std::bad_alloc'
  what():  std::bad_alloc

[2662572] signal 6 (-6): Abandon
in expression starting at none:0
pthread_kill at /lib/x86_64-linux-gnu/libc.so.6 (unknown line)
raise at /lib/x86_64-linux-gnu/libc.so.6 (unknown line)
abort at /lib/x86_64-linux-gnu/libc.so.6 (unknown line)
unknown function (ip: 0x7f03d5ea9a3c) at /home/ademin/.julia/juliaup/julia-1.12.4+0.x64.linux.gnu/bin/../lib/julia/libstdc++.so.6
unknown function (ip: 0x7f03d5ebb449) at /home/ademin/.julia/juliaup/julia-1.12.4+0.x64.linux.gnu/bin/../lib/julia/libstdc++.so.6
_ZSt9terminatev at /home/ademin/.julia/juliaup/julia-1.12.4+0.x64.linux.gnu/bin/../lib/julia/libstdc++.so.6 (unknown line)
__cxa_throw at /home/ademin/.julia/juliaup/julia-1.12.4+0.x64.linux.gnu/bin/../lib/julia/libstdc++.so.6 (unknown line)
unknown function (ip: 0x7f03d5ea96d6) at /home/ademin/.julia/juliaup/julia-1.12.4+0.x64.linux.gnu/bin/../lib/julia/libstdc++.so.6
_ZN4llvm18StringMapEntryBase15allocateWithKeyINS_20BumpPtrAllocatorImplINS_15MallocAllocatorELm4096ELm4096ELm128EEEEEPvmmNS_9StringRefERT_ at /home/ademin/.julia/juliaup/julia-1.12.4+0.x64.linux.gnu/bin/../lib/julia/libLLVM.so.18.1jl (unknown line)
_ZN4llvm8MDString3getERNS_11LLVMContextENS_9StringRefE at /home/ademin/.julia/juliaup/julia-1.12.4+0.x64.linux.gnu/bin/../lib/julia/libLLVM.so.18.1jl (unknown line)
_ZN4llvm6Module13addModuleFlagENS0_15ModFlagBehaviorENS_9StringRefEPNS_8MetadataE at /home/ademin/.julia/juliaup/julia-1.12.4+0.x64.linux.gnu/bin/../lib/julia/libLLVM.so.18.1jl (unknown line)
unknown function (ip: 0x7f03d506b4bf) at /home/ademin/.julia/juliaup/julia-1.12.4+0.x64.linux.gnu/bin/../lib/julia/libjulia-codegen.so.1.12
jl_emit_codeinst_to_jit_impl at /home/ademin/.julia/juliaup/julia-1.12.4+0.x64.linux.gnu/bin/../lib/julia/libjulia-codegen.so.1.12 (unknown line)
terminate called recursively
