run_id: apply-NFkB_reduced-groebner
track: apply_vs_axf4__snowy_sky_otter
job_id: apply-NFkB_reduced-groebner
system_ref: systems/NFkB_reduced/NFkB_reduced.md
input_ref: systems/NFkB_reduced/txt/NFkB_reduced.txt
software: Groebner.groebner
version: 0.10.3
runner: groebner_jl
threads: 1
field: GF(2147483647)
order: degrevlex
hardware_track: 
timeout_s: 3600
memory_limit_mb: 32768
peak_memory_mb: 625
status: ok
exit_code: 0
wall_time_seconds: 0.042198807
process_wall_time_seconds: 4.016050
started_at_utc: 2026-05-18T01:42:32Z
finished_at_utc: 2026-05-18T01:42:37Z
runner_host: calcul-ouragan
runner_os: Linux-6.1.0-1029-oem-x86_64-with-glibc2.35
runner_machine: x86_64
runner_cpu_count: 32
runner_word_size: 64
runner_python: 3.10.12
command: /home/ademin/.juliaup/bin/julia --startup-file=no /tmp/gbbench-groebner-jl-jpir987z/groebner_jl_worker.jl --input /home/ademin/GroebnerBenchmark/systems/NFkB_reduced/txt/NFkB_reduced.txt --field GF(2147483647) --order degrevlex --threads 1 --method groebner

[stdout]
GBBENCH_WALL_TIME=0.042198807
GBBENCH_BYTES=18874448
GBBENCH_VERSION=0.10.3

[stderr]

