run_id: apply-noon-11-axf4-t1
track: apply_vs_axf4__snowy_sky_otter
job_id: apply-noon-11-axf4-t1
system_ref: systems/noon/noon.md
input_ref: systems/noon/txt/noon_11.txt
software: axf4 -t 1
version: local-copy
runner: axf4
threads: 1
field: GF(2147483647)
order: degrevlex
hardware_track: 
timeout_s: 60
memory_limit_mb: 8192
peak_memory_mb: 
status: timeout
exit_code: 
wall_time_seconds: 60.006213
process_wall_time_seconds: 60.006213
started_at_utc: 2026-05-16T15:55:14Z
finished_at_utc: 2026-05-16T15:56:14Z
runner_host: calcul-ouragan
runner_os: Linux-6.1.0-1029-oem-x86_64-with-glibc2.35
runner_machine: x86_64
runner_cpu_count: 32
runner_word_size: 64
runner_python: 3.10.12
command: 

[stdout]
F4 algorithm in 11 variables mod p=2147483647, 32 threads

STEP 1
degree=4 pairs=46/46 with pairs limit 2048
147 x 617 with 1764 non-zero, 12.0 per row
1.333 bytes per non-zero, matrix encoded in 0.002 MB
92 rows to reduce, blocksize 12, max threads 8, zero reductions 1
new=46 basis=57, step time=0.071 sec

STEP 2
degree=5 pairs=131/287 with pairs limit 2048
531 x 658 with 2553 non-zero, 4.8 per row
2.249 bytes per non-zero, matrix encoded in 0.005 MB
262 rows to reduce, blocksize 18, max threads 15, zero reductions 1
new=11 basis=68, step time=0.021 sec

STEP 3
degree=6 pairs=126/266 with pairs limit 2048
1306 x 3405 with 12444 non-zero, 9.5 per row
2.441 bytes per non-zero, matrix encoded in 0.029 MB
252 rows to reduce, blocksize 18, max threads 14, zero reductions 1
new=34 basis=102, step time=0.012 sec

STEP 4
degree=7 pairs=368/473 with pairs limit 2048
4308 x 10691 with 61584 non-zero, 14.3 per row
2.150 bytes per non-zero, matrix encoded in 0.126 MB
736 rows to reduce, blocksize 27, max threads 28, zero reductions 1
new=69 basis=171, step time=0.026 sec

STEP 5
degree=8 pairs=576/771 with pairs limit 2048
10930 x 24643 with 194517 non-zero, 17.8 per row
2.202 bytes per non-zero, matrix encoded in 0.409 MB
1152 rows to reduce, blocksize 30, max threads 39, zero reductions 1
new=141 basis=312, step time=0.061 sec

STEP 6
degree=9 pairs=1260/1560 with pairs limit 2048
27060 x 51827 with 596760 non-zero, 22.1 per row
2.163 bytes per non-zero, matrix encoded in 1.231 MB
2520 rows to reduce, blocksize 39, max threads 65, zero reductions 1
new=295 basis=607, step time=0.133 sec

STEP 7
degree=10 pairs=2048/3166 with pairs limit 2048
45372 x 79675 with 1210436 non-zero, 26.7 per row
2.066 bytes per non-zero, matrix encoded in 2.385 MB
4096 rows to reduce, blocksize 48, max threads 86, zero reductions 1
new=508 basis=1115, step time=0.271 sec

STEP 8
degree=10 pairs=686/6045 with pairs limit 4096
23482 x 41056 with 586762 non-zero, 25.0 per row
2.139 bytes per non-zero, matrix encoded in 1.197 MB
1372 rows to reduce, blocksize 33, max threads 42, zero reductions 1
new=105 basis=1220, step time=0.097 sec

STEP 9
degree=11 pairs=2048/6409 with pairs limit 2048
48531 x 87268 with 1646619 non-zero, 33.9 per row
1.966 bytes per non-zero, matrix encoded in 3.087 MB
4096 rows to reduce, blocksize 48, max threads 86, zero reductions 1
new=510 basis=1730, step time=0.401 sec

STEP 10
degree=11 pairs=3827/9207 with pairs limit 4096
96198 x 137977 with 3410707 non-zero, 35.5 per row
2.094 bytes per non-zero, matrix encoded in 6.812 MB
7654 rows to reduce, blocksize 57, max threads 135, zero reductions 1
new=739 basis=2469, step time=0.717 sec

STEP 11
degree=12 pairs=2048/12770 with pairs limit 2048
56408 x 106748 with 2532991 non-zero, 44.9 per row
1.773 bytes per non-zero, matrix encoded in 4.283 MB
4096 rows to reduce, blocksize 48, max threads 86, zero reductions 1
new=803 basis=3272, step time=1.050 sec

STEP 12
degree=12 pairs=4096/18429 with pairs limit 4096
110375 x 163677 with 4790972 non-zero, 43.4 per row
1.922 bytes per non-zero, matrix encoded in 8.782 MB
8192 rows to reduce, blocksize 60, max threads 137, zero reductions 1
new=867 basis=4139, step time=1.295 sec

STEP 13
degree=12 pairs=6176/23003 with pairs limit 8192
171402 x 229139 with 8085057 non-zero, 47.2 per row
1.947 bytes per non-zero, matrix encoded in 15.015 MB
12352 rows to reduce, blocksize 69, max threads 180, zero reductions 1
new=750 basis=4889, step time=1.548 sec

STEP 14
degree=13 pairs=2048/24327 with pairs limit 2048
39878 x 90264 with 2035354 non-zero, 51.0 per row
1.595 bytes per non-zero, matrix encoded in 3.096 MB
4096 rows to reduce, blocksize 48, max threads 86, zero reductions 1
new=1086 basis=5975, step time=2.408 sec

STEP 15
degree=13 pairs=4096/33139 with pairs limit 4096
105917 x 157430 with 6818565 non-zero, 64.4 per row
1.744 bytes per non-zero, matrix encoded in 11.342 MB
8192 rows to reduce, blocksize 60, max threads 137, zero reductions 1
new=1102 basis=7077, step time=3.479 sec

STEP 16
degree=13 pairs=8192/40063 with pairs limit 8192
211070 x 280884 with 13466202 non-zero, 63.8 per row
1.753 bytes per non-zero, matrix encoded in 22.514 MB
16384 rows to reduce, blocksize 75, max threads 219, zero reductions 1
new=1353 basis=8430, step time=4.480 sec

STEP 17
degree=13 pairs=9991/45401 with pairs limit 16384
274941 x 346999 with 18979969 non-zero, 69.0 per row
1.750 bytes per non-zero, matrix encoded in 31.674 MB
19982 rows to reduce, blocksize 81, max threads 247, zero reductions 1
new=672 basis=9102, step time=3.403 sec

STEP 18
degree=14 pairs=2048/42130 with pairs limit 2048
64185 x 145158 with 3826936 non-zero, 59.6 per row
1.535 bytes per non-zero, matrix encoded in 5.602 MB
4096 rows to reduce, blocksize 48, max threads 86, zero reductions 1
new=2045 basis=11147, step time=10.103 sec

STEP 19
degree=14 pairs=4096/60532 with pairs limit 4096
117703 x 172175 with 11589589 non-zero, 98.5 per row
1.522 bytes per non-zero, matrix encoded in 16.827 MB
8192 rows to reduce, blocksize 60, max threads 137, zero reductions 1
new=1140 basis=12287, step time=6.694 sec

STEP 20
degree=14 pairs=8192/67836 with pairs limit 8192
217526 x 280668 with 20480911 non-zero, 94.2 per row
1.605 bytes per non-zero, matrix encoded in 31.350 MB
16384 rows to reduce, blocksize 75, max threads 219, zero reductions 1
new=425 basis=12712, step time=3.474 sec

STEP 21
degree=14 pairs=16384/63894 with pairs limit 16384
323256 x 396928 with 32797925 non-zero, 101.5 per row
1.600 bytes per non-zero, matrix encoded in 50.052 MB
32768 rows to reduce, blocksize 96, max threads 342, zero reductions 1
new=1422 basis=14134, step time=10.384 sec

STEP 22
degree=14 pairs=11410/61730 with pairs limit 32768
394873 x 482071 with 34855198 non-zero, 88.3 per row
1.629 bytes per non-zero, matrix encoded in 54.162 MB
22820 rows to reduce, blocksize 84, max threads 272, zero reductions 1
new=468 basis=14602, step time=5.751 sec

STEP 23
degree=15 pairs=2048/55000 with pairs limit 2048
90089 x 183062 with 6664311 non-zero, 74.0 per row
1.446 bytes per non-zero, matrix encoded in 9.192 MB
4096 rows to reduce, blocksize 48, max threads 86, zero reductions 1

[stderr]

