run_id: apply-reimer-7-axf4-t1
track: apply_vs_axf4__snowy_sky_otter
job_id: apply-reimer-7-axf4-t1
system_ref: systems/reimer/reimer.md
input_ref: systems/reimer/txt/reimer_7.txt
software: axf4 -t 1
version: local-copy
runner: axf4
threads: 1
field: GF(2147483647)
order: degrevlex
hardware_track: 
timeout_s: 3600
memory_limit_mb: 32768
peak_memory_mb: 65
status: ok
exit_code: 0
wall_time_seconds: 0.777393
process_wall_time_seconds: 0.777393
started_at_utc: 2026-05-18T03:15:32Z
finished_at_utc: 2026-05-18T03:15:33Z
runner_host: calcul-ouragan
runner_os: Linux-6.1.0-1029-oem-x86_64-with-glibc2.35
runner_machine: x86_64
runner_cpu_count: 32
runner_word_size: 64
runner_python: 3.10.12
command: /home/ademin/GroebnerBenchmark/../axgrob/axf4 -p 2147483647 -v [x1,x2,x3,x4,x5,x6,x7] -t 1 /tmp/gbbench-axf4-6q0r5etx/reimer_7.txt

[stdout]
F4 algorithm in 7 variables mod p=2147483647, 1 threads

STEP 1
degree=3 pairs=1/6 with pairs limit 2048
3 x 15 with 24 non-zero, 8.0 per row
1.500 bytes per non-zero, matrix encoded in 0.000 MB
2 rows to reduce, blocksize 1, max threads 2, zero reductions 1
new=1 basis=8, step time=0.001 sec

STEP 2
degree=4 pairs=2/6 with pairs limit 2048
13 x 55 with 116 non-zero, 8.9 per row
1.448 bytes per non-zero, matrix encoded in 0.000 MB
4 rows to reduce, blocksize 3, max threads 2, zero reductions 1
new=2 basis=10, step time=0.001 sec

STEP 3
degree=5 pairs=4/7 with pairs limit 2048
38 x 159 with 457 non-zero, 12.0 per row
1.333 bytes per non-zero, matrix encoded in 0.001 MB
8 rows to reduce, blocksize 6, max threads 2, zero reductions 1
new=3 basis=13, step time=0.001 sec

STEP 4
degree=6 pairs=8/10 with pairs limit 2048
94 x 388 with 1600 non-zero, 17.0 per row
1.235 bytes per non-zero, matrix encoded in 0.002 MB
16 rows to reduce, blocksize 6, max threads 3, zero reductions 1
new=6 basis=19, step time=0.001 sec

STEP 5
degree=7 pairs=17/19 with pairs limit 2048
269 x 985 with 6593 non-zero, 24.5 per row
1.203 bytes per non-zero, matrix encoded in 0.008 MB
34 rows to reduce, blocksize 9, max threads 4, zero reductions 1
new=10 basis=29, step time=0.002 sec

STEP 6
degree=8 pairs=37/38 with pairs limit 2048
574 x 2074 with 22535 non-zero, 39.3 per row
1.238 bytes per non-zero, matrix encoded in 0.027 MB
74 rows to reduce, blocksize 12, max threads 7, zero reductions 1
new=21 basis=50, step time=0.003 sec

STEP 7
degree=9 pairs=78/85 with pairs limit 2048
1117 x 3926 with 84954 non-zero, 76.1 per row
1.159 bytes per non-zero, matrix encoded in 0.094 MB
156 rows to reduce, blocksize 15, max threads 11, zero reductions 1
new=35 basis=85, step time=0.007 sec

STEP 8
degree=8 pairs=18/173 with pairs limit 2048
505 x 3001 with 21298 non-zero, 42.2 per row
1.239 bytes per non-zero, matrix encoded in 0.025 MB
36 rows to reduce, blocksize 9, max threads 4, zero reductions 1
new=18 basis=103, step time=0.003 sec

STEP 9
degree=7 pairs=18/208 with pairs limit 2048
367 x 2165 with 19916 non-zero, 54.3 per row
1.164 bytes per non-zero, matrix encoded in 0.022 MB
36 rows to reduce, blocksize 9, max threads 4, zero reductions 1
new=17 basis=117, step time=0.003 sec

STEP 10
degree=7 pairs=13/210 with pairs limit 4096
275 x 1772 with 16394 non-zero, 59.6 per row
1.132 bytes per non-zero, matrix encoded in 0.018 MB
26 rows to reduce, blocksize 6, max threads 5, zero reductions 1
new=13 basis=128, step time=0.002 sec

STEP 11
degree=6 pairs=13/259 with pairs limit 2048
226 x 1341 with 11308 non-zero, 50.0 per row
1.147 bytes per non-zero, matrix encoded in 0.012 MB
26 rows to reduce, blocksize 6, max threads 5, zero reductions 1
new=13 basis=138, step time=0.002 sec

STEP 12
degree=6 pairs=12/221 with pairs limit 4096
158 x 1075 with 10153 non-zero, 64.3 per row
1.092 bytes per non-zero, matrix encoded in 0.011 MB
24 rows to reduce, blocksize 6, max threads 4, zero reductions 1
new=12 basis=147, step time=0.001 sec

STEP 13
degree=5 pairs=6/246 with pairs limit 2048
82 x 616 with 3531 non-zero, 43.1 per row
1.118 bytes per non-zero, matrix encoded in 0.004 MB
12 rows to reduce, blocksize 6, max threads 2, zero reductions 1
new=5 basis=149, step time=0.001 sec

STEP 14
degree=6 pairs=33/222 with pairs limit 2048
382 x 1472 with 44552 non-zero, 116.6 per row
1.061 bytes per non-zero, matrix encoded in 0.045 MB
66 rows to reduce, blocksize 12, max threads 6, zero reductions 1
new=17 basis=165, step time=0.003 sec

STEP 15
degree=5 pairs=6/256 with pairs limit 2048
107 x 695 with 6401 non-zero, 59.8 per row
1.086 bytes per non-zero, matrix encoded in 0.007 MB
12 rows to reduce, blocksize 6, max threads 2, zero reductions 1
new=6 basis=162, step time=0.001 sec

STEP 16
degree=5 pairs=7/246 with pairs limit 4096
85 x 609 with 4737 non-zero, 55.7 per row
1.089 bytes per non-zero, matrix encoded in 0.005 MB
14 rows to reduce, blocksize 6, max threads 3, zero reductions 1
new=7 basis=166, step time=0.001 sec

STEP 17
degree=5 pairs=3/230 with pairs limit 8192
51 x 417 with 2507 non-zero, 49.2 per row
1.081 bytes per non-zero, matrix encoded in 0.003 MB
6 rows to reduce, blocksize 3, max threads 2, zero reductions 1
new=3 basis=168, step time=0.000 sec

STEP 18
degree=4 pairs=5/227 with pairs limit 2048
47 x 310 with 1771 non-zero, 37.7 per row
1.106 bytes per non-zero, matrix encoded in 0.002 MB
10 rows to reduce, blocksize 6, max threads 2, zero reductions 1
new=5 basis=168, step time=0.001 sec

STEP 19
degree=4 pairs=5/212 with pairs limit 4096
32 x 269 with 1603 non-zero, 50.1 per row
1.080 bytes per non-zero, matrix encoded in 0.002 MB
10 rows to reduce, blocksize 6, max threads 2, zero reductions 1
new=5 basis=173, step time=0.000 sec

STEP 20
degree=3 pairs=4/210 with pairs limit 2048
19 x 105 with 434 non-zero, 22.8 per row
1.175 bytes per non-zero, matrix encoded in 0.000 MB
8 rows to reduce, blocksize 6, max threads 2, zero reductions 1
new=3 basis=175, step time=0.000 sec

STEP 21
degree=4 pairs=13/201 with pairs limit 2048
83 x 299 with 3911 non-zero, 47.1 per row
1.085 bytes per non-zero, matrix encoded in 0.004 MB
26 rows to reduce, blocksize 6, max threads 5, zero reductions 1
new=5 basis=179, step time=0.000 sec

STEP 22
degree=5 pairs=36/172 with pairs limit 2048
293 x 709 with 22104 non-zero, 75.4 per row
1.061 bytes per non-zero, matrix encoded in 0.022 MB
72 rows to reduce, blocksize 12, max threads 6, zero reductions 1
new=13 basis=187, step time=0.001 sec

STEP 23
degree=6 pairs=74/183 with pairs limit 2048
684 x 1369 with 82289 non-zero, 120.3 per row
1.046 bytes per non-zero, matrix encoded in 0.082 MB
148 rows to reduce, blocksize 15, max threads 10, zero reductions 1
new=24 basis=200, step time=0.004 sec

STEP 24
degree=7 pairs=132/214 with pairs limit 2048
1362 x 2353 with 225000 non-zero, 165.2 per row
1.045 bytes per non-zero, matrix encoded in 0.224 MB
264 rows to reduce, blocksize 18, max threads 15, zero reductions 1
new=35 basis=212, step time=0.010 sec

STEP 25
degree=8 pairs=206/273 with pairs limit 2048
2388 x 3684 with 515540 non-zero, 215.9 per row
1.046 bytes per non-zero, matrix encoded in 0.514 MB
412 rows to reduce, blocksize 21, max threads 20, zero reductions 1
new=48 basis=229, step time=0.024 sec

STEP 26
degree=9 pairs=264/340 with pairs limit 2048
3690 x 5270 with 1048397 non-zero, 284.1 per row
1.044 bytes per non-zero, matrix encoded in 1.043 MB
528 rows to reduce, blocksize 24, max threads 22, zero reductions 1
new=37 basis=227, step time=0.043 sec

STEP 27
degree=10 pairs=219/293 with pairs limit 2048
4640 x 6636 with 1554143 non-zero, 334.9 per row
1.041 bytes per non-zero, matrix encoded in 1.543 MB
438 rows to reduce, blocksize 21, max threads 21, zero reductions 1
new=29 basis=204, step time=0.061 sec

STEP 28
degree=11 pairs=188/251 with pairs limit 2048
5679 x 7962 with 2058071 non-zero, 362.4 per row
1.043 bytes per non-zero, matrix encoded in 2.047 MB
376 rows to reduce, blocksize 21, max threads 18, zero reductions 1
new=20 basis=224, step time=0.077 sec

STEP 29
degree=12 pairs=132/182 with pairs limit 2048
8277 x 10799 with 3107915 non-zero, 375.5 per row
1.052 bytes per non-zero, matrix encoded in 3.119 MB
264 rows to reduce, blocksize 18, max threads 15, zero reductions 1
new=8 basis=232, step time=0.107 sec

STEP 30
degree=13 pairs=73/97 with pairs limit 2048
7659 x 10349 with 2968974 non-zero, 387.6 per row
1.048 bytes per non-zero, matrix encoded in 2.967 MB
146 rows to reduce, blocksize 15, max threads 10, zero reductions 1
new=1 basis=233, step time=0.097 sec

STEP 31
degree=14 pairs=26/30 with pairs limit 2048
10404 x 13224 with 4109791 non-zero, 395.0 per row
1.056 bytes per non-zero, matrix encoded in 4.137 MB
52 rows to reduce, blocksize 9, max threads 6, zero reductions 1
new=0 basis=233, step time=0.126 sec

STEP 32
degree=15 pairs=4/4 with pairs limit 2048
11336 x 14207 with 4422023 non-zero, 390.1 per row
1.062 bytes per non-zero, matrix encoded in 4.477 MB
8 rows to reduce, blocksize 6, max threads 2, zero reductions 1
new=0 basis=233, step time=0.129 sec

DONE inter-reduce
467 x 2820 with 391531 non-zero, 838.4 per row
1.006 bytes per non-zero, matrix encoded in 0.376 MB
227 basis elements, 0.729 sec

[stderr]

