run_id: apply-root-12-axf4-t1
track: apply_vs_axf4__snowy_sky_otter
job_id: apply-root-12-axf4-t1
system_ref: systems/root/root.md
input_ref: systems/root/txt/root_12.txt
software: axf4 -t 1
version: local-copy
runner: axf4
threads: 1
field: GF(2147483647)
order: degrevlex
hardware_track: 
timeout_s: 3600
memory_limit_mb: 32768
peak_memory_mb: 68
status: ok
exit_code: 0
wall_time_seconds: 0.084204
process_wall_time_seconds: 0.084204
started_at_utc: 2026-05-18T03:18:21Z
finished_at_utc: 2026-05-18T03:18:21Z
runner_host: calcul-ouragan
runner_os: Linux-6.1.0-1029-oem-x86_64-with-glibc2.35
runner_machine: x86_64
runner_cpu_count: 32
runner_word_size: 64
runner_python: 3.10.12
command: /home/ademin/GroebnerBenchmark/../axgrob/axf4 -p 2147483647 -v [x1,x2,x3,x4,x5,x6,x7,x8,x9,x10,x11,x12] -t 1 /tmp/gbbench-axf4-yn4vh42c/root_12.txt

[stdout]
F4 algorithm in 12 variables mod p=2147483647, 1 threads

STEP 1
degree=2 pairs=1/11 with pairs limit 2048
13 x 77 with 210 non-zero, 16.2 per row
1.248 bytes per non-zero, matrix encoded in 0.000 MB
2 rows to reduce, blocksize 1, max threads 2, zero reductions 1
new=1 basis=13, step time=0.001 sec

STEP 2
degree=3 pairs=1/10 with pairs limit 2048
67 x 340 with 1552 non-zero, 23.2 per row
1.173 bytes per non-zero, matrix encoded in 0.002 MB
2 rows to reduce, blocksize 1, max threads 2, zero reductions 1
new=1 basis=14, step time=0.001 sec

STEP 3
degree=4 pairs=1/9 with pairs limit 2048
221 x 1134 with 7437 non-zero, 33.7 per row
1.138 bytes per non-zero, matrix encoded in 0.008 MB
2 rows to reduce, blocksize 1, max threads 2, zero reductions 1
new=1 basis=15, step time=0.001 sec

STEP 4
degree=5 pairs=1/8 with pairs limit 2048
496 x 2984 with 24564 non-zero, 49.5 per row
1.173 bytes per non-zero, matrix encoded in 0.027 MB
2 rows to reduce, blocksize 1, max threads 2, zero reductions 1
new=1 basis=16, step time=0.003 sec

STEP 5
degree=6 pairs=1/7 with pairs limit 2048
793 x 6321 with 58224 non-zero, 73.4 per row
1.199 bytes per non-zero, matrix encoded in 0.067 MB
2 rows to reduce, blocksize 1, max threads 2, zero reductions 1
new=1 basis=17, step time=0.005 sec

STEP 6
degree=7 pairs=1/6 with pairs limit 2048
925 x 10836 with 100596 non-zero, 108.8 per row
1.183 bytes per non-zero, matrix encoded in 0.113 MB
2 rows to reduce, blocksize 1, max threads 2, zero reductions 1
new=1 basis=18, step time=0.009 sec

STEP 7
degree=8 pairs=1/5 with pairs limit 2048
793 x 14920 with 126237 non-zero, 159.2 per row
1.150 bytes per non-zero, matrix encoded in 0.138 MB
2 rows to reduce, blocksize 1, max threads 2, zero reductions 1
new=1 basis=19, step time=0.011 sec

STEP 8
degree=9 pairs=1/4 with pairs limit 2048
496 x 16128 with 112432 non-zero, 226.7 per row
1.126 bytes per non-zero, matrix encoded in 0.121 MB
2 rows to reduce, blocksize 1, max threads 2, zero reductions 1
new=1 basis=20, step time=0.012 sec

STEP 9
degree=10 pairs=1/3 with pairs limit 2048
221 x 13056 with 67530 non-zero, 305.6 per row
1.086 bytes per non-zero, matrix encoded in 0.070 MB
2 rows to reduce, blocksize 1, max threads 2, zero reductions 1
new=1 basis=21, step time=0.009 sec

STEP 10
degree=11 pairs=1/2 with pairs limit 2048
67 x 7168 with 24576 non-zero, 366.8 per row
1.049 bytes per non-zero, matrix encoded in 0.025 MB
2 rows to reduce, blocksize 1, max threads 2, zero reductions 1
new=1 basis=22, step time=0.004 sec

STEP 11
degree=12 pairs=1/1 with pairs limit 2048
13 x 2049 with 4108 non-zero, 316.0 per row
1.023 bytes per non-zero, matrix encoded in 0.004 MB
2 rows to reduce, blocksize 1, max threads 2, zero reductions 1
new=1 basis=23, step time=0.002 sec

DONE inter-reduce
24 x 4096 with 8192 non-zero, 341.3 per row
1.013 bytes per non-zero, matrix encoded in 0.008 MB
12 basis elements, 0.058 sec

[stderr]

