run_id: apply-re6_sq_1-axf4-t1
track: apply_vs_axf4__snowy_sky_otter
job_id: apply-re6_sq_1-axf4-t1
system_ref: systems/re6_sq_1/re6_sq_1.md
input_ref: systems/re6_sq_1/txt/re6_sq_1.txt
software: axf4 -t 1
version: local-copy
runner: axf4
threads: 1
field: GF(2147483647)
order: degrevlex
hardware_track: 
timeout_s: 600
memory_limit_mb: 16384
peak_memory_mb: 60
status: ok
exit_code: 0
wall_time_seconds: 0.229737
process_wall_time_seconds: 0.229737
started_at_utc: 2026-05-16T19:01:07Z
finished_at_utc: 2026-05-16T19:01:08Z
runner_host: calcul-ouragan
runner_os: Linux-6.1.0-1029-oem-x86_64-with-glibc2.35
runner_machine: x86_64
runner_cpu_count: 32
runner_word_size: 64
runner_python: 3.10.12
command: /home/ademin/GroebnerBenchmark/../axgrob/axf4 -p 2147483647 -v [x1,x2,x3,x4,x5,x6] -t 1 /tmp/gbbench-axf4-n6hchm52/re6_sq_1.txt

[stdout]
F4 algorithm in 6 variables mod p=2147483647, 32 threads

STEP 1
degree=7 pairs=5/5 with pairs limit 2048
12 x 93 with 540 non-zero, 45.0 per row
1.089 bytes per non-zero, matrix encoded in 0.001 MB
10 rows to reduce, blocksize 6, max threads 2, zero reductions 1
new=5 basis=11, step time=0.004 sec

STEP 2
degree=4 pairs=1/5 with pairs limit 2048
3 x 13 with 21 non-zero, 7.0 per row
1.571 bytes per non-zero, matrix encoded in 0.000 MB
2 rows to reduce, blocksize 1, max threads 2, zero reductions 1
new=1 basis=7, step time=0.002 sec

STEP 3
degree=5 pairs=3/5 with pairs limit 2048
15 x 95 with 169 non-zero, 11.3 per row
1.355 bytes per non-zero, matrix encoded in 0.000 MB
6 rows to reduce, blocksize 3, max threads 2, zero reductions 1
new=3 basis=10, step time=0.002 sec

STEP 4
degree=6 pairs=7/8 with pairs limit 2048
43 x 271 with 815 non-zero, 19.0 per row
1.211 bytes per non-zero, matrix encoded in 0.001 MB
14 rows to reduce, blocksize 6, max threads 3, zero reductions 1
new=7 basis=17, step time=0.003 sec

STEP 5
degree=7 pairs=16/17 with pairs limit 2048
108 x 654 with 3189 non-zero, 29.5 per row
1.177 bytes per non-zero, matrix encoded in 0.004 MB
32 rows to reduce, blocksize 9, max threads 4, zero reductions 1
new=11 basis=27, step time=0.004 sec

STEP 6
degree=8 pairs=32/34 with pairs limit 2048
240 x 1171 with 10479 non-zero, 43.7 per row
1.142 bytes per non-zero, matrix encoded in 0.011 MB
64 rows to reduce, blocksize 12, max threads 6, zero reductions 1
new=20 basis=46, step time=0.008 sec

STEP 7
degree=9 pairs=70/74 with pairs limit 2048
546 x 2187 with 42367 non-zero, 77.6 per row
1.117 bytes per non-zero, matrix encoded in 0.045 MB
140 rows to reduce, blocksize 15, max threads 10, zero reductions 1
new=36 basis=82, step time=0.008 sec

STEP 8
degree=8 pairs=22/156 with pairs limit 2048
276 x 1887 with 18774 non-zero, 68.0 per row
1.115 bytes per non-zero, matrix encoded in 0.020 MB
44 rows to reduce, blocksize 9, max threads 5, zero reductions 1
new=22 basis=104, step time=0.003 sec

STEP 9
degree=7 pairs=17/190 with pairs limit 2048
192 x 1364 with 16934 non-zero, 88.2 per row
1.080 bytes per non-zero, matrix encoded in 0.017 MB
34 rows to reduce, blocksize 9, max threads 4, zero reductions 1
new=17 basis=117, step time=0.003 sec

STEP 10
degree=7 pairs=18/197 with pairs limit 4096
176 x 1299 with 24549 non-zero, 139.5 per row
1.045 bytes per non-zero, matrix encoded in 0.024 MB
36 rows to reduce, blocksize 9, max threads 4, zero reductions 1
new=18 basis=133, step time=0.003 sec

STEP 11
degree=6 pairs=6/219 with pairs limit 2048
101 x 843 with 7736 non-zero, 76.6 per row
1.078 bytes per non-zero, matrix encoded in 0.008 MB
12 rows to reduce, blocksize 6, max threads 2, zero reductions 1
new=6 basis=137, step time=0.002 sec

STEP 12
degree=6 pairs=6/219 with pairs limit 4096
101 x 837 with 10676 non-zero, 105.7 per row
1.054 bytes per non-zero, matrix encoded in 0.011 MB
12 rows to reduce, blocksize 6, max threads 2, zero reductions 1
new=6 basis=141, step time=0.003 sec

STEP 13
degree=6 pairs=6/210 with pairs limit 8192
95 x 819 with 13227 non-zero, 139.2 per row
1.038 bytes per non-zero, matrix encoded in 0.013 MB
12 rows to reduce, blocksize 6, max threads 2, zero reductions 1
new=6 basis=145, step time=0.003 sec

STEP 14
degree=6 pairs=6/203 with pairs limit 16384
75 x 726 with 9529 non-zero, 127.1 per row
1.038 bytes per non-zero, matrix encoded in 0.009 MB
12 rows to reduce, blocksize 6, max threads 2, zero reductions 1
new=6 basis=148, step time=0.003 sec

STEP 15
degree=6 pairs=6/207 with pairs limit 32768
78 x 723 with 11749 non-zero, 150.6 per row
1.031 bytes per non-zero, matrix encoded in 0.012 MB
12 rows to reduce, blocksize 6, max threads 2, zero reductions 1
new=6 basis=153, step time=0.003 sec

STEP 16
degree=6 pairs=3/225 with pairs limit 65536
58 x 604 with 6592 non-zero, 113.7 per row
1.038 bytes per non-zero, matrix encoded in 0.007 MB
6 rows to reduce, blocksize 3, max threads 2, zero reductions 1
new=3 basis=156, step time=0.002 sec

STEP 17
degree=6 pairs=4/233 with pairs limit 131072
64 x 603 with 8309 non-zero, 129.8 per row
1.033 bytes per non-zero, matrix encoded in 0.008 MB
8 rows to reduce, blocksize 6, max threads 2, zero reductions 1
new=4 basis=160, step time=0.003 sec

STEP 18
degree=5 pairs=5/237 with pairs limit 2048
50 x 448 with 4106 non-zero, 82.1 per row
1.049 bytes per non-zero, matrix encoded in 0.004 MB
10 rows to reduce, blocksize 6, max threads 2, zero reductions 1
new=5 basis=165, step time=0.002 sec

STEP 19
degree=5 pairs=5/224 with pairs limit 4096
50 x 442 with 5327 non-zero, 106.5 per row
1.038 bytes per non-zero, matrix encoded in 0.005 MB
10 rows to reduce, blocksize 6, max threads 2, zero reductions 1
new=5 basis=167, step time=0.002 sec

STEP 20
degree=5 pairs=6/212 with pairs limit 8192
43 x 411 with 5275 non-zero, 122.7 per row
1.033 bytes per non-zero, matrix encoded in 0.005 MB
12 rows to reduce, blocksize 6, max threads 2, zero reductions 1
new=6 basis=171, step time=0.003 sec

STEP 21
degree=5 pairs=6/207 with pairs limit 16384
46 x 408 with 6078 non-zero, 132.1 per row
1.030 bytes per non-zero, matrix encoded in 0.006 MB
12 rows to reduce, blocksize 6, max threads 2, zero reductions 1
new=6 basis=173, step time=0.003 sec

STEP 22
degree=4 pairs=4/216 with pairs limit 2048
21 x 199 with 1269 non-zero, 60.4 per row
1.066 bytes per non-zero, matrix encoded in 0.001 MB
8 rows to reduce, blocksize 6, max threads 2, zero reductions 1
new=3 basis=173, step time=0.002 sec

STEP 23
degree=5 pairs=15/203 with pairs limit 2048
93 x 437 with 11287 non-zero, 121.4 per row
1.033 bytes per non-zero, matrix encoded in 0.011 MB
30 rows to reduce, blocksize 9, max threads 4, zero reductions 1
new=7 basis=179, step time=0.002 sec

STEP 24
degree=6 pairs=71/203 with pairs limit 2048
368 x 851 with 66613 non-zero, 181.0 per row
1.025 bytes per non-zero, matrix encoded in 0.065 MB
142 rows to reduce, blocksize 15, max threads 10, zero reductions 1
new=28 basis=204, step time=0.004 sec

STEP 25
degree=7 pairs=148/235 with pairs limit 2048
873 x 1468 with 224456 non-zero, 257.1 per row
1.020 bytes per non-zero, matrix encoded in 0.218 MB
296 rows to reduce, blocksize 18, max threads 17, zero reductions 1
new=49 basis=230, step time=0.005 sec

STEP 26
degree=5 pairs=6/301 with pairs limit 2048
59 x 406 with 7216 non-zero, 122.3 per row
1.033 bytes per non-zero, matrix encoded in 0.007 MB
12 rows to reduce, blocksize 6, max threads 2, zero reductions 1
new=4 basis=201, step time=0.003 sec

STEP 27
degree=6 pairs=23/318 with pairs limit 2048
235 x 777 with 43493 non-zero, 185.1 per row
1.023 bytes per non-zero, matrix encoded in 0.042 MB
46 rows to reduce, blocksize 9, max threads 6, zero reductions 1
new=12 basis=212, step time=0.004 sec

STEP 28
degree=5 pairs=3/297 with pairs limit 2048
81 x 433 with 10243 non-zero, 126.5 per row
1.032 bytes per non-zero, matrix encoded in 0.010 MB
6 rows to reduce, blocksize 3, max threads 2, zero reductions 1
new=2 basis=211, step time=0.003 sec

STEP 29
degree=6 pairs=13/301 with pairs limit 2048
245 x 791 with 46718 non-zero, 190.7 per row
1.022 bytes per non-zero, matrix encoded in 0.046 MB
26 rows to reduce, blocksize 6, max threads 5, zero reductions 1
new=8 basis=218, step time=0.003 sec

STEP 30
degree=7 pairs=96/283 with pairs limit 2048
722 x 1330 with 196496 non-zero, 272.2 per row
1.017 bytes per non-zero, matrix encoded in 0.191 MB
192 rows to reduce, blocksize 15, max threads 13, zero reductions 1
new=27 basis=242, step time=0.004 sec

STEP 31
degree=8 pairs=247/308 with pairs limit 2048
1725 x 2227 with 559625 non-zero, 324.4 per row
1.019 bytes per non-zero, matrix encoded in 0.544 MB
494 rows to reduce, blocksize 21, max threads 24, zero reductions 1
new=52 basis=281, step time=0.009 sec

STEP 32
degree=9 pairs=272/306 with pairs limit 2048
2529 x 3081 with 910052 non-zero, 359.8 per row
1.021 bytes per non-zero, matrix encoded in 0.887 MB
544 rows to reduce, blocksize 24, max threads 23, zero reductions 1
new=38 basis=258, step time=0.012 sec

STEP 33
degree=10 pairs=185/221 with pairs limit 2048
3318 x 4084 with 1187213 non-zero, 357.8 per row
1.027 bytes per non-zero, matrix encoded in 1.163 MB
370 rows to reduce, blocksize 21, max threads 18, zero reductions 1
new=17 basis=220, step time=0.012 sec

STEP 34
degree=11 pairs=101/121 with pairs limit 2048
4004 x 4952 with 1419151 non-zero, 354.4 per row
1.032 bytes per non-zero, matrix encoded in 1.397 MB
202 rows to reduce, blocksize 15, max threads 14, zero reductions 1
new=6 basis=225, step time=0.014 sec

STEP 35
degree=12 pairs=41/50 with pairs limit 2048
4703 x 5772 with 1642967 non-zero, 349.3 per row
1.036 bytes per non-zero, matrix encoded in 1.624 MB
82 rows to reduce, blocksize 12, max threads 7, zero reductions 1
new=0 basis=225, step time=0.018 sec

STEP 36
degree=13 pairs=9/9 with pairs limit 2048
5137 x 6271 with 1770453 non-zero, 344.6 per row
1.039 bytes per non-zero, matrix encoded in 1.755 MB
18 rows to reduce, blocksize 6, max threads 3, zero reductions 1
new=0 basis=225, step time=0.017 sec

DONE inter-reduce
591 x 1504 with 284559 non-zero, 481.5 per row
1.009 bytes per non-zero, matrix encoded in 0.274 MB
220 basis elements, 0.189 sec

[stderr]

