run_id: apply-HIV2-axf4-t8
track: apply_vs_axf4__snowy_sky_otter
job_id: apply-HIV2-axf4-t8
system_ref: systems/HIV2/HIV2.md
input_ref: systems/HIV2/txt/HIV2.txt
software: axf4 -t 8
version: local-copy
runner: axf4
threads: 8
field: GF(2147483647)
order: degrevlex
hardware_track: 
timeout_s: 3600
memory_limit_mb: 32768
peak_memory_mb: 240
status: ok
exit_code: 0
wall_time_seconds: 0.087781
process_wall_time_seconds: 0.087781
started_at_utc: 2026-05-17T21:35:54Z
finished_at_utc: 2026-05-17T21:35:54Z
runner_host: calcul-ouragan
runner_os: Linux-6.1.0-1029-oem-x86_64-with-glibc2.35
runner_machine: x86_64
runner_cpu_count: 32
runner_word_size: 64
runner_python: 3.10.12
command: /home/ademin/GroebnerBenchmark/../axgrob/axf4 -p 2147483647 -v [z_9,w_8,y_8,z_8,x_7,v_7,w_7,y_7,z_7,x_6,v_6,w_6,y_6,z_6,x_5,v_5,w_5,y_5,z_5,x_4,v_4,w_4,y_4,z_4,x_3,v_3,w_3,y_3,z_3,x_2,v_2,w_2,y_2,z_2,x_1,v_1,w_1,y_1,z_1,x_0,v_0,w_0,y_0,z_0,z_aux,lm_0,d_0,beta_0,a_0,k_0,u_0,c_0,q_0,b_0,h_0] -t 8 /tmp/gbbench-axf4-q7g8jjmu/HIV2.txt

[stdout]
F4 algorithm in 55 variables mod p=2147483647, 8 threads

STEP 1
degree=3 pairs=28/67 with pairs limit 2048
84 x 162 with 317 non-zero, 3.8 per row
2.060 bytes per non-zero, matrix encoded in 0.001 MB
56 rows to reduce, blocksize 9, max threads 7, zero reductions 1
new=28 basis=87, step time=0.003 sec

STEP 2
degree=3 pairs=21/191 with pairs limit 4096
63 x 143 with 264 non-zero, 4.2 per row
1.955 bytes per non-zero, matrix encoded in 0.000 MB
42 rows to reduce, blocksize 9, max threads 5, zero reductions 1
new=21 basis=108, step time=0.002 sec

STEP 3
degree=4 pairs=235/409 with pairs limit 2048
1405 x 2623 with 5990 non-zero, 4.3 per row
2.892 bytes per non-zero, matrix encoded in 0.017 MB
470 rows to reduce, blocksize 21, max threads 23, zero reductions 1
new=123 basis=231, step time=0.014 sec

STEP 4
degree=3 pairs=43/2282 with pairs limit 2048
129 x 89 with 494 non-zero, 3.8 per row
2.045 bytes per non-zero, matrix encoded in 0.001 MB
86 rows to reduce, blocksize 12, max threads 8, zero reductions 1
new=30 basis=241, step time=0.002 sec

DONE inter-reduce
2 x 1 with 2 non-zero, 1.0 per row
5.000 bytes per non-zero, matrix encoded in 0.000 MB
1 basis elements, 0.022 sec

[stderr]

