run_id: apply-ka6_sq_a-axf4-t8
track: apply_vs_axf4__snowy_sky_otter
job_id: apply-ka6_sq_a-axf4-t8
system_ref: systems/ka6_sq_a/ka6_sq_a.md
input_ref: systems/ka6_sq_a/txt/ka6_sq_a.txt
software: axf4 -t 8
version: local-copy
runner: axf4
threads: 8
field: GF(2147483647)
order: degrevlex
hardware_track: 
timeout_s: 3600
memory_limit_mb: 32768
peak_memory_mb: 753
status: ok
exit_code: 0
wall_time_seconds: 5.746878
process_wall_time_seconds: 5.746878
started_at_utc: 2026-05-16T21:55:27Z
finished_at_utc: 2026-05-16T21:55:33Z
runner_host: calcul-ouragan
runner_os: Linux-6.1.0-1029-oem-x86_64-with-glibc2.35
runner_machine: x86_64
runner_cpu_count: 32
runner_word_size: 64
runner_python: 3.10.12
command: /home/ademin/GroebnerBenchmark/../axgrob/axf4 -p 2147483647 -v [x0,x1,x2,x3,x4,x5,x6] -t 8 /tmp/gbbench-axf4-ymso9k_s/ka6_sq_a.txt

[stdout]
F4 algorithm in 7 variables mod p=2147483647, 8 threads

STEP 1
degree=4 pairs=6/6 with pairs limit 2048
13 x 109 with 1332 non-zero, 102.5 per row
1.039 bytes per non-zero, matrix encoded in 0.001 MB
12 rows to reduce, blocksize 6, max threads 2, zero reductions 1
new=6 basis=13, step time=0.002 sec

STEP 2
degree=4 pairs=2/6 with pairs limit 4096
44 x 330 with 1591 non-zero, 36.2 per row
1.111 bytes per non-zero, matrix encoded in 0.002 MB
4 rows to reduce, blocksize 3, max threads 2, zero reductions 1
new=2 basis=9, step time=0.001 sec

STEP 3
degree=5 pairs=5/9 with pairs limit 2048
140 x 757 with 8812 non-zero, 62.9 per row
1.064 bytes per non-zero, matrix encoded in 0.009 MB
10 rows to reduce, blocksize 6, max threads 2, zero reductions 1
new=5 basis=13, step time=0.001 sec

STEP 4
degree=6 pairs=22/22 with pairs limit 2048
438 x 1585 with 47859 non-zero, 109.3 per row
1.050 bytes per non-zero, matrix encoded in 0.048 MB
44 rows to reduce, blocksize 9, max threads 5, zero reductions 1
new=17 basis=30, step time=0.002 sec

STEP 5
degree=7 pairs=56/56 with pairs limit 2048
1030 x 2916 with 273154 non-zero, 265.2 per row
1.033 bytes per non-zero, matrix encoded in 0.269 MB
112 rows to reduce, blocksize 12, max threads 10, zero reductions 1
new=32 basis=62, step time=0.005 sec

STEP 6
degree=8 pairs=128/128 with pairs limit 2048
2077 x 4843 with 964687 non-zero, 464.5 per row
1.025 bytes per non-zero, matrix encoded in 0.943 MB
256 rows to reduce, blocksize 18, max threads 15, zero reductions 1
new=54 basis=116, step time=0.011 sec

STEP 7
degree=9 pairs=246/246 with pairs limit 2048
3717 x 7405 with 3024312 non-zero, 813.6 per row
1.017 bytes per non-zero, matrix encoded in 2.934 MB
492 rows to reduce, blocksize 21, max threads 24, zero reductions 1
new=86 basis=202, step time=0.033 sec

STEP 8
degree=10 pairs=430/430 with pairs limit 2048
5446 x 9930 with 5830823 non-zero, 1070.7 per row
1.018 bytes per non-zero, matrix encoded in 5.659 MB
860 rows to reduce, blocksize 27, max threads 32, zero reductions 1
new=124 basis=326, step time=0.075 sec

STEP 9
degree=11 pairs=620/620 with pairs limit 2048
8099 x 13205 with 13319685 non-zero, 1644.6 per row
1.012 bytes per non-zero, matrix encoded in 12.858 MB
1240 rows to reduce, blocksize 30, max threads 42, zero reductions 1
new=124 basis=450, step time=0.147 sec

STEP 10
degree=12 pairs=744/744 with pairs limit 2048
9279 x 15015 with 17181007 non-zero, 1851.6 per row
1.011 bytes per non-zero, matrix encoded in 16.573 MB
1488 rows to reduce, blocksize 33, max threads 46, zero reductions 1
new=210 basis=660, step time=0.290 sec

STEP 11
degree=13 pairs=1260/1260 with pairs limit 2048
11795 x 17081 with 26631853 non-zero, 2257.9 per row
1.010 bytes per non-zero, matrix encoded in 25.651 MB
2520 rows to reduce, blocksize 39, max threads 65, zero reductions 1
new=240 basis=900, step time=0.500 sec

STEP 12
degree=14 pairs=1440/1440 with pairs limit 2048
13223 x 18461 with 34708740 non-zero, 2624.9 per row
1.009 bytes per non-zero, matrix encoded in 33.387 MB
2880 rows to reduce, blocksize 42, max threads 69, zero reductions 1
new=216 basis=1116, step time=0.625 sec

STEP 13
degree=15 pairs=1296/1296 with pairs limit 2048
13566 x 19212 with 38130603 non-zero, 2810.7 per row
1.008 bytes per non-zero, matrix encoded in 36.662 MB
2592 rows to reduce, blocksize 39, max threads 67, zero reductions 1
new=160 basis=1276, step time=0.642 sec

STEP 14
degree=16 pairs=960/960 with pairs limit 2048
13183 x 19517 with 37110401 non-zero, 2815.0 per row
1.008 bytes per non-zero, matrix encoded in 35.687 MB
1920 rows to reduce, blocksize 36, max threads 54, zero reductions 1
new=99 basis=1375, step time=0.523 sec

STEP 15
degree=17 pairs=594/594 with pairs limit 2048
12532 x 19576 with 33560447 non-zero, 2678.0 per row
1.009 bytes per non-zero, matrix encoded in 32.290 MB
1188 rows to reduce, blocksize 30, max threads 40, zero reductions 1
new=50 basis=1425, step time=0.383 sec

STEP 16
degree=18 pairs=300/300 with pairs limit 2048
11940 x 19549 with 29671285 non-zero, 2485.0 per row
1.010 bytes per non-zero, matrix encoded in 28.570 MB
600 rows to reduce, blocksize 24, max threads 25, zero reductions 1
new=20 basis=1445, step time=0.236 sec

STEP 17
degree=19 pairs=120/120 with pairs limit 2048
11556 x 19512 with 26831893 non-zero, 2321.9 per row
1.010 bytes per non-zero, matrix encoded in 25.853 MB
240 rows to reduce, blocksize 18, max threads 14, zero reductions 1
new=6 basis=1451, step time=0.162 sec

STEP 18
degree=20 pairs=36/36 with pairs limit 2048
11366 x 19485 with 25342228 non-zero, 2229.7 per row
1.011 bytes per non-zero, matrix encoded in 24.428 MB
72 rows to reduce, blocksize 12, max threads 6, zero reductions 1
new=1 basis=1452, step time=0.128 sec

STEP 19
degree=21 pairs=6/6 with pairs limit 2048
11293 x 19471 with 24760650 non-zero, 2192.6 per row
1.011 bytes per non-zero, matrix encoded in 23.871 MB
12 rows to reduce, blocksize 6, max threads 2, zero reductions 1
new=0 basis=1452, step time=0.105 sec

DONE inter-reduce
2906 x 9647 with 19490004 non-zero, 6706.8 per row
1.001 bytes per non-zero, matrix encoded in 18.598 MB
1451 basis elements, 3.971 sec

[stderr]

