run_id: apply-root-10-axf4-t1
track: apply_vs_axf4__snowy_sky_otter
job_id: apply-root-10-axf4-t1
system_ref: systems/root/root.md
input_ref: systems/root/txt/root_10.txt
software: axf4 -t 1
version: local-copy
runner: axf4
threads: 1
field: GF(2147483647)
order: degrevlex
hardware_track: 
timeout_s: 3600
memory_limit_mb: 32768
peak_memory_mb: 59
status: ok
exit_code: 0
wall_time_seconds: 0.029984
process_wall_time_seconds: 0.029984
started_at_utc: 2026-05-18T03:17:58Z
finished_at_utc: 2026-05-18T03:17:58Z
runner_host: calcul-ouragan
runner_os: Linux-6.1.0-1029-oem-x86_64-with-glibc2.35
runner_machine: x86_64
runner_cpu_count: 32
runner_word_size: 64
runner_python: 3.10.12
command: /home/ademin/GroebnerBenchmark/../axgrob/axf4 -p 2147483647 -v [x1,x2,x3,x4,x5,x6,x7,x8,x9,x10] -t 1 /tmp/gbbench-axf4-qw_9vl3f/root_10.txt

[stdout]
F4 algorithm in 10 variables mod p=2147483647, 1 threads

STEP 1
degree=2 pairs=1/9 with pairs limit 2048
11 x 54 with 145 non-zero, 13.2 per row
1.303 bytes per non-zero, matrix encoded in 0.000 MB
2 rows to reduce, blocksize 1, max threads 2, zero reductions 1
new=1 basis=11, step time=0.001 sec

STEP 2
degree=3 pairs=1/8 with pairs limit 2048
46 x 200 with 850 non-zero, 18.5 per row
1.216 bytes per non-zero, matrix encoded in 0.001 MB
2 rows to reduce, blocksize 1, max threads 2, zero reductions 1
new=1 basis=12, step time=0.001 sec

STEP 3
degree=4 pairs=1/7 with pairs limit 2048
121 x 553 with 3160 non-zero, 26.1 per row
1.153 bytes per non-zero, matrix encoded in 0.003 MB
2 rows to reduce, blocksize 1, max threads 2, zero reductions 1
new=1 basis=13, step time=0.001 sec

STEP 4
degree=5 pairs=1/6 with pairs limit 2048
211 x 1182 with 7822 non-zero, 37.1 per row
1.153 bytes per non-zero, matrix encoded in 0.009 MB
2 rows to reduce, blocksize 1, max threads 2, zero reductions 1
new=1 basis=14, step time=0.001 sec

STEP 5
degree=6 pairs=1/5 with pairs limit 2048
253 x 1970 with 13240 non-zero, 52.3 per row
1.124 bytes per non-zero, matrix encoded in 0.014 MB
2 rows to reduce, blocksize 1, max threads 2, zero reductions 1
new=1 basis=15, step time=0.002 sec

STEP 6
degree=7 pairs=1/4 with pairs limit 2048
211 x 2528 with 15250 non-zero, 72.3 per row
1.115 bytes per non-zero, matrix encoded in 0.016 MB
2 rows to reduce, blocksize 1, max threads 2, zero reductions 1
new=1 basis=16, step time=0.002 sec

STEP 7
degree=8 pairs=1/3 with pairs limit 2048
121 x 2400 with 11485 non-zero, 94.9 per row
1.080 bytes per non-zero, matrix encoded in 0.012 MB
2 rows to reduce, blocksize 1, max threads 2, zero reductions 1
new=1 basis=17, step time=0.001 sec

STEP 8
degree=9 pairs=1/2 with pairs limit 2048
46 x 1536 with 5120 non-zero, 111.3 per row
1.052 bytes per non-zero, matrix encoded in 0.005 MB
2 rows to reduce, blocksize 1, max threads 2, zero reductions 1
new=1 basis=18, step time=0.001 sec

STEP 9
degree=10 pairs=1/1 with pairs limit 2048
11 x 513 with 1034 non-zero, 94.0 per row
1.046 bytes per non-zero, matrix encoded in 0.001 MB
2 rows to reduce, blocksize 1, max threads 2, zero reductions 1
new=1 basis=19, step time=0.000 sec

DONE inter-reduce
20 x 1024 with 2048 non-zero, 102.4 per row
1.043 bytes per non-zero, matrix encoded in 0.002 MB
10 basis elements, 0.010 sec

[stderr]

