run_id: apply-fab_4-groebner
track: apply_vs_axf4__snowy_sky_otter
job_id: apply-fab_4-groebner
system_ref: systems/fab_4/fab_4.md
input_ref: systems/fab_4/txt/fab_4.txt
software: Groebner.groebner
version: 0.10.3
runner: groebner_jl
threads: 1
field: GF(2147483647)
order: degrevlex
hardware_track: 
timeout_s: 3600
memory_limit_mb: 32768
peak_memory_mb: 574
status: ok
exit_code: 0
wall_time_seconds: 0.062221204
process_wall_time_seconds: 1.734414
started_at_utc: 2026-05-17T12:31:50Z
finished_at_utc: 2026-05-17T12:31:52Z
runner_host: calcul-ouragan
runner_os: Linux-6.1.0-1029-oem-x86_64-with-glibc2.35
runner_machine: x86_64
runner_cpu_count: 32
runner_word_size: 64
runner_python: 3.10.12
command: /home/ademin/.juliaup/bin/julia --startup-file=no /tmp/gbbench-groebner-jl-asyd09nm/groebner_jl_worker.jl --input /home/ademin/GroebnerBenchmark/systems/fab_4/txt/fab_4.txt --field GF(2147483647) --order degrevlex --threads 1 --method groebner

[stdout]
GBBENCH_WALL_TIME=0.062221204
GBBENCH_BYTES=59516328
GBBENCH_VERSION=0.10.3

[stderr]

