run_id: apply-Cholera-axf4-t1
track: apply_vs_axf4__snowy_sky_otter
job_id: apply-Cholera-axf4-t1
system_ref: systems/Cholera/Cholera.md
input_ref: systems/Cholera/txt/Cholera.txt
software: axf4 -t 1
version: local-copy
runner: axf4
threads: 1
field: GF(2147483647)
order: degrevlex
hardware_track: 
timeout_s: 3600
memory_limit_mb: 32768
peak_memory_mb: 194
status: ok
exit_code: 0
wall_time_seconds: 0.058474
process_wall_time_seconds: 0.058474
started_at_utc: 2026-05-17T17:32:42Z
finished_at_utc: 2026-05-17T17:32:42Z
runner_host: calcul-ouragan
runner_os: Linux-6.1.0-1029-oem-x86_64-with-glibc2.35
runner_machine: x86_64
runner_cpu_count: 32
runner_word_size: 64
runner_python: 3.10.12
command: /home/ademin/GroebnerBenchmark/../axgrob/axf4 -p 2147483647 -v [i_9,i_8,w_8,s_8,i_7,w_7,r_7,s_7,i_6,w_6,r_6,s_6,i_5,w_5,r_5,s_5,i_4,w_4,r_4,s_4,i_3,w_3,r_3,s_3,i_2,w_2,r_2,s_2,i_1,w_1,r_1,s_1,i_0,w_0,r_0,s_0,z_aux,mu_0,bi_0,bw_0,al_0,g_0,dz_0,k_0] -t 1 /tmp/gbbench-axf4-i_s7gll9/Cholera.txt

[stdout]
F4 algorithm in 44 variables mod p=2147483647, 1 threads

STEP 1
degree=2 pairs=16/93 with pairs limit 2048
48 x 67 with 168 non-zero, 3.5 per row
2.143 bytes per non-zero, matrix encoded in 0.000 MB
32 rows to reduce, blocksize 9, max threads 4, zero reductions 1
new=16 basis=67, step time=0.001 sec

STEP 2
degree=3 pairs=154/156 with pairs limit 2048
914 x 1255 with 3822 non-zero, 4.2 per row
2.875 bytes per non-zero, matrix encoded in 0.010 MB
308 rows to reduce, blocksize 18, max threads 18, zero reductions 1
new=77 basis=144, step time=0.004 sec

DONE inter-reduce
2 x 1 with 2 non-zero, 1.0 per row
5.000 bytes per non-zero, matrix encoded in 0.000 MB
1 basis elements, 0.006 sec

[stderr]

