run_id: apply-gametwo7-groebner-apply
track: apply_vs_axf4__snowy_sky_otter
job_id: apply-gametwo7-groebner-apply
system_ref: systems/gametwo7/gametwo7.md
input_ref: systems/gametwo7/txt/gametwo7.txt
software: Groebner.groebner_apply!
version: 0.10.3
runner: groebner_jl
threads: 1
field: GF(2147483647)
order: degrevlex
hardware_track: 
timeout_s: 600
memory_limit_mb: 16384
peak_memory_mb: 1917
status: ok
exit_code: 0
wall_time_seconds: 5.512627618
process_wall_time_seconds: 55.774978
started_at_utc: 2026-05-16T17:39:34Z
finished_at_utc: 2026-05-16T17:40:30Z
runner_host: calcul-ouragan
runner_os: Linux-6.1.0-1029-oem-x86_64-with-glibc2.35
runner_machine: x86_64
runner_cpu_count: 32
runner_word_size: 64
runner_python: 3.10.12
command: /home/ademin/.juliaup/bin/julia --startup-file=no /tmp/gbbench-groebner-jl-38as3jhb/groebner_jl_worker.jl --input /home/ademin/GroebnerBenchmark/systems/gametwo7/txt/gametwo7.txt --field GF(2147483647) --order degrevlex --threads 1 --method groebner_apply!

[stdout]
GBBENCH_WALL_TIME=5.512627618
GBBENCH_BYTES=5399552240
GBBENCH_VERSION=0.10.3

[stderr]

