run_id: apply-rand_3_2-axf4-t8
track: apply_vs_axf4__snowy_sky_otter
job_id: apply-rand_3_2-axf4-t8
system_ref: systems/rand_3_2/rand_3_2.md
input_ref: systems/rand_3_2/txt/rand_3_2.txt
software: axf4 -t 8
version: local-copy
runner: axf4
threads: 8
field: GF(2147483647)
order: degrevlex
hardware_track: 
timeout_s: 3600
memory_limit_mb: 32768
peak_memory_mb: 23
status: ok
exit_code: 0
wall_time_seconds: 0.009608
process_wall_time_seconds: 0.009608
started_at_utc: 2026-05-17T00:05:40Z
finished_at_utc: 2026-05-17T00:05:40Z
runner_host: calcul-ouragan
runner_os: Linux-6.1.0-1029-oem-x86_64-with-glibc2.35
runner_machine: x86_64
runner_cpu_count: 32
runner_word_size: 64
runner_python: 3.10.12
command: /home/ademin/GroebnerBenchmark/../axgrob/axf4 -p 2147483647 -v [x,y,z] -t 8 /tmp/gbbench-axf4-pwsj555t/rand_3_2.txt

[stdout]
F4 algorithm in 3 variables mod p=2147483647, 8 threads

STEP 1
degree=2 pairs=1/2 with pairs limit 2048
4 x 10 with 24 non-zero, 6.0 per row
1.667 bytes per non-zero, matrix encoded in 0.000 MB
2 rows to reduce, blocksize 1, max threads 2, zero reductions 1
new=1 basis=4, step time=0.001 sec

STEP 2
degree=3 pairs=2/2 with pairs limit 2048
13 x 19 with 86 non-zero, 6.6 per row
1.605 bytes per non-zero, matrix encoded in 0.000 MB
4 rows to reduce, blocksize 3, max threads 2, zero reductions 1
new=2 basis=5, step time=0.000 sec

STEP 3
degree=4 pairs=4/4 with pairs limit 2048
21 x 22 with 158 non-zero, 7.5 per row
1.532 bytes per non-zero, matrix encoded in 0.000 MB
8 rows to reduce, blocksize 6, max threads 2, zero reductions 1
new=1 basis=6, step time=0.000 sec

STEP 4
degree=5 pairs=2/2 with pairs limit 2048
18 x 22 with 148 non-zero, 8.2 per row
1.486 bytes per non-zero, matrix encoded in 0.000 MB
4 rows to reduce, blocksize 3, max threads 2, zero reductions 1
new=0 basis=6, step time=0.000 sec

DONE inter-reduce
12 x 14 with 94 non-zero, 7.8 per row
1.511 bytes per non-zero, matrix encoded in 0.000 MB
6 basis elements, 0.002 sec

[stderr]

