run_id: apply-noon-9-axf4-t1
track: apply_vs_axf4__snowy_sky_otter
job_id: apply-noon-9-axf4-t1
system_ref: systems/noon/noon.md
input_ref: systems/noon/txt/noon_9.txt
software: axf4 -t 1
version: local-copy
runner: axf4
threads: 1
field: GF(2147483647)
order: degrevlex
hardware_track: 
timeout_s: 60
memory_limit_mb: 8192
peak_memory_mb: 515
status: ok
exit_code: 0
wall_time_seconds: 9.241400
process_wall_time_seconds: 9.241400
started_at_utc: 2026-05-16T16:02:49Z
finished_at_utc: 2026-05-16T16:02:58Z
runner_host: calcul-ouragan
runner_os: Linux-6.1.0-1029-oem-x86_64-with-glibc2.35
runner_machine: x86_64
runner_cpu_count: 32
runner_word_size: 64
runner_python: 3.10.12
command: /home/ademin/GroebnerBenchmark/../axgrob/axf4 -p 2147483647 -v [x1,x2,x3,x4,x5,x6,x7,x8,x9] -t 1 /tmp/gbbench-axf4-d6m23_5p/noon_9.txt

[stdout]
F4 algorithm in 9 variables mod p=2147483647, 32 threads

STEP 1
degree=4 pairs=29/29 with pairs limit 2048
94 x 334 with 940 non-zero, 10.0 per row
1.400 bytes per non-zero, matrix encoded in 0.001 MB
58 rows to reduce, blocksize 9, max threads 7, zero reductions 1
new=29 basis=38, step time=0.118 sec

STEP 2
degree=5 pairs=65/142 with pairs limit 2048
265 x 367 with 1330 non-zero, 5.0 per row
1.920 bytes per non-zero, matrix encoded in 0.002 MB
130 rows to reduce, blocksize 15, max threads 9, zero reductions 1
new=9 basis=47, step time=0.004 sec

STEP 3
degree=6 pairs=84/149 with pairs limit 2048
749 x 1748 with 6666 non-zero, 8.9 per row
2.114 bytes per non-zero, matrix encoded in 0.013 MB
168 rows to reduce, blocksize 15, max threads 12, zero reductions 1
new=26 basis=73, step time=0.078 sec

STEP 4
degree=7 pairs=218/268 with pairs limit 2048
2156 x 4525 with 27398 non-zero, 12.7 per row
2.021 bytes per non-zero, matrix encoded in 0.053 MB
436 rows to reduce, blocksize 21, max threads 21, zero reductions 1
new=51 basis=124, step time=0.016 sec

STEP 5
degree=8 pairs=364/442 with pairs limit 2048
4880 x 9164 with 76993 non-zero, 15.8 per row
2.075 bytes per non-zero, matrix encoded in 0.152 MB
728 rows to reduce, blocksize 24, max threads 31, zero reductions 1
new=99 basis=223, step time=0.025 sec

STEP 6
degree=9 pairs=753/843 with pairs limit 2048
10441 x 16693 with 208074 non-zero, 19.9 per row
2.029 bytes per non-zero, matrix encoded in 0.403 MB
1506 rows to reduce, blocksize 33, max threads 46, zero reductions 1
new=193 basis=416, step time=0.051 sec

STEP 7
degree=10 pairs=1520/1592 with pairs limit 2048
20720 x 28772 with 527134 non-zero, 25.4 per row
1.981 bytes per non-zero, matrix encoded in 0.996 MB
3040 rows to reduce, blocksize 42, max threads 73, zero reductions 1
new=359 basis=775, step time=0.099 sec

STEP 8
degree=11 pairs=2048/2893 with pairs limit 2048
23443 x 30250 with 790022 non-zero, 33.7 per row
1.844 bytes per non-zero, matrix encoded in 1.389 MB
4096 rows to reduce, blocksize 48, max threads 86, zero reductions 1
new=519 basis=1294, step time=0.173 sec

STEP 9
degree=11 pairs=845/4997 with pairs limit 4096
19010 x 26822 with 575674 non-zero, 30.3 per row
1.830 bytes per non-zero, matrix encoded in 1.005 MB
1690 rows to reduce, blocksize 33, max threads 52, zero reductions 1
new=84 basis=1378, step time=0.056 sec

STEP 10
degree=12 pairs=2048/4824 with pairs limit 2048
23531 x 30979 with 1144842 non-zero, 48.7 per row
1.644 bytes per non-zero, matrix encoded in 1.795 MB
4096 rows to reduce, blocksize 48, max threads 86, zero reductions 1
new=512 basis=1890, step time=0.252 sec

STEP 11
degree=12 pairs=2776/6872 with pairs limit 4096
46067 x 55208 with 1980726 non-zero, 43.0 per row
1.723 bytes per non-zero, matrix encoded in 3.255 MB
5552 rows to reduce, blocksize 51, max threads 109, zero reductions 1
new=238 basis=2128, step time=0.205 sec

STEP 12
degree=13 pairs=2048/6000 with pairs limit 2048
27222 x 36785 with 1921662 non-zero, 70.6 per row
1.479 bytes per non-zero, matrix encoded in 2.710 MB
4096 rows to reduce, blocksize 48, max threads 86, zero reductions 1
new=518 basis=2646, step time=0.422 sec

STEP 13
degree=13 pairs=3952/8096 with pairs limit 4096
64389 x 73080 with 4209362 non-zero, 65.4 per row
1.538 bytes per non-zero, matrix encoded in 6.175 MB
7904 rows to reduce, blocksize 57, max threads 139, zero reductions 1
new=154 basis=2800, step time=0.258 sec

STEP 14
degree=14 pairs=2048/5376 with pairs limit 2048
31108 x 42227 with 2874011 non-zero, 92.4 per row
1.377 bytes per non-zero, matrix encoded in 3.774 MB
4096 rows to reduce, blocksize 48, max threads 86, zero reductions 1
new=392 basis=3192, step time=0.539 sec

STEP 15
degree=14 pairs=3328/6464 with pairs limit 4096
87422 x 98523 with 6119704 non-zero, 70.0 per row
1.477 bytes per non-zero, matrix encoded in 8.620 MB
6656 rows to reduce, blocksize 54, max threads 124, zero reductions 1
new=76 basis=3268, step time=0.344 sec

STEP 16
degree=15 pairs=2048/3744 with pairs limit 2048
36706 x 48869 with 4211582 non-zero, 114.7 per row
1.308 bytes per non-zero, matrix encoded in 5.254 MB
4096 rows to reduce, blocksize 48, max threads 86, zero reductions 1
new=230 basis=3498, step time=0.546 sec

STEP 17
degree=15 pairs=1696/3536 with pairs limit 4096
97915 x 112325 with 6144376 non-zero, 62.8 per row
1.457 bytes per non-zero, matrix encoded in 8.535 MB
3392 rows to reduce, blocksize 45, max threads 76, zero reductions 1
new=28 basis=3526, step time=0.311 sec

STEP 18
degree=16 pairs=2048/2064 with pairs limit 2048
172561 x 186998 with 9120219 non-zero, 52.9 per row
1.507 bytes per non-zero, matrix encoded in 13.105 MB
4096 rows to reduce, blocksize 48, max threads 86, zero reductions 1
new=111 basis=3637, step time=0.949 sec

STEP 19
degree=16 pairs=16/904 with pairs limit 4096
53673 x 63654 with 1176999 non-zero, 21.9 per row
1.883 bytes per non-zero, matrix encoded in 2.113 MB
32 rows to reduce, blocksize 9, max threads 4, zero reductions 1
new=0 basis=3637, step time=0.148 sec

STEP 20
degree=17 pairs=888/888 with pairs limit 2048
198379 x 214326 with 7887523 non-zero, 39.8 per row
1.607 bytes per non-zero, matrix encoded in 12.091 MB
1776 rows to reduce, blocksize 36, max threads 50, zero reductions 1
new=36 basis=3673, step time=0.764 sec

STEP 21
degree=18 pairs=288/288 with pairs limit 2048
399734 x 416809 with 9418825 non-zero, 23.6 per row
1.967 bytes per non-zero, matrix encoded in 17.671 MB
576 rows to reduce, blocksize 24, max threads 24, zero reductions 1
new=8 basis=3681, step time=1.222 sec

STEP 22
degree=17 pairs=64/64 with pairs limit 2048
443278 x 459662 with 8858739 non-zero, 20.0 per row
2.132 bytes per non-zero, matrix encoded in 18.009 MB
128 rows to reduce, blocksize 15, max threads 9, zero reductions 1
new=1 basis=3682, step time=1.337 sec

STEP 23
degree=18 pairs=8/8 with pairs limit 2048
203849 x 218670 with 4217517 non-zero, 20.7 per row
2.058 bytes per non-zero, matrix encoded in 8.278 MB
16 rows to reduce, blocksize 6, max threads 3, zero reductions 1
new=0 basis=3682, step time=0.557 sec

DONE inter-reduce
7364 x 22639 with 4798638 non-zero, 651.6 per row
1.090 bytes per non-zero, matrix encoded in 4.988 MB
3682 basis elements, 8.606 sec

[stderr]

