run_id: apply-henrion9-groebner-apply-x4
track: apply_vs_axf4__snowy_sky_otter
job_id: apply-henrion9-groebner-apply-x4
system_ref: systems/henrion9/henrion9.md
input_ref: systems/henrion9/txt/henrion9.txt
software: Groebner.groebner_apply! x4
version: 0.10.3
runner: groebner_jl
threads: 1
field: GF(2147483647)
order: degrevlex
hardware_track: 
timeout_s: 3600
memory_limit_mb: 32768
peak_memory_mb: 28842
status: error
exit_code: 134
wall_time_seconds: 2401.050939
process_wall_time_seconds: 2401.050939
started_at_utc: 2026-05-17T19:37:16Z
finished_at_utc: 2026-05-17T20:17:17Z
runner_host: calcul-ouragan
runner_os: Linux-6.1.0-1029-oem-x86_64-with-glibc2.35
runner_machine: x86_64
runner_cpu_count: 32
runner_word_size: 64
runner_python: 3.10.12
command: /home/ademin/.juliaup/bin/julia --startup-file=no /tmp/gbbench-groebner-jl-jpir987z/groebner_jl_worker.jl --input /home/ademin/GroebnerBenchmark/systems/henrion9/txt/henrion9.txt --field GF(2147483647) --order degrevlex --threads 1 --method "groebner_apply! x4"

[stdout]


[stderr]
terminate called after throwing an instance of 'std::bad_alloc'
  what():  std::bad_alloc

[3091680] signal 6 (-6): Abandon
in expression starting at none:0
pthread_kill at /lib/x86_64-linux-gnu/libc.so.6 (unknown line)
raise at /lib/x86_64-linux-gnu/libc.so.6 (unknown line)
abort at /lib/x86_64-linux-gnu/libc.so.6 (unknown line)
unknown function (ip: 0x7f83b04a9a3c) at /home/ademin/.julia/juliaup/julia-1.12.4+0.x64.linux.gnu/bin/../lib/julia/libstdc++.so.6
unknown function (ip: 0x7f83b04bb449) at /home/ademin/.julia/juliaup/julia-1.12.4+0.x64.linux.gnu/bin/../lib/julia/libstdc++.so.6
_ZSt9terminatev at /home/ademin/.julia/juliaup/julia-1.12.4+0.x64.linux.gnu/bin/../lib/julia/libstdc++.so.6 (unknown line)
__cxa_throw at /home/ademin/.julia/juliaup/julia-1.12.4+0.x64.linux.gnu/bin/../lib/julia/libstdc++.so.6 (unknown line)
unknown function (ip: 0x7f83b04a96d6) at /home/ademin/.julia/juliaup/julia-1.12.4+0.x64.linux.gnu/bin/../lib/julia/libstdc++.so.6
unknown function (ip: 0x7f83aa044c7e) at /home/ademin/.julia/juliaup/julia-1.12.4+0.x64.linux.gnu/bin/../lib/julia/libLLVM.so.18.1jl
_ZN4llvm17PMTopLevelManager11setLastUserENS_8ArrayRefIPNS_4PassEEES3_ at /home/ademin/.julia/juliaup/julia-1.12.4+0.x64.linux.gnu/bin/../lib/julia/libLLVM.so.18.1jl (unknown line)
_ZN4llvm13PMDataManager3addEPNS_4PassEb at /home/ademin/.julia/juliaup/julia-1.12.4+0.x64.linux.gnu/bin/../lib/julia/libLLVM.so.18.1jl (unknown line)
_ZN4llvm17PMTopLevelManager12schedulePassEPNS_4PassE at /home/ademin/.julia/juliaup/julia-1.12.4+0.x64.linux.gnu/bin/../lib/julia/libLLVM.so.18.1jl (unknown line)
_ZN4llvm16TargetPassConfig7addPassEPNS_4PassE at /home/ademin/.julia/juliaup/julia-1.12.4+0.x64.linux.gnu/bin/../lib/julia/libLLVM.so.18.1jl (unknown line)
unknown function (ip: 0x7f83ad0c827c) at /home/ademin/.julia/juliaup/julia-1.12.4+0.x64.linux.gnu/bin/../lib/julia/libLLVM.so.18.1jl
_ZN4llvm16TargetPassConfig16addMachinePassesEv at /home/ademin/.julia/juliaup/julia-1.12.4+0.x64.linux.gnu/bin/../lib/julia/libLLVM.so.18.1jl (unknown line)
unknown function (ip: 0x7f83aa31d572) at /home/ademin/.julia/juliaup/julia-1.12.4+0.x64.linux.gnu/bin/../lib/julia/libLLVM.so.18.1jl
_ZN4llvm17LLVMTargetMachine17addPassesToEmitMCERNS_6legacy15PassManagerBaseERPNS_9MCContextERNS_17raw_pwrite_streamEb at /home/ademin/.julia/juliaup/julia-1.12.4+0.x64.linux.gnu/bin/../lib/julia/libLLVM.so.18.1jl (unknown line)
_ZN4llvm3orc14SimpleCompilerclERNS_6ModuleE at /home/ademin/.julia/juliaup/julia-1.12.4+0.x64.linux.gnu/bin/../lib/julia/libLLVM.so.18.1jl (unknown line)
unknown function (ip: 0x7f83af702b6e) at /home/ademin/.julia/juliaup/julia-1.12.4+0.x64.linux.gnu/bin/../lib/julia/libjulia-codegen.so.1.12
unknown function (ip: 0x7f83af6fc988) at /home/ademin/.julia/juliaup/julia-1.12.4+0.x64.linux.gnu/bin/../lib/julia/libjulia-codegen.so.1.12
unknown function (ip: 0x7f83af6fddcb) at /home/ademin/.julia/juliaup/julia-1.12.4+0.x64.linux.gnu/bin/../lib/julia/libjulia-codegen.so.1.12
jl_compile_codeinst_impl at /home/ademin/.julia/juliaup/julia-1.12.4+0.x64.linux.gnu/bin/../lib/julia/libjulia-codegen.so.1.12 (unknown line)
terminate called recursively
