run_id: apply-crauste-1-groebner-apply
track: apply_vs_axf4__snowy_sky_otter
job_id: apply-crauste-1-groebner-apply
system_ref: systems/crauste-1/crauste-1.md
input_ref: systems/crauste-1/txt/crauste-1.txt
software: Groebner.groebner_apply!
version: 0.10.3
runner: groebner_jl
threads: 1
field: GF(2147483647)
order: degrevlex
hardware_track: 
timeout_s: 600
memory_limit_mb: 16384
peak_memory_mb: 627
status: ok
exit_code: 0
wall_time_seconds: 0.016079877
process_wall_time_seconds: 4.479837
started_at_utc: 2026-05-16T17:24:15Z
finished_at_utc: 2026-05-16T17:24:20Z
runner_host: calcul-ouragan
runner_os: Linux-6.1.0-1029-oem-x86_64-with-glibc2.35
runner_machine: x86_64
runner_cpu_count: 32
runner_word_size: 64
runner_python: 3.10.12
command: /home/ademin/.juliaup/bin/julia --startup-file=no /tmp/gbbench-groebner-jl-38as3jhb/groebner_jl_worker.jl --input /home/ademin/GroebnerBenchmark/systems/crauste-1/txt/crauste-1.txt --field GF(2147483647) --order degrevlex --threads 1 --method groebner_apply!

[stdout]
GBBENCH_WALL_TIME=0.016079877
GBBENCH_BYTES=111014072
GBBENCH_VERSION=0.10.3

[stderr]

