run_id: apply-rand_3_3-groebner
track: apply_vs_axf4__snowy_sky_otter
job_id: apply-rand_3_3-groebner
system_ref: systems/rand_3_3/rand_3_3.md
input_ref: systems/rand_3_3/txt/rand_3_3.txt
software: Groebner.groebner
version: 0.10.3
runner: groebner_jl
threads: 1
field: GF(2147483647)
order: degrevlex
hardware_track: 
timeout_s: 3600
memory_limit_mb: 32768
peak_memory_mb: 562
status: ok
exit_code: 0
wall_time_seconds: 0.000290084
process_wall_time_seconds: 1.722558
started_at_utc: 2026-05-17T00:05:40Z
finished_at_utc: 2026-05-17T00:05:41Z
runner_host: calcul-ouragan
runner_os: Linux-6.1.0-1029-oem-x86_64-with-glibc2.35
runner_machine: x86_64
runner_cpu_count: 32
runner_word_size: 64
runner_python: 3.10.12
command: /home/ademin/.juliaup/bin/julia --startup-file=no /tmp/gbbench-groebner-jl-l6964cru/groebner_jl_worker.jl --input /home/ademin/GroebnerBenchmark/systems/rand_3_3/txt/rand_3_3.txt --field GF(2147483647) --order degrevlex --threads 1 --method groebner

[stdout]
GBBENCH_WALL_TIME=0.000290084
GBBENCH_BYTES=336560
GBBENCH_VERSION=0.10.3

[stderr]

