run_id: apply-katsura-13-axf4-t1
track: apply_vs_axf4__snowy_sky_otter
job_id: apply-katsura-13-axf4-t1
system_ref: systems/katsura/katsura.md
input_ref: systems/katsura/txt/katsura_13.txt
software: axf4 -t 1
version: local-copy
runner: axf4
threads: 1
field: GF(2147483647)
order: degrevlex
hardware_track: 
timeout_s: 3600
memory_limit_mb: 32768
peak_memory_mb: 1598
status: ok
exit_code: 0
wall_time_seconds: 191.047133
process_wall_time_seconds: 191.047133
started_at_utc: 2026-05-16T22:54:59Z
finished_at_utc: 2026-05-16T22:58:10Z
runner_host: calcul-ouragan
runner_os: Linux-6.1.0-1029-oem-x86_64-with-glibc2.35
runner_machine: x86_64
runner_cpu_count: 32
runner_word_size: 64
runner_python: 3.10.12
command: /home/ademin/GroebnerBenchmark/../axgrob/axf4 -p 2147483647 -v [x0,x1,x2,x3,x4,x5,x6,x7,x8,x9,x10,x11,x12,x13] -t 1 /tmp/gbbench-axf4-iddencug/katsura_13.txt

[stdout]
F4 algorithm in 14 variables mod p=2147483647, 1 threads

STEP 1
degree=2 pairs=2/18 with pairs limit 2048
30 x 120 with 408 non-zero, 13.6 per row
1.294 bytes per non-zero, matrix encoded in 0.001 MB
4 rows to reduce, blocksize 3, max threads 2, zero reductions 1
new=2 basis=16, step time=0.001 sec

STEP 2
degree=3 pairs=19/19 with pairs limit 2048
309 x 665 with 5338 non-zero, 17.3 per row
1.232 bytes per non-zero, matrix encoded in 0.006 MB
38 rows to reduce, blocksize 9, max threads 5, zero reductions 1
new=17 basis=32, step time=0.002 sec

STEP 3
degree=4 pairs=118/118 with pairs limit 2048
1483 x 2409 with 96284 non-zero, 64.9 per row
1.147 bytes per non-zero, matrix encoded in 0.105 MB
236 rows to reduce, blocksize 18, max threads 14, zero reductions 1
new=76 basis=107, step time=0.016 sec

STEP 4
degree=5 pairs=703/703 with pairs limit 2048
7573 x 8775 with 1192616 non-zero, 157.5 per row
1.113 bytes per non-zero, matrix encoded in 1.265 MB
1406 rows to reduce, blocksize 33, max threads 43, zero reductions 1
new=230 basis=337, step time=0.162 sec

STEP 5
degree=6 pairs=2048/2399 with pairs limit 2048
20026 x 20520 with 6970062 non-zero, 348.1 per row
1.080 bytes per non-zero, matrix encoded in 7.179 MB
4096 rows to reduce, blocksize 48, max threads 86, zero reductions 1
new=492 basis=829, step time=0.975 sec

STEP 6
degree=6 pairs=351/5792 with pairs limit 4096
22532 x 25933 with 4977354 non-zero, 220.9 per row
1.122 bytes per non-zero, matrix encoded in 5.325 MB
702 rows to reduce, blocksize 24, max threads 30, zero reductions 1
new=8 basis=837, step time=0.344 sec

STEP 7
degree=7 pairs=2048/5528 with pairs limit 2048
28338 x 30036 with 13334788 non-zero, 470.6 per row
1.069 bytes per non-zero, matrix encoded in 13.597 MB
4096 rows to reduce, blocksize 48, max threads 86, zero reductions 1
new=427 basis=1264, step time=1.987 sec

STEP 8
degree=7 pairs=3480/8263 with pairs limit 4096
62896 x 62113 with 27617792 non-zero, 439.1 per row
1.099 bytes per non-zero, matrix encoded in 28.936 MB
6960 rows to reduce, blocksize 57, max threads 123, zero reductions 1
new=366 basis=1630, step time=4.086 sec

STEP 9
degree=8 pairs=2048/9053 with pairs limit 2048
43945 x 46869 with 24524575 non-zero, 558.1 per row
1.066 bytes per non-zero, matrix encoded in 24.937 MB
4096 rows to reduce, blocksize 48, max threads 86, zero reductions 1
new=381 basis=2011, step time=4.360 sec

STEP 10
degree=8 pairs=4096/11339 with pairs limit 4096
84363 x 83698 with 51109785 non-zero, 605.8 per row
1.082 bytes per non-zero, matrix encoded in 52.721 MB
8192 rows to reduce, blocksize 60, max threads 137, zero reductions 1
new=429 basis=2440, step time=9.368 sec

STEP 11
degree=8 pairs=2909/12301 with pairs limit 8192
110779 x 112173 with 53846104 non-zero, 486.1 per row
1.107 bytes per non-zero, matrix encoded in 56.869 MB
5818 rows to reduce, blocksize 51, max threads 115, zero reductions 1
new=114 basis=2554, step time=6.682 sec

STEP 12
degree=9 pairs=2048/10758 with pairs limit 2048
71495 x 75354 with 44186987 non-zero, 618.0 per row
1.069 bytes per non-zero, matrix encoded in 45.046 MB
4096 rows to reduce, blocksize 48, max threads 86, zero reductions 1
new=336 basis=2890, step time=8.875 sec

STEP 13
degree=9 pairs=4096/12607 with pairs limit 4096
139445 x 139269 with 82932445 non-zero, 594.7 per row
1.094 bytes per non-zero, matrix encoded in 86.496 MB
8192 rows to reduce, blocksize 60, max threads 137, zero reductions 1
new=271 basis=3161, step time=12.905 sec

STEP 14
degree=9 pairs=4614/11743 with pairs limit 8192
143119 x 141889 with 102132833 non-zero, 713.6 per row
1.090 bytes per non-zero, matrix encoded in 106.151 MB
9228 rows to reduce, blocksize 60, max threads 154, zero reductions 1
new=185 basis=3346, step time=14.892 sec

STEP 15
degree=10 pairs=2048/9339 with pairs limit 2048
105368 x 109603 with 71418638 non-zero, 677.8 per row
1.073 bytes per non-zero, matrix encoded in 73.073 MB
4096 rows to reduce, blocksize 48, max threads 86, zero reductions 1
new=284 basis=3630, step time=14.011 sec

STEP 16
degree=10 pairs=4096/10648 with pairs limit 4096
149715 x 149762 with 115259839 non-zero, 769.9 per row
1.081 bytes per non-zero, matrix encoded in 118.857 MB
8192 rows to reduce, blocksize 60, max threads 137, zero reductions 1
new=150 basis=3780, step time=15.819 sec

STEP 17
degree=10 pairs=3195/8349 with pairs limit 8192
148444 x 150214 with 117462699 non-zero, 791.3 per row
1.081 bytes per non-zero, matrix encoded in 121.151 MB
6390 rows to reduce, blocksize 54, max threads 119, zero reductions 1
new=61 basis=3841, step time=14.659 sec

STEP 18
degree=11 pairs=2048/5885 with pairs limit 2048
138307 x 142536 with 98915476 non-zero, 715.2 per row
1.081 bytes per non-zero, matrix encoded in 101.944 MB
4096 rows to reduce, blocksize 48, max threads 86, zero reductions 1
new=154 basis=3995, step time=15.745 sec

STEP 19
degree=11 pairs=3837/5674 with pairs limit 4096
158877 x 159446 with 149341840 non-zero, 940.0 per row
1.075 bytes per non-zero, matrix encoded in 153.034 MB
7674 rows to reduce, blocksize 57, max threads 135, zero reductions 1
new=66 basis=4061, step time=17.679 sec

STEP 20
degree=12 pairs=2048/2629 with pairs limit 2048
140513 x 144669 with 119455048 non-zero, 850.1 per row
1.073 bytes per non-zero, matrix encoded in 122.280 MB
4096 rows to reduce, blocksize 48, max threads 86, zero reductions 1
new=62 basis=4123, step time=13.981 sec

STEP 21
degree=12 pairs=581/1324 with pairs limit 4096
147316 x 154348 with 113896813 non-zero, 773.1 per row
1.083 bytes per non-zero, matrix encoded in 117.682 MB
1162 rows to reduce, blocksize 30, max threads 39, zero reductions 1
new=4 basis=4127, step time=8.581 sec

STEP 22
degree=13 pairs=791/791 with pairs limit 2048
147791 x 154412 with 119723437 non-zero, 810.1 per row
1.079 bytes per non-zero, matrix encoded in 123.164 MB
1582 rows to reduce, blocksize 33, max threads 48, zero reductions 1
new=12 basis=4139, step time=9.753 sec

STEP 23
degree=14 pairs=144/144 with pairs limit 2048
141447 x 149351 with 112482507 non-zero, 795.2 per row
1.084 bytes per non-zero, matrix encoded in 116.243 MB
288 rows to reduce, blocksize 18, max threads 16, zero reductions 1
new=1 basis=4140, step time=6.236 sec

STEP 24
degree=15 pairs=12/12 with pairs limit 2048
132060 x 140227 with 82563404 non-zero, 625.2 per row
1.087 bytes per non-zero, matrix encoded in 85.550 MB
24 rows to reduce, blocksize 6, max threads 4, zero reductions 1
new=0 basis=4140, step time=3.869 sec

DONE inter-reduce
8291 x 12343 with 45332577 non-zero, 5467.7 per row
1.001 bytes per non-zero, matrix encoded in 43.271 MB
4140 basis elements, 187.252 sec

[stderr]

