run_id: apply-cyclic-9-axf4-t1
track: apply_vs_axf4__snowy_sky_otter
job_id: apply-cyclic-9-axf4-t1
system_ref: systems/cyclic/cyclic.md
input_ref: systems/cyclic/txt/cyclic_9.txt
software: axf4 -t 1
version: local-copy
runner: axf4
threads: 1
field: GF(2147483647)
order: degrevlex
hardware_track: 
timeout_s: 600
memory_limit_mb: 16384
peak_memory_mb: 1245
status: ok
exit_code: 0
wall_time_seconds: 7.362198
process_wall_time_seconds: 7.362198
started_at_utc: 2026-05-16T17:34:56Z
finished_at_utc: 2026-05-16T17:35:03Z
runner_host: calcul-ouragan
runner_os: Linux-6.1.0-1029-oem-x86_64-with-glibc2.35
runner_machine: x86_64
runner_cpu_count: 32
runner_word_size: 64
runner_python: 3.10.12
command: /home/ademin/GroebnerBenchmark/../axgrob/axf4 -p 2147483647 -v [z1,z2,z3,z4,z5,z6,z7,z8,z9] -t 1 /tmp/gbbench-axf4-bdd1cvh7/cyclic_9.txt

[stdout]
F4 algorithm in 9 variables mod p=2147483647, 32 threads

STEP 1
degree=2 pairs=1/8 with pairs limit 2048
4 x 22 with 36 non-zero, 9.0 per row
1.444 bytes per non-zero, matrix encoded in 0.000 MB
2 rows to reduce, blocksize 1, max threads 2, zero reductions 1
new=1 basis=10, step time=0.004 sec

STEP 2
degree=3 pairs=1/7 with pairs limit 2048
7 x 47 with 81 non-zero, 11.6 per row
1.346 bytes per non-zero, matrix encoded in 0.000 MB
2 rows to reduce, blocksize 1, max threads 2, zero reductions 1
new=1 basis=11, step time=0.002 sec

STEP 3
degree=4 pairs=2/7 with pairs limit 2048
19 x 156 with 379 non-zero, 19.9 per row
1.201 bytes per non-zero, matrix encoded in 0.000 MB
4 rows to reduce, blocksize 3, max threads 2, zero reductions 1
new=2 basis=13, step time=0.003 sec

STEP 4
degree=5 pairs=4/8 with pairs limit 2048
65 x 360 with 1898 non-zero, 29.2 per row
1.137 bytes per non-zero, matrix encoded in 0.002 MB
8 rows to reduce, blocksize 6, max threads 2, zero reductions 1
new=3 basis=16, step time=0.008 sec

STEP 5
degree=6 pairs=9/12 with pairs limit 2048
117 x 717 with 7059 non-zero, 60.3 per row
1.066 bytes per non-zero, matrix encoded in 0.007 MB
18 rows to reduce, blocksize 6, max threads 3, zero reductions 1
new=7 basis=23, step time=0.005 sec

STEP 6
degree=7 pairs=22/24 with pairs limit 2048
356 x 1591 with 35133 non-zero, 98.7 per row
1.059 bytes per non-zero, matrix encoded in 0.035 MB
44 rows to reduce, blocksize 9, max threads 5, zero reductions 1
new=13 basis=36, step time=0.025 sec

STEP 7
degree=8 pairs=47/48 with pairs limit 2048
899 x 3123 with 146865 non-zero, 163.4 per row
1.057 bytes per non-zero, matrix encoded in 0.148 MB
94 rows to reduce, blocksize 12, max threads 8, zero reductions 1
new=24 basis=60, step time=0.009 sec

STEP 8
degree=9 pairs=106/110 with pairs limit 2048
1763 x 5169 with 438094 non-zero, 248.5 per row
1.055 bytes per non-zero, matrix encoded in 0.441 MB
212 rows to reduce, blocksize 15, max threads 15, zero reductions 1
new=51 basis=111, step time=0.013 sec

STEP 9
degree=10 pairs=255/257 with pairs limit 2048
3549 x 8160 with 1627504 non-zero, 458.6 per row
1.040 bytes per non-zero, matrix encoded in 1.615 MB
510 rows to reduce, blocksize 21, max threads 25, zero reductions 1
new=109 basis=220, step time=0.032 sec

STEP 10
degree=11 pairs=568/577 with pairs limit 2048
6263 x 12024 with 5012012 non-zero, 800.3 per row
1.028 bytes per non-zero, matrix encoded in 4.911 MB
1136 rows to reduce, blocksize 30, max threads 38, zero reductions 1
new=182 basis=402, step time=0.070 sec

STEP 11
degree=12 pairs=1042/1042 with pairs limit 2048
11070 x 18003 with 11971068 non-zero, 1081.4 per row
1.025 bytes per non-zero, matrix encoded in 11.702 MB
2084 rows to reduce, blocksize 36, max threads 58, zero reductions 1
new=327 basis=729, step time=0.163 sec

STEP 12
degree=13 pairs=1918/1921 with pairs limit 2048
19999 x 27663 with 27266672 non-zero, 1363.4 per row
1.025 bytes per non-zero, matrix encoded in 26.648 MB
3836 rows to reduce, blocksize 45, max threads 86, zero reductions 1
new=498 basis=1227, step time=0.419 sec

STEP 13
degree=14 pairs=2048/2995 with pairs limit 2048
15280 x 20420 with 28879439 non-zero, 1890.0 per row
1.014 bytes per non-zero, matrix encoded in 27.922 MB
4096 rows to reduce, blocksize 48, max threads 86, zero reductions 1
new=652 basis=1879, step time=0.769 sec

STEP 14
degree=6 pairs=4/5008 with pairs limit 2048
122 x 859 with 8126 non-zero, 66.6 per row
1.063 bytes per non-zero, matrix encoded in 0.008 MB
8 rows to reduce, blocksize 6, max threads 2, zero reductions 1
new=4 basis=1883, step time=0.017 sec

STEP 15
degree=7 pairs=19/4982 with pairs limit 2048
495 x 1978 with 64358 non-zero, 130.0 per row
1.057 bytes per non-zero, matrix encoded in 0.065 MB
38 rows to reduce, blocksize 9, max threads 5, zero reductions 1
new=12 basis=1895, step time=0.008 sec

STEP 16
degree=8 pairs=61/4936 with pairs limit 2048
1254 x 3641 with 300006 non-zero, 239.2 per row
1.045 bytes per non-zero, matrix encoded in 0.299 MB
122 rows to reduce, blocksize 12, max threads 11, zero reductions 1
new=27 basis=1922, step time=0.014 sec

STEP 17
degree=9 pairs=157/4952 with pairs limit 2048
2466 x 6063 with 1103627 non-zero, 447.5 per row
1.033 bytes per non-zero, matrix encoded in 1.087 MB
314 rows to reduce, blocksize 18, max threads 18, zero reductions 1
new=62 basis=1976, step time=0.040 sec

STEP 18
degree=10 pairs=401/5101 with pairs limit 2048
5008 x 9788 with 3648309 non-zero, 728.5 per row
1.026 bytes per non-zero, matrix encoded in 3.569 MB
802 rows to reduce, blocksize 27, max threads 30, zero reductions 1
new=110 basis=2070, step time=0.075 sec

STEP 19
degree=11 pairs=745/5384 with pairs limit 2048
9855 x 16007 with 9400649 non-zero, 953.9 per row
1.025 bytes per non-zero, matrix encoded in 9.192 MB
1490 rows to reduce, blocksize 33, max threads 46, zero reductions 1
new=179 basis=2195, step time=0.175 sec

STEP 20
degree=12 pairs=1266/5666 with pairs limit 2048
17413 x 24483 with 20435229 non-zero, 1173.6 per row
1.026 bytes per non-zero, matrix encoded in 19.986 MB
2532 rows to reduce, blocksize 39, max threads 65, zero reductions 1
new=267 basis=2378, step time=0.373 sec

STEP 21
degree=13 pairs=1914/5400 with pairs limit 2048
28822 x 36747 with 39318682 non-zero, 1364.2 per row
1.027 bytes per non-zero, matrix encoded in 38.522 MB
3828 rows to reduce, blocksize 45, max threads 86, zero reductions 1
new=366 basis=2591, step time=0.619 sec

STEP 22
degree=14 pairs=2048/4627 with pairs limit 2048
18875 x 23247 with 35112322 non-zero, 1860.3 per row
1.015 bytes per non-zero, matrix encoded in 33.973 MB
4096 rows to reduce, blocksize 48, max threads 86, zero reductions 1
new=464 basis=2816, step time=0.639 sec

STEP 23
degree=14 pairs=876/5555 with pairs limit 4096
44463 x 56217 with 55983051 non-zero, 1259.1 per row
1.038 bytes per non-zero, matrix encoded in 55.429 MB
1752 rows to reduce, blocksize 36, max threads 49, zero reductions 1
new=55 basis=2631, step time=0.560 sec

STEP 24
degree=15 pairs=2048/5042 with pairs limit 2048
12666 x 15642 with 25134732 non-zero, 1984.4 per row
1.010 bytes per non-zero, matrix encoded in 24.217 MB
4096 rows to reduce, blocksize 48, max threads 86, zero reductions 1
new=877 basis=3440, step time=0.917 sec

STEP 25
degree=7 pairs=306/7175 with pairs limit 2048
1735 x 2949 with 976402 non-zero, 562.8 per row
1.014 bytes per non-zero, matrix encoded in 0.944 MB
612 rows to reduce, blocksize 24, max threads 26, zero reductions 1
new=306 basis=3533, step time=0.133 sec

STEP 26
degree=8 pairs=1699/5943 with pairs limit 2048
6441 x 4970 with 6388591 non-zero, 991.9 per row
1.011 bytes per non-zero, matrix encoded in 6.159 MB
3398 rows to reduce, blocksize 45, max threads 76, zero reductions 1
new=756 basis=4175, step time=0.280 sec

STEP 27
degree=9 pairs=2048/7933 with pairs limit 2048
6272 x 3280 with 5691696 non-zero, 907.5 per row
1.009 bytes per non-zero, matrix encoded in 5.475 MB
4096 rows to reduce, blocksize 48, max threads 86, zero reductions 1
new=31 basis=4118, step time=0.057 sec

STEP 28
degree=9 pairs=2983/6092 with pairs limit 4096
12644 x 7899 with 11201923 non-zero, 885.9 per row
1.015 bytes per non-zero, matrix encoded in 10.847 MB
5966 rows to reduce, blocksize 54, max threads 111, zero reductions 1
new=0 basis=4117, step time=0.060 sec

STEP 29
degree=10 pairs=341/3109 with pairs limit 2048
12334 x 12964 with 9365058 non-zero, 759.3 per row
1.025 bytes per non-zero, matrix encoded in 9.155 MB
682 rows to reduce, blocksize 24, max threads 29, zero reductions 1
new=29 basis=4069, step time=0.088 sec

STEP 30
degree=11 pairs=401/2885 with pairs limit 2048
19139 x 19681 with 14106371 non-zero, 737.0 per row
1.033 bytes per non-zero, matrix encoded in 13.902 MB
802 rows to reduce, blocksize 27, max threads 30, zero reductions 1
new=21 basis=3958, step time=0.098 sec

STEP 31
degree=12 pairs=529/2631 with pairs limit 2048
28568 x 28967 with 20889408 non-zero, 731.2 per row
1.043 bytes per non-zero, matrix encoded in 20.776 MB
1058 rows to reduce, blocksize 30, max threads 36, zero reductions 1
new=68 basis=3798, step time=0.175 sec

STEP 32
degree=13 pairs=1015/2578 with pairs limit 2048
41411 x 40992 with 29741918 non-zero, 718.2 per row
1.051 bytes per non-zero, matrix encoded in 29.808 MB
2030 rows to reduce, blocksize 36, max threads 57, zero reductions 1
new=164 basis=3580, step time=0.235 sec

STEP 33
degree=14 pairs=1911/2711 with pairs limit 2048
68261 x 66302 with 44994704 non-zero, 659.2 per row
1.071 bytes per non-zero, matrix encoded in 45.964 MB
3822 rows to reduce, blocksize 45, max threads 85, zero reductions 1
new=330 basis=3371, step time=0.416 sec

STEP 34
degree=15 pairs=2048/3110 with pairs limit 2048
5720 x 3158 with 4611054 non-zero, 806.1 per row
1.009 bytes per non-zero, matrix encoded in 4.435 MB
4096 rows to reduce, blocksize 48, max threads 86, zero reductions 1
new=504 basis=3112, step time=0.175 sec

STEP 35
degree=7 pairs=2048/5074 with pairs limit 2048
5808 x 2675 with 4295759 non-zero, 739.6 per row
1.010 bytes per non-zero, matrix encoded in 4.137 MB
4096 rows to reduce, blocksize 48, max threads 86, zero reductions 1
new=153 basis=3264, step time=0.063 sec

STEP 36
degree=7 pairs=183/4199 with pairs limit 4096
2460 x 2904 with 1469209 non-zero, 597.2 per row
1.013 bytes per non-zero, matrix encoded in 1.419 MB
366 rows to reduce, blocksize 21, max threads 18, zero reductions 1
new=0 basis=3119, step time=0.013 sec

STEP 37
degree=8 pairs=1674/4016 with pairs limit 2048
6095 x 3571 with 4366077 non-zero, 716.3 per row
1.013 bytes per non-zero, matrix encoded in 4.219 MB
3348 rows to reduce, blocksize 42, max threads 80, zero reductions 1
new=0 basis=3117, step time=0.024 sec

STEP 38
degree=9 pairs=31/2342 with pairs limit 2048
943 x 1690 with 687343 non-zero, 728.9 per row
1.008 bytes per non-zero, matrix encoded in 0.661 MB
62 rows to reduce, blocksize 9, max threads 7, zero reductions 1
new=1 basis=2476, step time=0.007 sec

STEP 39
degree=10 pairs=32/2319 with pairs limit 2048
1230 x 1975 with 697688 non-zero, 567.2 per row
1.013 bytes per non-zero, matrix encoded in 0.674 MB
64 rows to reduce, blocksize 12, max threads 6, zero reductions 1
new=3 basis=2450, step time=0.008 sec

STEP 40
degree=11 pairs=42/2311 with pairs limit 2048
1251 x 2000 with 711912 non-zero, 569.1 per row
1.012 bytes per non-zero, matrix encoded in 0.687 MB
84 rows to reduce, blocksize 12, max threads 7, zero reductions 1
new=21 basis=2452, step time=0.015 sec

STEP 41
degree=12 pairs=215/2436 with pairs limit 2048
1620 x 2078 with 1001477 non-zero, 618.2 per row
1.011 bytes per non-zero, matrix encoded in 0.965 MB
430 rows to reduce, blocksize 21, max threads 21, zero reductions 1
new=68 basis=2499, step time=0.029 sec

STEP 42
degree=13 pairs=632/2765 with pairs limit 2048
2514 x 2236 with 1701646 non-zero, 676.9 per row
1.009 bytes per non-zero, matrix encoded in 1.638 MB
1264 rows to reduce, blocksize 30, max threads 43, zero reductions 1
new=156 basis=2587, step time=0.059 sec

STEP 43
degree=14 pairs=1232/3103 with pairs limit 2048
3966 x 2482 with 2853983 non-zero, 719.6 per row
1.009 bytes per non-zero, matrix encoded in 2.745 MB
2464 rows to reduce, blocksize 39, max threads 64, zero reductions 1
new=140 basis=2486, step time=0.058 sec

STEP 44
degree=15 pairs=1874/2287 with pairs limit 2048
18939 x 16185 with 14320222 non-zero, 756.1 per row
1.024 bytes per non-zero, matrix encoded in 13.987 MB
3748 rows to reduce, blocksize 45, max threads 84, zero reductions 1
new=94 basis=2434, step time=0.106 sec

STEP 45
degree=16 pairs=1071/1071 with pairs limit 2048
3773 x 2477 with 2730289 non-zero, 723.6 per row
1.009 bytes per non-zero, matrix encoded in 2.627 MB
2142 rows to reduce, blocksize 36, max threads 60, zero reductions 1
new=0 basis=1415, step time=0.013 sec

DONE inter-reduce
2846 x 7956 with 2360960 non-zero, 829.6 per row
1.008 bytes per non-zero, matrix encoded in 2.269 MB
1344 basis elements, 7.107 sec

[stderr]

