run_id: apply-noon-8-groebner-apply
track: apply_vs_axf4__snowy_sky_otter
job_id: apply-noon-8-groebner-apply
system_ref: systems/noon/noon.md
input_ref: systems/noon/txt/noon_8.txt
software: Groebner.groebner_apply!
version: 0.10.3
runner: groebner_jl
threads: 1
field: GF(2147483647)
order: degrevlex
hardware_track: 
timeout_s: 3600
memory_limit_mb: 32768
peak_memory_mb: 857
status: ok
exit_code: 0
wall_time_seconds: 0.635978714
process_wall_time_seconds: 6.975796
started_at_utc: 2026-05-17T00:04:30Z
finished_at_utc: 2026-05-17T00:04:37Z
runner_host: calcul-ouragan
runner_os: Linux-6.1.0-1029-oem-x86_64-with-glibc2.35
runner_machine: x86_64
runner_cpu_count: 32
runner_word_size: 64
runner_python: 3.10.12
command: /home/ademin/.juliaup/bin/julia --startup-file=no /tmp/gbbench-groebner-jl-l6964cru/groebner_jl_worker.jl --input /home/ademin/GroebnerBenchmark/systems/noon/txt/noon_8.txt --field GF(2147483647) --order degrevlex --threads 1 --method groebner_apply!

[stdout]
GBBENCH_WALL_TIME=0.635978714
GBBENCH_BYTES=901896096
GBBENCH_VERSION=0.10.3

[stderr]

