run_id: apply-root-8-axf4-t8
track: apply_vs_axf4__snowy_sky_otter
job_id: apply-root-8-axf4-t8
system_ref: systems/root/root.md
input_ref: systems/root/txt/root_8.txt
software: axf4 -t 8
version: local-copy
runner: axf4
threads: 8
field: GF(2147483647)
order: degrevlex
hardware_track: 
timeout_s: 3600
memory_limit_mb: 32768
peak_memory_mb: 48
status: ok
exit_code: 0
wall_time_seconds: 0.024475
process_wall_time_seconds: 0.024475
started_at_utc: 2026-05-18T03:17:36Z
finished_at_utc: 2026-05-18T03:17:36Z
runner_host: calcul-ouragan
runner_os: Linux-6.1.0-1029-oem-x86_64-with-glibc2.35
runner_machine: x86_64
runner_cpu_count: 32
runner_word_size: 64
runner_python: 3.10.12
command: /home/ademin/GroebnerBenchmark/../axgrob/axf4 -p 2147483647 -v [x1,x2,x3,x4,x5,x6,x7,x8] -t 8 /tmp/gbbench-axf4-nuc8vps_/root_8.txt

[stdout]
F4 algorithm in 8 variables mod p=2147483647, 8 threads

STEP 1
degree=2 pairs=1/7 with pairs limit 2048
9 x 35 with 92 non-zero, 10.2 per row
1.391 bytes per non-zero, matrix encoded in 0.000 MB
2 rows to reduce, blocksize 1, max threads 2, zero reductions 1
new=1 basis=9, step time=0.001 sec

STEP 2
degree=3 pairs=1/6 with pairs limit 2048
29 x 104 with 400 non-zero, 13.8 per row
1.290 bytes per non-zero, matrix encoded in 0.000 MB
2 rows to reduce, blocksize 1, max threads 2, zero reductions 1
new=1 basis=10, step time=0.002 sec

STEP 3
degree=4 pairs=1/5 with pairs limit 2048
57 x 225 with 1058 non-zero, 18.6 per row
1.216 bytes per non-zero, matrix encoded in 0.001 MB
2 rows to reduce, blocksize 1, max threads 2, zero reductions 1
new=1 basis=11, step time=0.001 sec

STEP 4
degree=5 pairs=1/4 with pairs limit 2048
71 x 360 with 1744 non-zero, 24.6 per row
1.163 bytes per non-zero, matrix encoded in 0.002 MB
2 rows to reduce, blocksize 1, max threads 2, zero reductions 1
new=1 basis=12, step time=0.001 sec

STEP 5
degree=6 pairs=1/3 with pairs limit 2048
57 x 416 with 1772 non-zero, 31.1 per row
1.129 bytes per non-zero, matrix encoded in 0.002 MB
2 rows to reduce, blocksize 1, max threads 2, zero reductions 1
new=1 basis=13, step time=0.001 sec

STEP 6
degree=7 pairs=1/2 with pairs limit 2048
29 x 320 with 1024 non-zero, 35.3 per row
1.113 bytes per non-zero, matrix encoded in 0.001 MB
2 rows to reduce, blocksize 1, max threads 2, zero reductions 1
new=1 basis=14, step time=0.001 sec

STEP 7
degree=8 pairs=1/1 with pairs limit 2048
9 x 129 with 264 non-zero, 29.3 per row
1.136 bytes per non-zero, matrix encoded in 0.000 MB
2 rows to reduce, blocksize 1, max threads 2, zero reductions 1
new=1 basis=15, step time=0.001 sec

DONE inter-reduce
16 x 256 with 512 non-zero, 32.0 per row
1.125 bytes per non-zero, matrix encoded in 0.001 MB
8 basis elements, 0.009 sec

[stderr]

