run_id: apply-chandra-8-groebner
track: apply_vs_axf4__snowy_sky_otter
job_id: apply-chandra-8-groebner
system_ref: systems/chandra/chandra.md
input_ref: systems/chandra/txt/chandra_8.txt
software: Groebner.groebner
version: 0.10.3
runner: groebner_jl
threads: 1
field: GF(2147483647)
order: degrevlex
hardware_track: 
timeout_s: 600
memory_limit_mb: 16384
peak_memory_mb: 589
status: ok
exit_code: 0
wall_time_seconds: 0.022799049
process_wall_time_seconds: 2.964725
started_at_utc: 2026-05-16T17:23:45Z
finished_at_utc: 2026-05-16T17:23:48Z
runner_host: calcul-ouragan
runner_os: Linux-6.1.0-1029-oem-x86_64-with-glibc2.35
runner_machine: x86_64
runner_cpu_count: 32
runner_word_size: 64
runner_python: 3.10.12
command: /home/ademin/.juliaup/bin/julia --startup-file=no /tmp/gbbench-groebner-jl-38as3jhb/groebner_jl_worker.jl --input /home/ademin/GroebnerBenchmark/systems/chandra/txt/chandra_8.txt --field GF(2147483647) --order degrevlex --threads 1 --method groebner

[stdout]
GBBENCH_WALL_TIME=0.022799049
GBBENCH_BYTES=16702784
GBBENCH_VERSION=0.10.3

[stderr]

