run_id: apply-eco-10-axf4-t8
track: apply_vs_axf4__snowy_sky_otter
job_id: apply-eco-10-axf4-t8
system_ref: systems/eco/eco.md
input_ref: systems/eco/txt/eco_10.txt
software: axf4 -t 8
version: local-copy
runner: axf4
threads: 8
field: GF(2147483647)
order: degrevlex
hardware_track: 
timeout_s: 3600
memory_limit_mb: 32768
peak_memory_mb: 63
status: ok
exit_code: 0
wall_time_seconds: 0.076245
process_wall_time_seconds: 0.076245
started_at_utc: 2026-05-17T17:48:10Z
finished_at_utc: 2026-05-17T17:48:10Z
runner_host: calcul-ouragan
runner_os: Linux-6.1.0-1029-oem-x86_64-with-glibc2.35
runner_machine: x86_64
runner_cpu_count: 32
runner_word_size: 64
runner_python: 3.10.12
command: /home/ademin/GroebnerBenchmark/../axgrob/axf4 -p 2147483647 -v [x1,x2,x3,x4,x5,x6,x7,x8,x9,x10] -t 8 /tmp/gbbench-axf4-_cct71hc/eco_10.txt

[stdout]
F4 algorithm in 10 variables mod p=2147483647, 8 threads

STEP 1
degree=3 pairs=8/8 with pairs limit 2048
34 x 63 with 232 non-zero, 6.8 per row
1.586 bytes per non-zero, matrix encoded in 0.000 MB
16 rows to reduce, blocksize 6, max threads 3, zero reductions 1
new=8 basis=18, step time=0.002 sec

STEP 2
degree=3 pairs=2/29 with pairs limit 4096
12 x 54 with 110 non-zero, 9.2 per row
1.436 bytes per non-zero, matrix encoded in 0.000 MB
4 rows to reduce, blocksize 3, max threads 2, zero reductions 1
new=2 basis=12, step time=0.000 sec

STEP 3
degree=3 pairs=3/30 with pairs limit 8192
39 x 127 with 524 non-zero, 13.4 per row
1.298 bytes per non-zero, matrix encoded in 0.001 MB
6 rows to reduce, blocksize 3, max threads 2, zero reductions 1
new=2 basis=14, step time=0.001 sec

STEP 4
degree=3 pairs=3/33 with pairs limit 16384
38 x 124 with 463 non-zero, 12.2 per row
1.328 bytes per non-zero, matrix encoded in 0.001 MB
6 rows to reduce, blocksize 3, max threads 2, zero reductions 1
new=1 basis=14, step time=0.000 sec

STEP 5
degree=4 pairs=32/32 with pairs limit 2048
222 x 377 with 3645 non-zero, 16.4 per row
1.244 bytes per non-zero, matrix encoded in 0.004 MB
64 rows to reduce, blocksize 12, max threads 6, zero reductions 1
new=28 basis=42, step time=0.001 sec

STEP 6
degree=3 pairs=38/132 with pairs limit 2048
147 x 205 with 3798 non-zero, 25.8 per row
1.155 bytes per non-zero, matrix encoded in 0.004 MB
76 rows to reduce, blocksize 12, max threads 7, zero reductions 1
new=26 basis=67, step time=0.001 sec

STEP 7
degree=4 pairs=164/233 with pairs limit 2048
660 x 565 with 24208 non-zero, 36.7 per row
1.109 bytes per non-zero, matrix encoded in 0.026 MB
328 rows to reduce, blocksize 18, max threads 19, zero reductions 1
new=50 basis=111, step time=0.002 sec

STEP 8
degree=5 pairs=396/405 with pairs limit 2048
1814 x 1318 with 92301 non-zero, 50.9 per row
1.126 bytes per non-zero, matrix encoded in 0.099 MB
792 rows to reduce, blocksize 27, max threads 30, zero reductions 1
new=57 basis=168, step time=0.003 sec

STEP 9
degree=5 pairs=13/405 with pairs limit 4096
861 x 1074 with 35390 non-zero, 41.1 per row
1.135 bytes per non-zero, matrix encoded in 0.038 MB
26 rows to reduce, blocksize 6, max threads 5, zero reductions 1
new=4 basis=159, step time=0.001 sec

STEP 10
degree=5 pairs=8/411 with pairs limit 8192
836 x 1061 with 34683 non-zero, 41.5 per row
1.134 bytes per non-zero, matrix encoded in 0.037 MB
16 rows to reduce, blocksize 6, max threads 3, zero reductions 1
new=3 basis=161, step time=0.001 sec

STEP 11
degree=6 pairs=416/424 with pairs limit 2048
2796 x 2266 with 171218 non-zero, 61.2 per row
1.138 bytes per non-zero, matrix encoded in 0.186 MB
832 rows to reduce, blocksize 27, max threads 31, zero reductions 1
new=39 basis=199, step time=0.004 sec

STEP 12
degree=7 pairs=313/313 with pairs limit 2048
3769 x 3427 with 234228 non-zero, 62.1 per row
1.155 bytes per non-zero, matrix encoded in 0.258 MB
626 rows to reduce, blocksize 24, max threads 27, zero reductions 1
new=19 basis=215, step time=0.006 sec

STEP 13
degree=6 pairs=18/126 with pairs limit 2048
1810 x 2041 with 83349 non-zero, 46.0 per row
1.164 bytes per non-zero, matrix encoded in 0.092 MB
36 rows to reduce, blocksize 9, max threads 4, zero reductions 1
new=7 basis=221, step time=0.003 sec

STEP 14
degree=6 pairs=9/144 with pairs limit 4096
1709 x 1953 with 73560 non-zero, 43.0 per row
1.171 bytes per non-zero, matrix encoded in 0.082 MB
18 rows to reduce, blocksize 6, max threads 3, zero reductions 1
new=3 basis=221, step time=0.002 sec

STEP 15
degree=6 pairs=9/160 with pairs limit 8192
1862 x 2104 with 84050 non-zero, 45.1 per row
1.168 bytes per non-zero, matrix encoded in 0.094 MB
18 rows to reduce, blocksize 6, max threads 3, zero reductions 1
new=3 basis=223, step time=0.003 sec

STEP 16
degree=6 pairs=9/176 with pairs limit 16384
1857 x 2097 with 84071 non-zero, 45.3 per row
1.167 bytes per non-zero, matrix encoded in 0.094 MB
18 rows to reduce, blocksize 6, max threads 3, zero reductions 1
new=2 basis=223, step time=0.002 sec

STEP 17
degree=6 pairs=9/184 with pairs limit 32768
1859 x 2098 with 83659 non-zero, 45.0 per row
1.168 bytes per non-zero, matrix encoded in 0.093 MB
18 rows to reduce, blocksize 6, max threads 3, zero reductions 1
new=1 basis=222, step time=0.002 sec

STEP 18
degree=6 pairs=9/184 with pairs limit 65536
1869 x 2108 with 84989 non-zero, 45.5 per row
1.166 bytes per non-zero, matrix encoded in 0.095 MB
18 rows to reduce, blocksize 6, max threads 3, zero reductions 1
new=1 basis=221, step time=0.002 sec

STEP 19
degree=7 pairs=183/183 with pairs limit 2048
2643 x 2533 with 166006 non-zero, 62.8 per row
1.128 bytes per non-zero, matrix encoded in 0.179 MB
366 rows to reduce, blocksize 21, max threads 18, zero reductions 1
new=0 basis=219, step time=0.003 sec

DONE inter-reduce
416 x 469 with 56214 non-zero, 135.1 per row
1.030 bytes per non-zero, matrix encoded in 0.055 MB
203 basis elements, 0.042 sec

[stderr]

