run_id: apply-ojika4-axf4-t1
track: apply_vs_axf4__snowy_sky_otter
job_id: apply-ojika4-axf4-t1
system_ref: systems/ojika4/ojika4.md
input_ref: systems/ojika4/txt/ojika4.txt
software: axf4 -t 1
version: local-copy
runner: axf4
threads: 1
field: GF(2147483647)
order: degrevlex
hardware_track: 
timeout_s: 3600
memory_limit_mb: 32768
peak_memory_mb: 23
status: ok
exit_code: 0
wall_time_seconds: 0.011257
process_wall_time_seconds: 0.011257
started_at_utc: 2026-05-18T03:11:35Z
finished_at_utc: 2026-05-18T03:11:35Z
runner_host: calcul-ouragan
runner_os: Linux-6.1.0-1029-oem-x86_64-with-glibc2.35
runner_machine: x86_64
runner_cpu_count: 32
runner_word_size: 64
runner_python: 3.10.12
command: /home/ademin/GroebnerBenchmark/../axgrob/axf4 -p 2147483647 -v [x1,x2,x3] -t 1 /tmp/gbbench-axf4-7p942fvu/ojika4.txt

[stdout]
F4 algorithm in 3 variables mod p=2147483647, 1 threads

STEP 1
degree=5 pairs=1/2 with pairs limit 2048
3 x 4 with 12 non-zero, 4.0 per row
2.000 bytes per non-zero, matrix encoded in 0.000 MB
2 rows to reduce, blocksize 1, max threads 2, zero reductions 1
new=1 basis=4, step time=0.001 sec

STEP 2
degree=6 pairs=2/2 with pairs limit 2048
8 x 18 with 37 non-zero, 4.6 per row
1.865 bytes per non-zero, matrix encoded in 0.000 MB
4 rows to reduce, blocksize 3, max threads 2, zero reductions 1
new=2 basis=6, step time=0.001 sec

STEP 3
degree=7 pairs=3/3 with pairs limit 2048
14 x 22 with 67 non-zero, 4.8 per row
1.836 bytes per non-zero, matrix encoded in 0.000 MB
6 rows to reduce, blocksize 3, max threads 2, zero reductions 1
new=3 basis=9, step time=0.000 sec

STEP 4
degree=5 pairs=1/5 with pairs limit 2048
4 x 4 with 14 non-zero, 3.5 per row
2.143 bytes per non-zero, matrix encoded in 0.000 MB
2 rows to reduce, blocksize 1, max threads 2, zero reductions 1
new=0 basis=9, step time=0.000 sec

STEP 5
degree=6 pairs=4/4 with pairs limit 2048
13 x 18 with 57 non-zero, 4.4 per row
1.912 bytes per non-zero, matrix encoded in 0.000 MB
8 rows to reduce, blocksize 6, max threads 2, zero reductions 1
new=3 basis=12, step time=0.000 sec

STEP 6
degree=5 pairs=4/7 with pairs limit 2048
14 x 18 with 65 non-zero, 4.6 per row
1.862 bytes per non-zero, matrix encoded in 0.000 MB
8 rows to reduce, blocksize 6, max threads 2, zero reductions 1
new=4 basis=14, step time=0.000 sec

STEP 7
degree=4 pairs=4/11 with pairs limit 2048
14 x 19 with 64 non-zero, 4.6 per row
1.875 bytes per non-zero, matrix encoded in 0.000 MB
8 rows to reduce, blocksize 6, max threads 2, zero reductions 1
new=3 basis=16, step time=0.000 sec

STEP 8
degree=5 pairs=11/13 with pairs limit 2048
41 x 40 with 201 non-zero, 4.9 per row
1.816 bytes per non-zero, matrix encoded in 0.000 MB
22 rows to reduce, blocksize 6, max threads 4, zero reductions 1
new=3 basis=16, step time=0.000 sec

STEP 9
degree=5 pairs=6/7 with pairs limit 4096
29 x 34 with 177 non-zero, 6.1 per row
1.655 bytes per non-zero, matrix encoded in 0.000 MB
12 rows to reduce, blocksize 6, max threads 2, zero reductions 1
new=1 basis=15, step time=0.000 sec

STEP 10
degree=5 pairs=2/3 with pairs limit 8192
14 x 18 with 78 non-zero, 5.6 per row
1.718 bytes per non-zero, matrix encoded in 0.000 MB
4 rows to reduce, blocksize 3, max threads 2, zero reductions 1
new=0 basis=15, step time=0.000 sec

STEP 11
degree=6 pairs=1/1 with pairs limit 2048
9 x 11 with 54 non-zero, 6.0 per row
1.667 bytes per non-zero, matrix encoded in 0.000 MB
2 rows to reduce, blocksize 1, max threads 2, zero reductions 1
new=0 basis=15, step time=0.000 sec

DONE inter-reduce
24 x 30 with 144 non-zero, 6.0 per row
1.667 bytes per non-zero, matrix encoded in 0.000 MB
12 basis elements, 0.002 sec

[stderr]

