run_id: apply-henrion6-axf4-t8
track: apply_vs_axf4__snowy_sky_otter
job_id: apply-henrion6-axf4-t8
system_ref: systems/henrion6/henrion6.md
input_ref: systems/henrion6/txt/henrion6.txt
software: axf4 -t 8
version: local-copy
runner: axf4
threads: 8
field: GF(2147483647)
order: degrevlex
hardware_track: 
timeout_s: 3600
memory_limit_mb: 32768
peak_memory_mb: 45
status: ok
exit_code: 0
wall_time_seconds: 0.051628
process_wall_time_seconds: 0.051628
started_at_utc: 2026-05-16T21:48:55Z
finished_at_utc: 2026-05-16T21:48:55Z
runner_host: calcul-ouragan
runner_os: Linux-6.1.0-1029-oem-x86_64-with-glibc2.35
runner_machine: x86_64
runner_cpu_count: 32
runner_word_size: 64
runner_python: 3.10.12
command: /home/ademin/GroebnerBenchmark/../axgrob/axf4 -p 2147483647 -v [f1,f2,f3,f4,f5,f6] -t 8 /tmp/gbbench-axf4-1prnrhwj/henrion6.txt

[stdout]
F4 algorithm in 6 variables mod p=2147483647, 8 threads

STEP 1
degree=2 pairs=1/5 with pairs limit 2048
7 x 26 with 58 non-zero, 8.3 per row
1.483 bytes per non-zero, matrix encoded in 0.000 MB
2 rows to reduce, blocksize 1, max threads 2, zero reductions 1
new=1 basis=7, step time=0.001 sec

STEP 2
degree=3 pairs=1/4 with pairs limit 2048
17 x 64 with 198 non-zero, 11.6 per row
1.343 bytes per non-zero, matrix encoded in 0.000 MB
2 rows to reduce, blocksize 1, max threads 2, zero reductions 1
new=1 basis=8, step time=0.001 sec

STEP 3
degree=4 pairs=2/4 with pairs limit 2048
31 x 127 with 540 non-zero, 17.4 per row
1.230 bytes per non-zero, matrix encoded in 0.001 MB
4 rows to reduce, blocksize 3, max threads 2, zero reductions 1
new=2 basis=9, step time=0.001 sec

STEP 4
degree=5 pairs=3/5 with pairs limit 2048
72 x 237 with 2176 non-zero, 30.2 per row
1.132 bytes per non-zero, matrix encoded in 0.002 MB
6 rows to reduce, blocksize 3, max threads 2, zero reductions 1
new=2 basis=10, step time=0.001 sec

STEP 5
degree=6 pairs=5/6 with pairs limit 2048
88 x 328 with 2980 non-zero, 33.9 per row
1.119 bytes per non-zero, matrix encoded in 0.003 MB
10 rows to reduce, blocksize 6, max threads 2, zero reductions 1
new=4 basis=13, step time=0.001 sec

STEP 6
degree=7 pairs=7/10 with pairs limit 2048
196 x 546 with 9531 non-zero, 48.6 per row
1.082 bytes per non-zero, matrix encoded in 0.010 MB
14 rows to reduce, blocksize 6, max threads 3, zero reductions 1
new=4 basis=15, step time=0.001 sec

STEP 7
degree=8 pairs=11/17 with pairs limit 2048
358 x 803 with 22736 non-zero, 63.5 per row
1.063 bytes per non-zero, matrix encoded in 0.023 MB
22 rows to reduce, blocksize 6, max threads 4, zero reductions 1
new=6 basis=21, step time=0.001 sec

STEP 8
degree=9 pairs=19/27 with pairs limit 2048
424 x 911 with 26550 non-zero, 62.6 per row
1.064 bytes per non-zero, matrix encoded in 0.027 MB
38 rows to reduce, blocksize 9, max threads 5, zero reductions 1
new=8 basis=29, step time=0.001 sec

STEP 9
degree=10 pairs=30/38 with pairs limit 2048
717 x 1281 with 55508 non-zero, 77.4 per row
1.052 bytes per non-zero, matrix encoded in 0.056 MB
60 rows to reduce, blocksize 9, max threads 7, zero reductions 1
new=11 basis=40, step time=0.001 sec

STEP 10
degree=11 pairs=42/52 with pairs limit 2048
951 x 1550 with 90418 non-zero, 95.1 per row
1.042 bytes per non-zero, matrix encoded in 0.090 MB
84 rows to reduce, blocksize 12, max threads 7, zero reductions 1
new=12 basis=52, step time=0.002 sec

STEP 11
degree=12 pairs=51/58 with pairs limit 2048
1201 x 1812 with 128734 non-zero, 107.2 per row
1.038 bytes per non-zero, matrix encoded in 0.127 MB
102 rows to reduce, blocksize 12, max threads 9, zero reductions 1
new=13 basis=65, step time=0.002 sec

STEP 12
degree=13 pairs=56/59 with pairs limit 2048
1092 x 1678 with 121919 non-zero, 111.6 per row
1.036 bytes per non-zero, matrix encoded in 0.120 MB
112 rows to reduce, blocksize 12, max threads 10, zero reductions 1
new=12 basis=77, step time=0.002 sec

STEP 13
degree=14 pairs=50/51 with pairs limit 2048
1237 x 1854 with 160051 non-zero, 129.4 per row
1.031 bytes per non-zero, matrix encoded in 0.157 MB
100 rows to reduce, blocksize 12, max threads 9, zero reductions 1
new=8 basis=85, step time=0.002 sec

STEP 14
degree=15 pairs=33/33 with pairs limit 2048
1162 x 1813 with 168498 non-zero, 145.0 per row
1.029 bytes per non-zero, matrix encoded in 0.165 MB
66 rows to reduce, blocksize 12, max threads 6, zero reductions 1
new=4 basis=89, step time=0.002 sec

STEP 15
degree=16 pairs=16/16 with pairs limit 2048
1104 x 1790 with 149055 non-zero, 135.0 per row
1.032 bytes per non-zero, matrix encoded in 0.147 MB
32 rows to reduce, blocksize 9, max threads 4, zero reductions 1
new=1 basis=90, step time=0.001 sec

STEP 16
degree=17 pairs=4/4 with pairs limit 2048
1181 x 1892 with 148966 non-zero, 126.1 per row
1.034 bytes per non-zero, matrix encoded in 0.147 MB
8 rows to reduce, blocksize 6, max threads 2, zero reductions 1
new=0 basis=90, step time=0.001 sec

DONE inter-reduce
180 x 805 with 67222 non-zero, 373.5 per row
1.011 bytes per non-zero, matrix encoded in 0.065 MB
90 basis elements, 0.021 sec

[stderr]

