run_id: apply-eco-13-groebner-apply
track: apply_vs_axf4__snowy_sky_otter
job_id: apply-eco-13-groebner-apply
system_ref: systems/eco/eco.md
input_ref: systems/eco/txt/eco_13.txt
software: Groebner.groebner_apply!
version: 0.10.3
runner: groebner_jl
threads: 1
field: GF(2147483647)
order: degrevlex
hardware_track: 
timeout_s: 60
memory_limit_mb: 8192
peak_memory_mb: 
status: timeout
exit_code: 
wall_time_seconds: 60.062737
process_wall_time_seconds: 60.062737
started_at_utc: 2026-05-16T15:31:28Z
finished_at_utc: 2026-05-16T15:32:28Z
runner_host: calcul-ouragan
runner_os: Linux-6.1.0-1029-oem-x86_64-with-glibc2.35
runner_machine: x86_64
runner_cpu_count: 32
runner_word_size: 64
runner_python: 3.10.12
command: 

[stdout]


[stderr]

