run_id: apply-henrion8-groebner-apply
track: apply_vs_axf4__snowy_sky_otter
job_id: apply-henrion8-groebner-apply
system_ref: systems/henrion8/henrion8.md
input_ref: systems/henrion8/txt/henrion8.txt
software: Groebner.groebner_apply!
version: 0.10.3
runner: groebner_jl
threads: 1
field: GF(2147483647)
order: degrevlex
hardware_track: 
timeout_s: 3600
memory_limit_mb: 32768
peak_memory_mb: 13819
status: ok
exit_code: 0
wall_time_seconds: 70.914323862
process_wall_time_seconds: 786.232459
started_at_utc: 2026-05-17T18:16:10Z
finished_at_utc: 2026-05-17T18:29:16Z
runner_host: calcul-ouragan
runner_os: Linux-6.1.0-1029-oem-x86_64-with-glibc2.35
runner_machine: x86_64
runner_cpu_count: 32
runner_word_size: 64
runner_python: 3.10.12
command: /home/ademin/.juliaup/bin/julia --startup-file=no /tmp/gbbench-groebner-jl-jpir987z/groebner_jl_worker.jl --input /home/ademin/GroebnerBenchmark/systems/henrion8/txt/henrion8.txt --field GF(2147483647) --order degrevlex --threads 1 --method groebner_apply!

[stdout]
GBBENCH_WALL_TIME=70.914323862
GBBENCH_BYTES=15847377912
GBBENCH_VERSION=0.10.3

[stderr]

