run_id: apply-noon-11-groebner-apply
track: apply_vs_axf4__snowy_sky_otter
job_id: apply-noon-11-groebner-apply
system_ref: systems/noon/noon.md
input_ref: systems/noon/txt/noon_11.txt
software: Groebner.groebner_apply!
version: 0.10.3
runner: groebner_jl
threads: 1
field: GF(2147483647)
order: degrevlex
hardware_track: 
timeout_s: 3600
memory_limit_mb: 32768
peak_memory_mb: 25964
status: error
exit_code: 134
wall_time_seconds: 558.550884
process_wall_time_seconds: 558.550884
started_at_utc: 2026-05-16T23:26:44Z
finished_at_utc: 2026-05-16T23:36:03Z
runner_host: calcul-ouragan
runner_os: Linux-6.1.0-1029-oem-x86_64-with-glibc2.35
runner_machine: x86_64
runner_cpu_count: 32
runner_word_size: 64
runner_python: 3.10.12
command: /home/ademin/.juliaup/bin/julia --startup-file=no /tmp/gbbench-groebner-jl-l6964cru/groebner_jl_worker.jl --input /home/ademin/GroebnerBenchmark/systems/noon/txt/noon_11.txt --field GF(2147483647) --order degrevlex --threads 1 --method groebner_apply!

[stdout]


[stderr]
terminate called after throwing an instance of 'std::bad_alloc'
  what():  std::bad_alloc

[2556733] signal 6 (-6): Abandon
in expression starting at none:0
pthread_kill at /lib/x86_64-linux-gnu/libc.so.6 (unknown line)
raise at /lib/x86_64-linux-gnu/libc.so.6 (unknown line)
abort at /lib/x86_64-linux-gnu/libc.so.6 (unknown line)
unknown function (ip: 0x7fc488aa9a3c) at /home/ademin/.julia/juliaup/julia-1.12.4+0.x64.linux.gnu/bin/../lib/julia/libstdc++.so.6
unknown function (ip: 0x7fc488abb449) at /home/ademin/.julia/juliaup/julia-1.12.4+0.x64.linux.gnu/bin/../lib/julia/libstdc++.so.6
_ZSt9terminatev at /home/ademin/.julia/juliaup/julia-1.12.4+0.x64.linux.gnu/bin/../lib/julia/libstdc++.so.6 (unknown line)
__cxa_throw at /home/ademin/.julia/juliaup/julia-1.12.4+0.x64.linux.gnu/bin/../lib/julia/libstdc++.so.6 (unknown line)
unknown function (ip: 0x7fc488aa9658) at /home/ademin/.julia/juliaup/julia-1.12.4+0.x64.linux.gnu/bin/../lib/julia/libstdc++.so.6
unknown function (ip: 0x7fc4847bf4e1) at /home/ademin/.julia/juliaup/julia-1.12.4+0.x64.linux.gnu/bin/../lib/julia/libLLVM.so.18.1jl
_ZN4llvm9DWARFUnit22tryExtractDIEsIfNeededEb at /home/ademin/.julia/juliaup/julia-1.12.4+0.x64.linux.gnu/bin/../lib/julia/libLLVM.so.18.1jl (unknown line)
_ZN4llvm9DWARFUnit19extractDIEsIfNeededEb at /home/ademin/.julia/juliaup/julia-1.12.4+0.x64.linux.gnu/bin/../lib/julia/libLLVM.so.18.1jl (unknown line)
_ZN4llvm9DWARFUnit23getSubroutineForAddressEm at /home/ademin/.julia/juliaup/julia-1.12.4+0.x64.linux.gnu/bin/../lib/julia/libLLVM.so.18.1jl (unknown line)
_ZN4llvm9DWARFUnit25getInlinedChainForAddressEmRNS_15SmallVectorImplINS_8DWARFDieEEE at /home/ademin/.julia/juliaup/julia-1.12.4+0.x64.linux.gnu/bin/../lib/julia/libLLVM.so.18.1jl (unknown line)
_ZN4llvm12DWARFContext25getInliningInfoForAddressENS_6object16SectionedAddressENS_19DILineInfoSpecifierE at /home/ademin/.julia/juliaup/julia-1.12.4+0.x64.linux.gnu/bin/../lib/julia/libLLVM.so.18.1jl (unknown line)
unknown function (ip: 0x7fc487d2bfa4) at /home/ademin/.julia/juliaup/julia-1.12.4+0.x64.linux.gnu/bin/../lib/julia/libjulia-codegen.so.1.12
jl_getFunctionInfo_impl at /home/ademin/.julia/juliaup/julia-1.12.4+0.x64.linux.gnu/bin/../lib/julia/libjulia-codegen.so.1.12 (unknown line)
ijl_lookup_code_address at /home/ademin/.julia/juliaup/julia-1.12.4+0.x64.linux.gnu/bin/../lib/julia/libjulia-internal.so.1.12 (unknown line)
julia_lookup_45590.2 at /home/ademin/.julia/juliaup/julia-1.12.4+0.x64.linux.gnu/lib/julia/sys.so (unknown line)
julia_stacktrace_67277.2 at /home/ademin/.julia/juliaup/julia-1.12.4+0.x64.linux.gnu/lib/julia/sys.so (unknown line)
unknown function (ip: 0x7fc45a54509c) at (unknown file)
unknown function (ip: 0x7fc45a545132) at (unknown file)
julia_scrub_repl_backtrace_14710.2 at /home/ademin/.julia/juliaup/julia-1.12.4+0.x64.linux.gnu/lib/julia/sys.so (unknown line)
julia_exec_options_38276.2 at /home/ademin/.julia/juliaup/julia-1.12.4+0.x64.linux.gnu/lib/julia/sys.so (unknown line)
julia__start_38202.2 at /home/ademin/.julia/juliaup/julia-1.12.4+0.x64.linux.gnu/lib/julia/sys.so (unknown line)
jfptr__start_38203.1 at /home/ademin/.julia/juliaup/julia-1.12.4+0.x64.linux.gnu/lib/julia/sys.so (unknown line)
true_main at /home/ademin/.julia/juliaup/julia-1.12.4+0.x64.linux.gnu/bin/../lib/julia/libjulia-internal.so.1.12 (unknown line)
jl_repl_entrypoint at /home/ademin/.julia/juliaup/julia-1.12.4+0.x64.linux.gnu/bin/../lib/julia/libjulia-internal.so.1.12 (unknown line)
main at /home/ademin/.julia/juliaup/julia-1.12.4+0.x64.linux.gnu/bin/julia (unknown line)
unknown function (ip: 0x7fc488e29d8f) at /lib/x86_64-linux-gnu/libc.so.6
__libc_start_main at /lib/x86_64-linux-gnu/libc.so.6 (unknown line)
_start at /home/ademin/.julia/juliaup/julia-1.12.4+0.x64.linux.gnu/bin/julia (unknown line)
Allocations: 4090661763 (Pool: 4090661608; Big: 155); GC: 453
