run_id: apply-s9_1-axf4-t1
track: apply_vs_axf4__snowy_sky_otter
job_id: apply-s9_1-axf4-t1
system_ref: systems/s9_1/s9_1.md
input_ref: systems/s9_1/txt/s9_1.txt
software: axf4 -t 1
version: local-copy
runner: axf4
threads: 1
field: GF(2147483647)
order: degrevlex
hardware_track: 
timeout_s: 3600
memory_limit_mb: 32768
peak_memory_mb: 44
status: ok
exit_code: 0
wall_time_seconds: 0.017386
process_wall_time_seconds: 0.017386
started_at_utc: 2026-05-18T03:19:13Z
finished_at_utc: 2026-05-18T03:19:13Z
runner_host: calcul-ouragan
runner_os: Linux-6.1.0-1029-oem-x86_64-with-glibc2.35
runner_machine: x86_64
runner_cpu_count: 32
runner_word_size: 64
runner_python: 3.10.12
command: /home/ademin/GroebnerBenchmark/../axgrob/axf4 -p 2147483647 -v [x1,x2,x3,x4,x5,x6,x7,x8] -t 1 /tmp/gbbench-axf4-yznrdul3/s9_1.txt

[stdout]
F4 algorithm in 8 variables mod p=2147483647, 1 threads

STEP 1
degree=1 pairs=2/6 with pairs limit 2048
6 x 7 with 17 non-zero, 2.8 per row
2.412 bytes per non-zero, matrix encoded in 0.000 MB
4 rows to reduce, blocksize 3, max threads 2, zero reductions 1
new=2 basis=10, step time=0.001 sec

STEP 2
degree=2 pairs=2/6 with pairs limit 2048
14 x 19 with 47 non-zero, 3.4 per row
2.191 bytes per non-zero, matrix encoded in 0.000 MB
4 rows to reduce, blocksize 3, max threads 2, zero reductions 1
new=2 basis=10, step time=0.000 sec

STEP 3
degree=3 pairs=7/7 with pairs limit 2048
63 x 63 with 240 non-zero, 3.8 per row
2.050 bytes per non-zero, matrix encoded in 0.000 MB
14 rows to reduce, blocksize 6, max threads 3, zero reductions 1
new=4 basis=14, step time=0.000 sec

STEP 4
degree=3 pairs=3/9 with pairs limit 4096
31 x 37 with 161 non-zero, 5.2 per row
1.770 bytes per non-zero, matrix encoded in 0.000 MB
6 rows to reduce, blocksize 3, max threads 2, zero reductions 1
new=2 basis=14, step time=0.000 sec

STEP 5
degree=4 pairs=11/11 with pairs limit 2048
61 x 51 with 418 non-zero, 6.9 per row
1.584 bytes per non-zero, matrix encoded in 0.001 MB
22 rows to reduce, blocksize 6, max threads 4, zero reductions 1
new=2 basis=16, step time=0.000 sec

STEP 6
degree=4 pairs=6/6 with pairs limit 4096
43 x 41 with 330 non-zero, 7.7 per row
1.521 bytes per non-zero, matrix encoded in 0.000 MB
12 rows to reduce, blocksize 6, max threads 2, zero reductions 1
new=0 basis=16, step time=0.000 sec

DONE inter-reduce
33 x 28 with 221 non-zero, 6.7 per row
1.597 bytes per non-zero, matrix encoded in 0.000 MB
15 basis elements, 0.002 sec

[stderr]

