run_id: apply-crauste-2-axf4-t8
track: apply_vs_axf4__snowy_sky_otter
job_id: apply-crauste-2-axf4-t8
system_ref: systems/crauste-2/crauste-2.md
input_ref: systems/crauste-2/txt/crauste-2.txt
software: axf4 -t 8
version: local-copy
runner: axf4
threads: 8
field: GF(2147483647)
order: degrevlex
hardware_track: 
timeout_s: 3600
memory_limit_mb: 32768
peak_memory_mb: 195
status: ok
exit_code: 0
wall_time_seconds: 0.168363
process_wall_time_seconds: 0.168363
started_at_utc: 2026-05-17T12:14:28Z
finished_at_utc: 2026-05-17T12:14:28Z
runner_host: calcul-ouragan
runner_os: Linux-6.1.0-1029-oem-x86_64-with-glibc2.35
runner_machine: x86_64
runner_cpu_count: 32
runner_word_size: 64
runner_python: 3.10.12
command: /home/ademin/GroebnerBenchmark/../axgrob/axf4 -p 2147483647 -v [E_0,E_1,E_2,E_3,E_4,E_5,M_0,M_1,M_2,M_3,M_4,M_5,N_0,N_1,N_2,N_3,N_4,P_0,P_1,P_2,P_3,P_4,P_5,P_6,S_0,S_1,S_2,S_3,S_4,S_5,delta_EL_0,delta_LM_0,delta_NE_0,mu_EE_0,mu_LE_0,mu_LL_0,mu_M_0,mu_N_0,mu_PE_0,mu_PL_0,mu_P_0,rho_E_0,rho_P_0] -t 8 /tmp/gbbench-axf4-32iewulq/crauste-2.txt

[stdout]
F4 algorithm in 43 variables mod p=2147483647, 8 threads

STEP 1
degree=3 pairs=25/30 with pairs limit 2048
263 x 289 with 717 non-zero, 2.7 per row
2.467 bytes per non-zero, matrix encoded in 0.002 MB
50 rows to reduce, blocksize 9, max threads 6, zero reductions 1
new=25 basis=68, step time=0.003 sec

STEP 2
degree=2 pairs=2/75 with pairs limit 2048
8 x 13 with 30 non-zero, 3.8 per row
2.067 bytes per non-zero, matrix encoded in 0.000 MB
4 rows to reduce, blocksize 3, max threads 2, zero reductions 1
new=2 basis=63, step time=0.001 sec

STEP 3
degree=3 pairs=55/76 with pairs limit 2048
282 x 288 with 1295 non-zero, 4.6 per row
1.871 bytes per non-zero, matrix encoded in 0.002 MB
110 rows to reduce, blocksize 12, max threads 10, zero reductions 1
new=25 basis=88, step time=0.002 sec

STEP 4
degree=3 pairs=136/194 with pairs limit 4096
518 x 411 with 5016 non-zero, 9.7 per row
1.477 bytes per non-zero, matrix encoded in 0.007 MB
272 rows to reduce, blocksize 18, max threads 16, zero reductions 1
new=25 basis=113, step time=0.002 sec

STEP 5
degree=3 pairs=52/316 with pairs limit 8192
396 x 534 with 3891 non-zero, 9.8 per row
1.486 bytes per non-zero, matrix encoded in 0.006 MB
104 rows to reduce, blocksize 12, max threads 9, zero reductions 1
new=16 basis=129, step time=0.002 sec

STEP 6
degree=4 pairs=435/453 with pairs limit 2048
3239 x 3539 with 37846 non-zero, 11.7 per row
1.996 bytes per non-zero, matrix encoded in 0.072 MB
870 rows to reduce, blocksize 27, max threads 33, zero reductions 1
new=90 basis=219, step time=0.011 sec

STEP 7
degree=2 pairs=1/746 with pairs limit 2048
4 x 5 with 11 non-zero, 2.8 per row
2.455 bytes per non-zero, matrix encoded in 0.000 MB
2 rows to reduce, blocksize 1, max threads 2, zero reductions 1
new=1 basis=215, step time=0.001 sec

STEP 8
degree=2 pairs=5/644 with pairs limit 4096
25 x 38 with 106 non-zero, 4.2 per row
1.943 bytes per non-zero, matrix encoded in 0.000 MB
10 rows to reduce, blocksize 6, max threads 2, zero reductions 1
new=4 basis=217, step time=0.001 sec

STEP 9
degree=3 pairs=68/538 with pairs limit 2048
380 x 442 with 3388 non-zero, 8.9 per row
1.514 bytes per non-zero, matrix encoded in 0.005 MB
136 rows to reduce, blocksize 15, max threads 10, zero reductions 1
new=31 basis=246, step time=0.003 sec

STEP 10
degree=2 pairs=3/629 with pairs limit 2048
14 x 26 with 57 non-zero, 4.1 per row
1.982 bytes per non-zero, matrix encoded in 0.000 MB
6 rows to reduce, blocksize 3, max threads 2, zero reductions 1
new=3 basis=234, step time=0.001 sec

STEP 11
degree=2 pairs=4/647 with pairs limit 4096
23 x 39 with 156 non-zero, 6.8 per row
1.590 bytes per non-zero, matrix encoded in 0.000 MB
8 rows to reduce, blocksize 6, max threads 2, zero reductions 1
new=1 basis=233, step time=0.001 sec

STEP 12
degree=3 pairs=75/645 with pairs limit 2048
443 x 432 with 4202 non-zero, 9.5 per row
1.458 bytes per non-zero, matrix encoded in 0.006 MB
150 rows to reduce, blocksize 15, max threads 10, zero reductions 1
new=18 basis=250, step time=0.002 sec

STEP 13
degree=3 pairs=89/629 with pairs limit 4096
591 x 608 with 8243 non-zero, 13.9 per row
1.381 bytes per non-zero, matrix encoded in 0.011 MB
178 rows to reduce, blocksize 15, max threads 12, zero reductions 1
new=18 basis=256, step time=0.002 sec

STEP 14
degree=4 pairs=738/757 with pairs limit 2048
4490 x 3532 with 82090 non-zero, 18.3 per row
1.635 bytes per non-zero, matrix encoded in 0.128 MB
1476 rows to reduce, blocksize 33, max threads 45, zero reductions 1
new=165 basis=420, step time=0.032 sec

STEP 15
degree=3 pairs=195/1017 with pairs limit 2048
1129 x 962 with 33875 non-zero, 30.0 per row
1.178 bytes per non-zero, matrix encoded in 0.038 MB
390 rows to reduce, blocksize 21, max threads 19, zero reductions 1
new=88 basis=411, step time=0.018 sec

STEP 16
degree=3 pairs=241/1585 with pairs limit 4096
1314 x 992 with 49901 non-zero, 38.0 per row
1.137 bytes per non-zero, matrix encoded in 0.054 MB
482 rows to reduce, blocksize 21, max threads 23, zero reductions 1
new=90 basis=466, step time=0.017 sec

STEP 17
degree=3 pairs=351/1901 with pairs limit 8192
1551 x 913 with 68111 non-zero, 43.9 per row
1.111 bytes per non-zero, matrix encoded in 0.072 MB
702 rows to reduce, blocksize 24, max threads 30, zero reductions 1
new=0 basis=434, step time=0.002 sec

STEP 18
degree=4 pairs=1550/1550 with pairs limit 2048
6589 x 3553 with 258525 non-zero, 39.2 per row
1.258 bytes per non-zero, matrix encoded in 0.310 MB
3100 rows to reduce, blocksize 42, max threads 74, zero reductions 1
new=0 basis=432, step time=0.007 sec

DONE inter-reduce
476 x 316 with 20775 non-zero, 43.6 per row
1.092 bytes per non-zero, matrix encoded in 0.022 MB
224 basis elements, 0.109 sec

[stderr]

