run_id: apply-katsura-14-groebner-apply-x4
track: apply_vs_axf4__snowy_sky_otter
job_id: apply-katsura-14-groebner-apply-x4
system_ref: systems/katsura/katsura.md
input_ref: systems/katsura/txt/katsura_14.txt
software: Groebner.groebner_apply! x4
version: 0.10.3
runner: groebner_jl
threads: 1
field: GF(2147483647)
order: degrevlex
hardware_track: 
timeout_s: 3600
memory_limit_mb: 32768
peak_memory_mb: 
status: timeout
exit_code: 
wall_time_seconds: 3600.100014
process_wall_time_seconds: 3600.100014
started_at_utc: 2026-05-18T00:01:23Z
finished_at_utc: 2026-05-18T01:01:23Z
runner_host: calcul-ouragan
runner_os: Linux-6.1.0-1029-oem-x86_64-with-glibc2.35
runner_machine: x86_64
runner_cpu_count: 32
runner_word_size: 64
runner_python: 3.10.12
command: 

[stdout]


[stderr]

