run_id: apply-boon-axf4-t8
track: apply_vs_axf4__snowy_sky_otter
job_id: apply-boon-axf4-t8
system_ref: systems/boon/boon.md
input_ref: systems/boon/txt/boon.txt
software: axf4 -t 8
version: local-copy
runner: axf4
threads: 8
field: GF(2147483647)
order: degrevlex
hardware_track: 
timeout_s: 3600
memory_limit_mb: 32768
peak_memory_mb: 36
status: ok
exit_code: 0
wall_time_seconds: 0.030880
process_wall_time_seconds: 0.030880
started_at_utc: 2026-05-17T16:10:21Z
finished_at_utc: 2026-05-17T16:10:21Z
runner_host: calcul-ouragan
runner_os: Linux-6.1.0-1029-oem-x86_64-with-glibc2.35
runner_machine: x86_64
runner_cpu_count: 32
runner_word_size: 64
runner_python: 3.10.12
command: /home/ademin/GroebnerBenchmark/../axgrob/axf4 -p 2147483647 -v [s1,g1,s2,g2,C1,C2] -t 8 /tmp/gbbench-axf4-wk2ggbq4/boon.txt

[stdout]
F4 algorithm in 6 variables mod p=2147483647, 8 threads

STEP 1
degree=4 pairs=2/4 with pairs limit 2048
10 x 13 with 30 non-zero, 3.0 per row
2.333 bytes per non-zero, matrix encoded in 0.000 MB
4 rows to reduce, blocksize 3, max threads 2, zero reductions 1
new=2 basis=8, step time=0.001 sec

STEP 2
degree=3 pairs=2/4 with pairs limit 2048
7 x 10 with 21 non-zero, 3.0 per row
2.333 bytes per non-zero, matrix encoded in 0.000 MB
4 rows to reduce, blocksize 3, max threads 2, zero reductions 1
new=2 basis=8, step time=0.001 sec

STEP 3
degree=4 pairs=8/8 with pairs limit 2048
34 x 41 with 118 non-zero, 3.5 per row
2.153 bytes per non-zero, matrix encoded in 0.000 MB
16 rows to reduce, blocksize 6, max threads 3, zero reductions 1
new=5 basis=13, step time=0.001 sec

STEP 4
degree=3 pairs=10/16 with pairs limit 2048
43 x 47 with 185 non-zero, 4.3 per row
1.930 bytes per non-zero, matrix encoded in 0.000 MB
20 rows to reduce, blocksize 6, max threads 4, zero reductions 1
new=2 basis=13, step time=0.001 sec

STEP 5
degree=4 pairs=8/8 with pairs limit 2048
44 x 55 with 233 non-zero, 5.3 per row
1.755 bytes per non-zero, matrix encoded in 0.000 MB
16 rows to reduce, blocksize 6, max threads 3, zero reductions 1
new=2 basis=13, step time=0.001 sec

STEP 6
degree=5 pairs=6/6 with pairs limit 2048
62 x 87 with 368 non-zero, 5.9 per row
1.674 bytes per non-zero, matrix encoded in 0.001 MB
12 rows to reduce, blocksize 6, max threads 2, zero reductions 1
new=6 basis=17, step time=0.001 sec

STEP 7
degree=4 pairs=18/26 with pairs limit 2048
92 x 87 with 503 non-zero, 5.5 per row
1.732 bytes per non-zero, matrix encoded in 0.001 MB
36 rows to reduce, blocksize 9, max threads 4, zero reductions 1
new=8 basis=25, step time=0.001 sec

STEP 8
degree=3 pairs=18/29 with pairs limit 2048
70 x 50 with 267 non-zero, 3.8 per row
2.049 bytes per non-zero, matrix encoded in 0.001 MB
36 rows to reduce, blocksize 9, max threads 4, zero reductions 1
new=6 basis=31, step time=0.001 sec

STEP 9
degree=4 pairs=33/35 with pairs limit 2048
111 x 59 with 474 non-zero, 4.3 per row
1.937 bytes per non-zero, matrix encoded in 0.001 MB
66 rows to reduce, blocksize 12, max threads 6, zero reductions 1
new=5 basis=32, step time=0.001 sec

STEP 10
degree=3 pairs=29/31 with pairs limit 2048
88 x 39 with 298 non-zero, 3.4 per row
2.181 bytes per non-zero, matrix encoded in 0.001 MB
58 rows to reduce, blocksize 9, max threads 7, zero reductions 1
new=5 basis=33, step time=0.001 sec

STEP 11
degree=2 pairs=10/19 with pairs limit 2048
37 x 22 with 117 non-zero, 3.2 per row
2.265 bytes per non-zero, matrix encoded in 0.000 MB
20 rows to reduce, blocksize 6, max threads 4, zero reductions 1
new=1 basis=24, step time=0.001 sec

STEP 12
degree=3 pairs=3/11 with pairs limit 2048
10 x 7 with 23 non-zero, 2.3 per row
2.739 bytes per non-zero, matrix encoded in 0.000 MB
6 rows to reduce, blocksize 3, max threads 2, zero reductions 1
new=0 basis=14, step time=0.001 sec

STEP 13
degree=4 pairs=6/8 with pairs limit 2048
28 x 20 with 71 non-zero, 2.5 per row
2.577 bytes per non-zero, matrix encoded in 0.000 MB
12 rows to reduce, blocksize 6, max threads 2, zero reductions 1
new=0 basis=13, step time=0.001 sec

STEP 14
degree=5 pairs=2/2 with pairs limit 2048
31 x 29 with 104 non-zero, 3.4 per row
2.192 bytes per non-zero, matrix encoded in 0.000 MB
4 rows to reduce, blocksize 3, max threads 2, zero reductions 1
new=0 basis=11, step time=0.001 sec

DONE inter-reduce
20 x 19 with 60 non-zero, 3.0 per row
2.333 bytes per non-zero, matrix encoded in 0.000 MB
9 basis elements, 0.014 sec

[stderr]

