run_id: apply-ku10-axf4-t1
track: apply_vs_axf4__snowy_sky_otter
job_id: apply-ku10-axf4-t1
system_ref: systems/ku10/ku10.md
input_ref: systems/ku10/txt/ku10.txt
software: axf4 -t 1
version: local-copy
runner: axf4
threads: 1
field: GF(2147483647)
order: degrevlex
hardware_track: 
timeout_s: 3600
memory_limit_mb: 32768
peak_memory_mb: 52
status: ok
exit_code: 0
wall_time_seconds: 0.019854
process_wall_time_seconds: 0.019854
started_at_utc: 2026-05-18T01:36:47Z
finished_at_utc: 2026-05-18T01:36:47Z
runner_host: calcul-ouragan
runner_os: Linux-6.1.0-1029-oem-x86_64-with-glibc2.35
runner_machine: x86_64
runner_cpu_count: 32
runner_word_size: 64
runner_python: 3.10.12
command: /home/ademin/GroebnerBenchmark/../axgrob/axf4 -p 2147483647 -v [x1,x2,x3,x4,x5,x6,x7,x8,x9,x10] -t 1 /tmp/gbbench-axf4-ohvhtjls/ku10.txt

[stdout]
F4 algorithm in 10 variables mod p=2147483647, 1 threads

STEP 1
degree=3 pairs=10/10 with pairs limit 2048
40 x 41 with 160 non-zero, 4.0 per row
2.000 bytes per non-zero, matrix encoded in 0.000 MB
20 rows to reduce, blocksize 6, max threads 4, zero reductions 1
new=10 basis=20, step time=0.001 sec

STEP 2
degree=3 pairs=40/40 with pairs limit 4096
140 x 91 with 560 non-zero, 4.0 per row
2.000 bytes per non-zero, matrix encoded in 0.001 MB
80 rows to reduce, blocksize 12, max threads 7, zero reductions 1
new=20 basis=40, step time=0.001 sec

STEP 3
degree=3 pairs=150/150 with pairs limit 8192
450 x 166 with 1800 non-zero, 4.0 per row
2.000 bytes per non-zero, matrix encoded in 0.003 MB
300 rows to reduce, blocksize 18, max threads 17, zero reductions 1
new=14 basis=54, step time=0.000 sec

STEP 4
degree=2 pairs=45/45 with pairs limit 2048
144 x 57 with 472 non-zero, 3.3 per row
2.220 bytes per non-zero, matrix encoded in 0.001 MB
90 rows to reduce, blocksize 12, max threads 8, zero reductions 1
new=1 basis=55, step time=0.000 sec

DONE inter-reduce
20 x 12 with 60 non-zero, 3.0 per row
2.333 bytes per non-zero, matrix encoded in 0.000 MB
10 basis elements, 0.003 sec

[stderr]

