run_id: apply-noon-7-axf4-t1
track: apply_vs_axf4__snowy_sky_otter
job_id: apply-noon-7-axf4-t1
system_ref: systems/noon/noon.md
input_ref: systems/noon/txt/noon_7.txt
software: axf4 -t 1
version: local-copy
runner: axf4
threads: 1
field: GF(2147483647)
order: degrevlex
hardware_track: 
timeout_s: 60
memory_limit_mb: 8192
peak_memory_mb: 62
status: ok
exit_code: 0
wall_time_seconds: 0.339033
process_wall_time_seconds: 0.339033
started_at_utc: 2026-05-16T16:01:22Z
finished_at_utc: 2026-05-16T16:01:23Z
runner_host: calcul-ouragan
runner_os: Linux-6.1.0-1029-oem-x86_64-with-glibc2.35
runner_machine: x86_64
runner_cpu_count: 32
runner_word_size: 64
runner_python: 3.10.12
command: /home/ademin/GroebnerBenchmark/../axgrob/axf4 -p 2147483647 -v [x1,x2,x3,x4,x5,x6,x7] -t 1 /tmp/gbbench-axf4-swranxbp/noon_7.txt

[stdout]
F4 algorithm in 7 variables mod p=2147483647, 32 threads

STEP 1
degree=4 pairs=16/16 with pairs limit 2048
53 x 155 with 424 non-zero, 8.0 per row
1.500 bytes per non-zero, matrix encoded in 0.001 MB
32 rows to reduce, blocksize 9, max threads 4, zero reductions 1
new=16 basis=23, step time=0.022 sec

STEP 2
degree=5 pairs=27/57 with pairs limit 2048
111 x 180 with 591 non-zero, 5.3 per row
1.751 bytes per non-zero, matrix encoded in 0.001 MB
54 rows to reduce, blocksize 9, max threads 6, zero reductions 1
new=7 basis=30, step time=0.004 sec

STEP 3
degree=6 pairs=50/72 with pairs limit 2048
372 x 747 with 3020 non-zero, 8.1 per row
1.605 bytes per non-zero, matrix encoded in 0.005 MB
100 rows to reduce, blocksize 12, max threads 9, zero reductions 1
new=18 basis=48, step time=0.042 sec

STEP 4
degree=7 pairs=112/127 with pairs limit 2048
880 x 1517 with 9742 non-zero, 11.1 per row
1.784 bytes per non-zero, matrix encoded in 0.017 MB
224 rows to reduce, blocksize 18, max threads 13, zero reductions 1
new=33 basis=81, step time=0.014 sec

STEP 5
degree=8 pairs=192/205 with pairs limit 2048
1729 x 2613 with 23733 non-zero, 13.7 per row
1.775 bytes per non-zero, matrix encoded in 0.040 MB
384 rows to reduce, blocksize 21, max threads 19, zero reductions 1
new=57 basis=138, step time=0.015 sec

STEP 6
degree=9 pairs=346/346 with pairs limit 2048
2989 x 3881 with 52875 non-zero, 17.7 per row
1.748 bytes per non-zero, matrix encoded in 0.088 MB
692 rows to reduce, blocksize 24, max threads 29, zero reductions 1
new=91 basis=229, step time=0.032 sec

STEP 7
degree=10 pairs=546/546 with pairs limit 2048
4872 x 5659 with 110612 non-zero, 22.7 per row
1.654 bytes per non-zero, matrix encoded in 0.175 MB
1092 rows to reduce, blocksize 30, max threads 37, zero reductions 1
new=105 basis=334, step time=0.020 sec

STEP 8
degree=11 pairs=630/630 with pairs limit 2048
6122 x 6816 with 186036 non-zero, 30.4 per row
1.514 bytes per non-zero, matrix encoded in 0.269 MB
1260 rows to reduce, blocksize 30, max threads 42, zero reductions 1
new=84 basis=418, step time=0.022 sec

STEP 9
degree=12 pairs=504/504 with pairs limit 2048
8630 x 9703 with 262773 non-zero, 30.4 per row
1.527 bytes per non-zero, matrix encoded in 0.383 MB
1008 rows to reduce, blocksize 30, max threads 34, zero reductions 1
new=49 basis=467, step time=0.021 sec

STEP 10
degree=13 pairs=294/294 with pairs limit 2048
9457 x 10921 with 281741 non-zero, 29.8 per row
1.509 bytes per non-zero, matrix encoded in 0.405 MB
588 rows to reduce, blocksize 24, max threads 25, zero reductions 1
new=21 basis=488, step time=0.026 sec

STEP 11
degree=14 pairs=126/126 with pairs limit 2048
17754 x 19572 with 333084 non-zero, 18.8 per row
1.842 bytes per non-zero, matrix encoded in 0.585 MB
252 rows to reduce, blocksize 18, max threads 14, zero reductions 1
new=6 basis=494, step time=0.031 sec

STEP 12
degree=13 pairs=36/36 with pairs limit 2048
19407 x 21235 with 291354 non-zero, 15.0 per row
2.031 bytes per non-zero, matrix encoded in 0.564 MB
72 rows to reduce, blocksize 12, max threads 6, zero reductions 1
new=1 basis=495, step time=0.028 sec

STEP 13
degree=14 pairs=6/6 with pairs limit 2048
8711 x 10466 with 128417 non-zero, 14.7 per row
1.910 bytes per non-zero, matrix encoded in 0.234 MB
12 rows to reduce, blocksize 6, max threads 2, zero reductions 1
new=0 basis=495, step time=0.014 sec

DONE inter-reduce
990 x 2592 with 142306 non-zero, 143.7 per row
1.061 bytes per non-zero, matrix encoded in 0.144 MB
495 basis elements, 0.298 sec

[stderr]

