run_id: apply-mayr42-axf4-t8
track: apply_vs_axf4__snowy_sky_otter
job_id: apply-mayr42-axf4-t8
system_ref: systems/mayr42/mayr42.md
input_ref: systems/mayr42/txt/mayr42.txt
software: axf4 -t 8
version: local-copy
runner: axf4
threads: 8
field: GF(2147483647)
order: degrevlex
hardware_track: 
timeout_s: 3600
memory_limit_mb: 32768
peak_memory_mb: 498
status: ok
exit_code: 0
wall_time_seconds: 92.271233
process_wall_time_seconds: 92.271233
started_at_utc: 2026-05-18T01:41:00Z
finished_at_utc: 2026-05-18T01:42:32Z
runner_host: calcul-ouragan
runner_os: Linux-6.1.0-1029-oem-x86_64-with-glibc2.35
runner_machine: x86_64
runner_cpu_count: 32
runner_word_size: 64
runner_python: 3.10.12
command: /home/ademin/GroebnerBenchmark/../axgrob/axf4 -p 2147483647 -v [x1,x2,x3,x4,x5,x6,x7,x8,x9,x10,x11,x12,x13,x14,x15,x16,x17,x18,x19,x20,x21,x22,x23,x24,x25,x26,x27,x28,x29,x30,x31,x32,x33,x34,x35,x36,x37,x38,x39,x40,x41,x42,x43,x44,x45,x46,x47,x48,x49,x50,x51] -t 8 /tmp/gbbench-axf4-wsqousht/mayr42.txt

[stdout]
F4 algorithm in 51 variables mod p=2147483647, 8 threads

STEP 1
degree=3 pairs=28/179 with pairs limit 2048
92 x 80 with 184 non-zero, 2.0 per row
3.000 bytes per non-zero, matrix encoded in 0.001 MB
56 rows to reduce, blocksize 9, max threads 7, zero reductions 1
new=28 basis=72, step time=0.003 sec

STEP 2
degree=4 pairs=124/479 with pairs limit 2048
459 x 302 with 918 non-zero, 2.0 per row
3.000 bytes per non-zero, matrix encoded in 0.003 MB
248 rows to reduce, blocksize 18, max threads 14, zero reductions 1
new=44 basis=116, step time=0.005 sec

STEP 3
degree=5 pairs=515/1249 with pairs limit 2048
1931 x 1136 with 3862 non-zero, 2.0 per row
3.467 bytes per non-zero, matrix encoded in 0.013 MB
1030 rows to reduce, blocksize 30, max threads 35, zero reductions 1
new=79 basis=195, step time=0.012 sec

STEP 4
degree=6 pairs=1396/2867 with pairs limit 2048
5321 x 3069 with 10642 non-zero, 2.0 per row
3.942 bytes per non-zero, matrix encoded in 0.040 MB
2792 rows to reduce, blocksize 42, max threads 67, zero reductions 1
new=161 basis=356, step time=0.045 sec

STEP 5
degree=7 pairs=2048/6043 with pairs limit 2048
8042 x 4697 with 16084 non-zero, 2.0 per row
3.962 bytes per non-zero, matrix encoded in 0.061 MB
4096 rows to reduce, blocksize 48, max threads 86, zero reductions 1
new=112 basis=468, step time=0.056 sec

STEP 6
degree=7 pairs=768/7605 with pairs limit 4096
3278 x 2203 with 6556 non-zero, 2.0 per row
4.239 bytes per non-zero, matrix encoded in 0.027 MB
1536 rows to reduce, blocksize 33, max threads 47, zero reductions 1
new=178 basis=646, step time=0.117 sec

STEP 7
degree=8 pairs=2048/15910 with pairs limit 2048
8053 x 4664 with 16106 non-zero, 2.0 per row
3.987 bytes per non-zero, matrix encoded in 0.061 MB
4096 rows to reduce, blocksize 48, max threads 86, zero reductions 1
new=84 basis=730, step time=0.083 sec

STEP 8
degree=8 pairs=3923/16845 with pairs limit 4096
16284 x 9831 with 32568 non-zero, 2.0 per row
4.330 bytes per non-zero, matrix encoded in 0.134 MB
7846 rows to reduce, blocksize 57, max threads 138, zero reductions 1
new=395 basis=1125, step time=0.501 sec

STEP 9
degree=9 pairs=2048/33200 with pairs limit 2048
7808 x 4320 with 15616 non-zero, 2.0 per row
4.024 bytes per non-zero, matrix encoded in 0.060 MB
4096 rows to reduce, blocksize 48, max threads 86, zero reductions 1
new=98 basis=1223, step time=0.201 sec

STEP 10
degree=9 pairs=4096/35354 with pairs limit 4096
16403 x 9635 with 32806 non-zero, 2.0 per row
4.195 bytes per non-zero, matrix encoded in 0.131 MB
8192 rows to reduce, blocksize 60, max threads 137, zero reductions 1
new=229 basis=1452, step time=0.552 sec

STEP 11
degree=9 pairs=6399/40881 with pairs limit 8192
29081 x 18668 with 58162 non-zero, 2.0 per row
4.250 bytes per non-zero, matrix encoded in 0.236 MB
12798 rows to reduce, blocksize 69, max threads 186, zero reductions 1
new=287 basis=1739, step time=0.781 sec

STEP 12
degree=10 pairs=2048/52270 with pairs limit 2048
7787 x 4322 with 15574 non-zero, 2.0 per row
3.994 bytes per non-zero, matrix encoded in 0.059 MB
4096 rows to reduce, blocksize 48, max threads 86, zero reductions 1
new=126 basis=1865, step time=0.478 sec

STEP 13
degree=10 pairs=4096/56378 with pairs limit 4096
15973 x 9039 with 31946 non-zero, 2.0 per row
4.161 bytes per non-zero, matrix encoded in 0.127 MB
8192 rows to reduce, blocksize 60, max threads 137, zero reductions 1
new=180 basis=2045, step time=0.778 sec

STEP 14
degree=10 pairs=8192/60041 with pairs limit 8192
34294 x 21050 with 68588 non-zero, 2.0 per row
4.190 bytes per non-zero, matrix encoded in 0.274 MB
16384 rows to reduce, blocksize 75, max threads 219, zero reductions 1
new=412 basis=2457, step time=1.796 sec

STEP 15
degree=10 pairs=5771/66138 with pairs limit 16384
27831 x 18530 with 55662 non-zero, 2.0 per row
4.211 bytes per non-zero, matrix encoded in 0.224 MB
11542 rows to reduce, blocksize 66, max threads 175, zero reductions 1
new=106 basis=2563, step time=0.526 sec

STEP 16
degree=11 pairs=2048/64434 with pairs limit 2048
7731 x 4280 with 15462 non-zero, 2.0 per row
3.943 bytes per non-zero, matrix encoded in 0.058 MB
4096 rows to reduce, blocksize 48, max threads 86, zero reductions 1
new=150 basis=2713, step time=0.887 sec

STEP 17
degree=11 pairs=4096/69097 with pairs limit 4096
16027 x 8892 with 32054 non-zero, 2.0 per row
4.326 bytes per non-zero, matrix encoded in 0.132 MB
8192 rows to reduce, blocksize 60, max threads 137, zero reductions 1
new=140 basis=2853, step time=0.901 sec

STEP 18
degree=11 pairs=8192/70442 with pairs limit 8192
32713 x 18657 with 65426 non-zero, 2.0 per row
4.315 bytes per non-zero, matrix encoded in 0.269 MB
16384 rows to reduce, blocksize 75, max threads 219, zero reductions 1
new=214 basis=3067, step time=1.389 sec

STEP 19
degree=11 pairs=15504/70604 with pairs limit 16384
69288 x 44220 with 138576 non-zero, 2.0 per row
4.270 bytes per non-zero, matrix encoded in 0.564 MB
31008 rows to reduce, blocksize 93, max threads 334, zero reductions 1
new=461 basis=3528, step time=2.937 sec

STEP 20
degree=12 pairs=2048/73110 with pairs limit 2048
7533 x 4003 with 15066 non-zero, 2.0 per row
4.132 bytes per non-zero, matrix encoded in 0.059 MB
4096 rows to reduce, blocksize 48, max threads 86, zero reductions 1
new=139 basis=3667, step time=1.337 sec

STEP 21
degree=12 pairs=4096/77126 with pairs limit 4096
15372 x 7853 with 30744 non-zero, 2.0 per row
4.426 bytes per non-zero, matrix encoded in 0.130 MB
8192 rows to reduce, blocksize 60, max threads 137, zero reductions 1
new=35 basis=3702, step time=0.345 sec

STEP 22
degree=12 pairs=8192/74130 with pairs limit 8192
31705 x 17212 with 63410 non-zero, 2.0 per row
4.409 bytes per non-zero, matrix encoded in 0.267 MB
16384 rows to reduce, blocksize 75, max threads 219, zero reductions 1
new=216 basis=3918, step time=1.911 sec

STEP 23
degree=12 pairs=16384/74041 with pairs limit 16384
69673 x 43075 with 139346 non-zero, 2.0 per row
4.339 bytes per non-zero, matrix encoded in 0.577 MB
32768 rows to reduce, blocksize 96, max threads 342, zero reductions 1
new=525 basis=4443, step time=4.606 sec

STEP 24
degree=12 pairs=8425/77019 with pairs limit 32768
41681 x 28491 with 83362 non-zero, 2.0 per row
4.373 bytes per non-zero, matrix encoded in 0.348 MB
16850 rows to reduce, blocksize 75, max threads 225, zero reductions 1
new=196 basis=4639, step time=1.657 sec

STEP 25
degree=13 pairs=2048/76076 with pairs limit 2048
7277 x 3620 with 14554 non-zero, 2.0 per row
4.179 bytes per non-zero, matrix encoded in 0.058 MB
4096 rows to reduce, blocksize 48, max threads 86, zero reductions 1
new=77 basis=4716, step time=1.160 sec

STEP 26
degree=13 pairs=4096/77120 with pairs limit 4096
15251 x 7831 with 30502 non-zero, 2.0 per row
4.389 bytes per non-zero, matrix encoded in 0.128 MB
8192 rows to reduce, blocksize 60, max threads 137, zero reductions 1
new=33 basis=4749, step time=0.331 sec

STEP 27
degree=13 pairs=8192/74101 with pairs limit 8192
31830 x 17466 with 63660 non-zero, 2.0 per row
4.390 bytes per non-zero, matrix encoded in 0.267 MB
16384 rows to reduce, blocksize 75, max threads 219, zero reductions 1
new=193 basis=4942, step time=2.280 sec

STEP 28
degree=13 pairs=16384/73353 with pairs limit 16384
68101 x 40028 with 136202 non-zero, 2.0 per row
4.377 bytes per non-zero, matrix encoded in 0.569 MB
32768 rows to reduce, blocksize 96, max threads 342, zero reductions 1
new=340 basis=5282, step time=3.629 sec

STEP 29
degree=13 pairs=18481/69650 with pairs limit 32768
90709 x 61652 with 181418 non-zero, 2.0 per row
4.363 bytes per non-zero, matrix encoded in 0.755 MB
36962 rows to reduce, blocksize 99, max threads 374, zero reductions 1
new=432 basis=5714, step time=4.534 sec

STEP 30
degree=14 pairs=2048/67715 with pairs limit 2048
7426 x 3801 with 14852 non-zero, 2.0 per row
4.252 bytes per non-zero, matrix encoded in 0.060 MB
4096 rows to reduce, blocksize 48, max threads 86, zero reductions 1
new=70 basis=5784, step time=1.550 sec

STEP 31
degree=14 pairs=4096/68376 with pairs limit 4096
15765 x 8725 with 31530 non-zero, 2.0 per row
4.358 bytes per non-zero, matrix encoded in 0.131 MB
8192 rows to reduce, blocksize 60, max threads 137, zero reductions 1
new=116 basis=5900, step time=1.948 sec

STEP 32
degree=14 pairs=8192/68550 with pairs limit 8192
33303 x 19199 with 66606 non-zero, 2.0 per row
4.397 bytes per non-zero, matrix encoded in 0.279 MB
16384 rows to reduce, blocksize 75, max threads 219, zero reductions 1
new=106 basis=6006, step time=1.777 sec

STEP 33
degree=14 pairs=16384/64574 with pairs limit 16384
71691 x 44787 with 143382 non-zero, 2.0 per row
4.383 bytes per non-zero, matrix encoded in 0.599 MB
32768 rows to reduce, blocksize 96, max threads 342, zero reductions 1
new=292 basis=6298, step time=3.664 sec

STEP 34
degree=14 pairs=18260/58981 with pairs limit 32768
91347 x 62990 with 182694 non-zero, 2.0 per row
4.261 bytes per non-zero, matrix encoded in 0.742 MB
36520 rows to reduce, blocksize 99, max threads 369, zero reductions 1
new=279 basis=6577, step time=3.260 sec

STEP 35
degree=15 pairs=2048/51485 with pairs limit 2048
7168 x 3418 with 14336 non-zero, 2.0 per row
4.282 bytes per non-zero, matrix encoded in 0.059 MB
4096 rows to reduce, blocksize 48, max threads 86, zero reductions 1
new=25 basis=6602, step time=0.853 sec

STEP 36
degree=15 pairs=4096/50354 with pairs limit 4096
15935 x 8843 with 31870 non-zero, 2.0 per row
4.387 bytes per non-zero, matrix encoded in 0.133 MB
8192 rows to reduce, blocksize 60, max threads 137, zero reductions 1
new=95 basis=6697, step time=2.068 sec

STEP 37
degree=15 pairs=8192/49848 with pairs limit 8192
33690 x 20019 with 67380 non-zero, 2.0 per row
4.404 bytes per non-zero, matrix encoded in 0.283 MB
16384 rows to reduce, blocksize 75, max threads 219, zero reductions 1
new=216 basis=6913, step time=4.049 sec

STEP 38
degree=15 pairs=16384/49909 with pairs limit 16384
74880 x 48201 with 149760 non-zero, 2.0 per row
4.286 bytes per non-zero, matrix encoded in 0.612 MB
32768 rows to reduce, blocksize 96, max threads 342, zero reductions 1
new=197 basis=7110, step time=3.107 sec

STEP 39
degree=15 pairs=9250/40928 with pairs limit 32768
48652 x 34950 with 97304 non-zero, 2.0 per row
4.186 bytes per non-zero, matrix encoded in 0.388 MB
18500 rows to reduce, blocksize 78, max threads 238, zero reductions 1
new=91 basis=7201, step time=1.201 sec

STEP 40
degree=16 pairs=2048/35273 with pairs limit 2048
7829 x 4289 with 15658 non-zero, 2.0 per row
4.237 bytes per non-zero, matrix encoded in 0.063 MB
4096 rows to reduce, blocksize 48, max threads 86, zero reductions 1
new=33 basis=7234, step time=1.084 sec

STEP 41
degree=16 pairs=4096/34523 with pairs limit 4096
16474 x 9517 with 32948 non-zero, 2.0 per row
4.338 bytes per non-zero, matrix encoded in 0.136 MB
8192 rows to reduce, blocksize 60, max threads 137, zero reductions 1
new=101 basis=7335, step time=2.210 sec

STEP 42
degree=16 pairs=8192/34224 with pairs limit 8192
34159 x 20340 with 68318 non-zero, 2.0 per row
4.381 bytes per non-zero, matrix encoded in 0.285 MB
16384 rows to reduce, blocksize 75, max threads 219, zero reductions 1
new=176 basis=7511, step time=4.143 sec

STEP 43
degree=16 pairs=13860/32495 with pairs limit 16384
67641 x 45788 with 135282 non-zero, 2.0 per row
4.230 bytes per non-zero, matrix encoded in 0.546 MB
27720 rows to reduce, blocksize 90, max threads 308, zero reductions 1
new=166 basis=7677, step time=3.539 sec

STEP 44
degree=17 pairs=2048/24606 with pairs limit 2048
7913 x 4395 with 15826 non-zero, 2.0 per row
4.111 bytes per non-zero, matrix encoded in 0.062 MB
4096 rows to reduce, blocksize 48, max threads 86, zero reductions 1
new=41 basis=7718, step time=1.044 sec

STEP 45
degree=17 pairs=4096/24145 with pairs limit 4096
16652 x 9676 with 33304 non-zero, 2.0 per row
4.363 bytes per non-zero, matrix encoded in 0.139 MB
8192 rows to reduce, blocksize 60, max threads 137, zero reductions 1
new=68 basis=7786, step time=1.746 sec

STEP 46
degree=17 pairs=8192/22600 with pairs limit 8192
34501 x 20776 with 69002 non-zero, 2.0 per row
4.372 bytes per non-zero, matrix encoded in 0.288 MB
16384 rows to reduce, blocksize 75, max threads 219, zero reductions 1
new=148 basis=7934, step time=4.110 sec

STEP 47
degree=17 pairs=5968/19851 with pairs limit 16384
29843 x 20729 with 59686 non-zero, 2.0 per row
4.207 bytes per non-zero, matrix encoded in 0.239 MB
11936 rows to reduce, blocksize 66, max threads 181, zero reductions 1
new=63 basis=7997, step time=1.493 sec

STEP 48
degree=18 pairs=2048/16108 with pairs limit 2048
8314 x 4835 with 16628 non-zero, 2.0 per row
4.263 bytes per non-zero, matrix encoded in 0.068 MB
4096 rows to reduce, blocksize 48, max threads 86, zero reductions 1
new=21 basis=8018, step time=0.544 sec

STEP 49
degree=18 pairs=4096/14901 with pairs limit 4096
17600 x 10869 with 35200 non-zero, 2.0 per row
4.266 bytes per non-zero, matrix encoded in 0.143 MB
8192 rows to reduce, blocksize 60, max threads 137, zero reductions 1
new=69 basis=8087, step time=1.758 sec

STEP 50
degree=18 pairs=7530/13269 with pairs limit 8192
35165 x 23285 with 70330 non-zero, 2.0 per row
4.220 bytes per non-zero, matrix encoded in 0.283 MB
15060 rows to reduce, blocksize 72, max threads 210, zero reductions 1
new=83 basis=8170, step time=2.574 sec

STEP 51
degree=19 pairs=2048/8859 with pairs limit 2048
9017 x 5701 with 18034 non-zero, 2.0 per row
4.120 bytes per non-zero, matrix encoded in 0.071 MB
4096 rows to reduce, blocksize 48, max threads 86, zero reductions 1
new=26 basis=8196, step time=0.691 sec

STEP 52
degree=19 pairs=4096/7805 with pairs limit 4096
18797 x 12445 with 37594 non-zero, 2.0 per row
4.197 bytes per non-zero, matrix encoded in 0.150 MB
8192 rows to reduce, blocksize 60, max threads 137, zero reductions 1
new=62 basis=8258, step time=1.630 sec

STEP 53
degree=19 pairs=1424/5956 with pairs limit 8192
7017 x 4928 with 14034 non-zero, 2.0 per row
4.116 bytes per non-zero, matrix encoded in 0.055 MB
2848 rows to reduce, blocksize 42, max threads 68, zero reductions 1
new=11 basis=8269, step time=0.500 sec

STEP 54
degree=20 pairs=2048/4958 with pairs limit 2048
9446 x 6224 with 18892 non-zero, 2.0 per row
4.022 bytes per non-zero, matrix encoded in 0.072 MB
4096 rows to reduce, blocksize 48, max threads 86, zero reductions 1
new=38 basis=8307, step time=0.893 sec

STEP 55
degree=20 pairs=2202/4261 with pairs limit 4096
10576 x 7281 with 21152 non-zero, 2.0 per row
4.121 bytes per non-zero, matrix encoded in 0.083 MB
4404 rows to reduce, blocksize 48, max threads 92, zero reductions 1
new=23 basis=8330, step time=0.637 sec

STEP 56
degree=21 pairs=2048/2898 with pairs limit 2048
9536 x 6273 with 19072 non-zero, 2.0 per row
3.955 bytes per non-zero, matrix encoded in 0.072 MB
4096 rows to reduce, blocksize 48, max threads 86, zero reductions 1
new=41 basis=8371, step time=0.964 sec

STEP 57
degree=21 pairs=406/2282 with pairs limit 4096
1953 x 1381 with 3906 non-zero, 2.0 per row
4.115 bytes per non-zero, matrix encoded in 0.015 MB
812 rows to reduce, blocksize 27, max threads 31, zero reductions 1
new=9 basis=8380, step time=0.266 sec

STEP 58
degree=22 pairs=1944/2231 with pairs limit 2048
9438 x 6404 with 18876 non-zero, 2.0 per row
3.986 bytes per non-zero, matrix encoded in 0.072 MB
3888 rows to reduce, blocksize 45, max threads 87, zero reductions 1
new=29 basis=8409, step time=0.773 sec

STEP 59
degree=23 pairs=1226/1388 with pairs limit 2048
6062 x 4165 with 12124 non-zero, 2.0 per row
4.004 bytes per non-zero, matrix encoded in 0.046 MB
2452 rows to reduce, blocksize 39, max threads 63, zero reductions 1
new=14 basis=8423, step time=0.419 sec

STEP 60
degree=24 pairs=634/711 with pairs limit 2048
2956 x 1945 with 5912 non-zero, 2.0 per row
3.949 bytes per non-zero, matrix encoded in 0.022 MB
1268 rows to reduce, blocksize 30, max threads 43, zero reductions 1
new=17 basis=8440, step time=0.402 sec

STEP 61
degree=25 pairs=660/724 with pairs limit 2048
3088 x 1981 with 6176 non-zero, 2.0 per row
3.962 bytes per non-zero, matrix encoded in 0.023 MB
1320 rows to reduce, blocksize 30, max threads 44, zero reductions 1
new=20 basis=8460, step time=0.499 sec

STEP 62
degree=26 pairs=762/834 with pairs limit 2048
3667 x 2365 with 7334 non-zero, 2.0 per row
3.946 bytes per non-zero, matrix encoded in 0.028 MB
1524 rows to reduce, blocksize 33, max threads 47, zero reductions 1
new=17 basis=8477, step time=0.514 sec

STEP 63
degree=27 pairs=662/744 with pairs limit 2048
3386 x 2266 with 6772 non-zero, 2.0 per row
3.855 bytes per non-zero, matrix encoded in 0.025 MB
1324 rows to reduce, blocksize 30, max threads 45, zero reductions 1
new=14 basis=8491, step time=0.404 sec

STEP 64
degree=28 pairs=557/628 with pairs limit 2048
2975 x 2052 with 5950 non-zero, 2.0 per row
3.832 bytes per non-zero, matrix encoded in 0.022 MB
1114 rows to reduce, blocksize 30, max threads 38, zero reductions 1
new=14 basis=8505, step time=0.345 sec

STEP 65
degree=29 pairs=561/615 with pairs limit 2048
2939 x 2008 with 5878 non-zero, 2.0 per row
3.853 bytes per non-zero, matrix encoded in 0.022 MB
1122 rows to reduce, blocksize 30, max threads 38, zero reductions 1
new=14 basis=8519, step time=0.346 sec

STEP 66
degree=30 pairs=565/609 with pairs limit 2048
3062 x 2119 with 6124 non-zero, 2.0 per row
3.845 bytes per non-zero, matrix encoded in 0.022 MB
1130 rows to reduce, blocksize 30, max threads 38, zero reductions 1
new=11 basis=8530, step time=0.323 sec

STEP 67
degree=31 pairs=448/482 with pairs limit 2048
2652 x 1916 with 5304 non-zero, 2.0 per row
3.779 bytes per non-zero, matrix encoded in 0.019 MB
896 rows to reduce, blocksize 27, max threads 34, zero reductions 1
new=4 basis=8534, step time=0.157 sec

STEP 68
degree=32 pairs=180/192 with pairs limit 2048
1132 x 848 with 2264 non-zero, 2.0 per row
3.640 bytes per non-zero, matrix encoded in 0.008 MB
360 rows to reduce, blocksize 21, max threads 18, zero reductions 1
new=0 basis=8534, step time=0.012 sec

STEP 69
degree=33 pairs=12/12 with pairs limit 2048
54 x 36 with 108 non-zero, 2.0 per row
3.000 bytes per non-zero, matrix encoded in 0.000 MB
24 rows to reduce, blocksize 6, max threads 4, zero reductions 1
new=0 basis=8534, step time=0.002 sec

DONE inter-reduce
17068 x 14423 with 34136 non-zero, 2.0 per row
3.661 bytes per non-zero, matrix encoded in 0.119 MB
8534 basis elements, 92.180 sec

[stderr]

