run_id: apply-hexapod-axf4-t8
track: apply_vs_axf4__snowy_sky_otter
job_id: apply-hexapod-axf4-t8
system_ref: systems/hexapod/hexapod.md
input_ref: systems/hexapod/txt/hexapod.txt
software: axf4 -t 8
version: local-copy
runner: axf4
threads: 8
field: GF(2147483647)
order: degrevlex
hardware_track: 
timeout_s: 600
memory_limit_mb: 16384
peak_memory_mb: 40
status: ok
exit_code: 0
wall_time_seconds: 0.047408
process_wall_time_seconds: 0.047408
started_at_utc: 2026-05-16T17:46:04Z
finished_at_utc: 2026-05-16T17:46:04Z
runner_host: calcul-ouragan
runner_os: Linux-6.1.0-1029-oem-x86_64-with-glibc2.35
runner_machine: x86_64
runner_cpu_count: 32
runner_word_size: 64
runner_python: 3.10.12
command: /home/ademin/GroebnerBenchmark/../axgrob/axf4 -p 2147483647 -v [t1,t2,t3,a,b,c] -t 8 /tmp/gbbench-axf4-szx2hr7c/hexapod.txt

[stdout]
F4 algorithm in 6 variables mod p=2147483647, 32 threads

STEP 1
degree=4 pairs=5/5 with pairs limit 2048
11 x 46 with 482 non-zero, 43.8 per row
1.091 bytes per non-zero, matrix encoded in 0.001 MB
10 rows to reduce, blocksize 6, max threads 2, zero reductions 1
new=5 basis=11, step time=0.002 sec

STEP 2
degree=4 pairs=7/7 with pairs limit 4096
34 x 109 with 716 non-zero, 21.1 per row
1.190 bytes per non-zero, matrix encoded in 0.001 MB
14 rows to reduce, blocksize 6, max threads 3, zero reductions 1
new=7 basis=13, step time=0.002 sec

STEP 3
degree=4 pairs=6/21 with pairs limit 8192
41 x 128 with 1040 non-zero, 25.4 per row
1.158 bytes per non-zero, matrix encoded in 0.001 MB
12 rows to reduce, blocksize 6, max threads 2, zero reductions 1
new=6 basis=18, step time=0.002 sec

STEP 4
degree=5 pairs=32/32 with pairs limit 2048
166 x 295 with 6211 non-zero, 37.4 per row
1.107 bytes per non-zero, matrix encoded in 0.007 MB
64 rows to reduce, blocksize 12, max threads 6, zero reductions 1
new=22 basis=40, step time=0.005 sec

STEP 5
degree=5 pairs=59/63 with pairs limit 4096
270 x 321 with 11641 non-zero, 43.1 per row
1.093 bytes per non-zero, matrix encoded in 0.012 MB
118 rows to reduce, blocksize 12, max threads 10, zero reductions 1
new=28 basis=68, step time=0.003 sec

STEP 6
degree=4 pairs=12/96 with pairs limit 2048
90 x 139 with 3839 non-zero, 42.7 per row
1.094 bytes per non-zero, matrix encoded in 0.004 MB
24 rows to reduce, blocksize 6, max threads 4, zero reductions 1
new=11 basis=75, step time=0.002 sec

STEP 7
degree=4 pairs=37/121 with pairs limit 4096
163 x 186 with 6199 non-zero, 38.0 per row
1.105 bytes per non-zero, matrix encoded in 0.007 MB
74 rows to reduce, blocksize 12, max threads 7, zero reductions 1
new=21 basis=87, step time=0.002 sec

STEP 8
degree=4 pairs=73/159 with pairs limit 8192
275 x 182 with 11016 non-zero, 40.1 per row
1.100 bytes per non-zero, matrix encoded in 0.012 MB
146 rows to reduce, blocksize 15, max threads 10, zero reductions 1
new=13 basis=92, step time=0.002 sec

STEP 9
degree=4 pairs=57/143 with pairs limit 16384
248 x 174 with 10076 non-zero, 40.6 per row
1.098 bytes per non-zero, matrix encoded in 0.011 MB
114 rows to reduce, blocksize 12, max threads 10, zero reductions 1
new=0 basis=89, step time=0.002 sec

STEP 10
degree=5 pairs=86/86 with pairs limit 2048
421 x 289 with 18657 non-zero, 44.3 per row
1.090 bytes per non-zero, matrix encoded in 0.019 MB
172 rows to reduce, blocksize 15, max threads 12, zero reductions 1
new=0 basis=89, step time=0.003 sec

DONE inter-reduce
112 x 96 with 4448 non-zero, 39.7 per row
1.101 bytes per non-zero, matrix encoded in 0.005 MB
56 basis elements, 0.028 sec

[stderr]

