run_id: apply-seir36-main-axf4-t8
track: apply_vs_axf4__merry_sky_lynx
job_id: apply-seir36-main-axf4-t8
system_ref: systems/seir36/seir36.md
input_ref: systems/seir36/txt/seir36.txt
software: axf4 -t 8
version: local-copy
runner: axf4
threads: 8
field: GF(2147483647)
order: degrevlex
hardware_track: 
timeout_s: 60
memory_limit_mb: 8192
peak_memory_mb: 283
status: ok
exit_code: 0
wall_time_seconds: 0.220052
process_wall_time_seconds: 0.220052
started_at_utc: 2026-05-16T12:29:14Z
finished_at_utc: 2026-05-16T12:29:14Z
runner_host: calcul-ouragan
runner_os: Linux-6.1.0-1029-oem-x86_64-with-glibc2.35
runner_machine: x86_64
runner_cpu_count: 32
runner_word_size: 64
runner_python: 3.10.12
command: /home/ademin/GroebnerBenchmark/../axgrob/axf4 -p 2147483647 -v [De_0,De_1,De_2,De_3,De_4,De_5,De_6,De_7,Di_0,Di_1,Di_2,Di_3,Di_4,Di_5,E_0,E_1,E_2,E_3,E_4,E_5,E_6,F_0,F_1,F_2,F_3,F_4,F_5,F_6,I_0,I_1,I_2,I_3,I_4,I_5,N_0,N_1,N_2,N_3,N_4,N_5,S_0,S_1,S_2,S_3,S_4,S_5,beta_0,beta_d_0,gamma_0,gamma_d_0,mu_0_0,mu_d_0,mu_i_0,nu_0,nu_1,nu_2,nu_3,nu_4,phi_0,phi_e_0,q_0,q_1,q_2,q_3,q_4,q_5,s_0,s_d_0] -t 8 /tmp/gbbench-axf4-w1oztnl8/seir36.txt

[stdout]
error: can't parse term + 5953389323087519//4503599627370496

[stderr]

