run_id: apply-cyclic-10-axf4-t8
track: apply_vs_axf4__merry_sky_lynx
job_id: apply-cyclic-10-axf4-t8
system_ref: systems/cyclic/cyclic.md
input_ref: systems/cyclic/txt/cyclic_10.txt
software: axf4 -t 8
version: local-copy
runner: axf4
threads: 8
field: GF(2147483647)
order: degrevlex
hardware_track: 
timeout_s: 60
memory_limit_mb: 8192
peak_memory_mb: 
status: timeout
exit_code: 
wall_time_seconds: 60.031673
process_wall_time_seconds: 60.031673
started_at_utc: 2026-05-16T10:52:51Z
finished_at_utc: 2026-05-16T10:53:51Z
runner_host: calcul-ouragan
runner_os: Linux-6.1.0-1029-oem-x86_64-with-glibc2.35
runner_machine: x86_64
runner_cpu_count: 32
runner_word_size: 64
runner_python: 3.10.12
command: 

[stdout]
F4 algorithm in 10 variables mod p=2147483647, 32 threads

STEP 1
degree=2 pairs=1/9 with pairs limit 2048
4 x 25 with 40 non-zero, 10.0 per row
1.400 bytes per non-zero, matrix encoded in 0.000 MB
2 rows to reduce, blocksize 1, max threads 2, zero reductions 1
new=1 basis=11, step time=0.139 sec

STEP 2
degree=3 pairs=1/8 with pairs limit 2048
7 x 55 with 92 non-zero, 13.1 per row
1.304 bytes per non-zero, matrix encoded in 0.000 MB
2 rows to reduce, blocksize 1, max threads 2, zero reductions 1
new=1 basis=12, step time=0.160 sec

STEP 3
degree=4 pairs=2/8 with pairs limit 2048
20 x 210 with 482 non-zero, 24.1 per row
1.166 bytes per non-zero, matrix encoded in 0.001 MB
4 rows to reduce, blocksize 3, max threads 2, zero reductions 1
new=2 basis=14, step time=0.200 sec

STEP 4
degree=5 pairs=4/9 with pairs limit 2048
75 x 518 with 2635 non-zero, 35.1 per row
1.114 bytes per non-zero, matrix encoded in 0.003 MB
8 rows to reduce, blocksize 6, max threads 2, zero reductions 1
new=3 basis=17, step time=0.132 sec

STEP 5
degree=6 pairs=9/13 with pairs limit 2048
134 x 1130 with 10510 non-zero, 78.4 per row
1.056 bytes per non-zero, matrix encoded in 0.011 MB
18 rows to reduce, blocksize 6, max threads 3, zero reductions 1
new=7 basis=24, step time=0.164 sec

STEP 6
degree=7 pairs=22/25 with pairs limit 2048
457 x 2796 with 59078 non-zero, 129.3 per row
1.065 bytes per non-zero, matrix encoded in 0.060 MB
44 rows to reduce, blocksize 9, max threads 5, zero reductions 1
new=13 basis=37, step time=0.164 sec

STEP 7
degree=8 pairs=47/49 with pairs limit 2048
1370 x 6196 with 282367 non-zero, 206.1 per row
1.075 bytes per non-zero, matrix encoded in 0.289 MB
94 rows to reduce, blocksize 12, max threads 8, zero reductions 1
new=24 basis=61, step time=0.220 sec

STEP 8
degree=9 pairs=106/111 with pairs limit 2048
2831 x 10974 with 916997 non-zero, 323.9 per row
1.069 bytes per non-zero, matrix encoded in 0.935 MB
212 rows to reduce, blocksize 15, max threads 15, zero reductions 1
new=51 basis=112, step time=0.332 sec

STEP 9
degree=10 pairs=254/256 with pairs limit 2048
6231 x 19206 with 3892294 non-zero, 624.7 per row
1.051 bytes per non-zero, matrix encoded in 3.902 MB
508 rows to reduce, blocksize 21, max threads 25, zero reductions 1
new=108 basis=220, step time=1.148 sec

STEP 10
degree=11 pairs=571/591 with pairs limit 2048
11814 x 31121 with 14370156 non-zero, 1216.4 per row
1.034 bytes per non-zero, matrix encoded in 14.164 MB
1142 rows to reduce, blocksize 30, max threads 39, zero reductions 1
new=196 basis=416, step time=2.902 sec

STEP 11
degree=12 pairs=1192/1218 with pairs limit 2048
23749 x 51853 with 43871836 non-zero, 1847.3 per row
1.028 bytes per non-zero, matrix encoded in 43.030 MB
2384 rows to reduce, blocksize 39, max threads 62, zero reductions 1
new=405 basis=821, step time=5.405 sec

STEP 12
degree=13 pairs=2048/2605 with pairs limit 2048
32221 x 63935 with 90542433 non-zero, 2810.0 per row
1.020 bytes per non-zero, matrix encoded in 88.063 MB
4096 rows to reduce, blocksize 48, max threads 86, zero reductions 1
new=736 basis=1557, step time=10.046 sec

STEP 13
degree=13 pairs=548/5354 with pairs limit 4096
43844 x 85707 with 96435693 non-zero, 2199.5 per row
1.030 bytes per non-zero, matrix encoded in 94.757 MB
1096 rows to reduce, blocksize 30, max threads 37, zero reductions 1
new=24 basis=1581, step time=2.097 sec

STEP 14
degree=14 pairs=2048/4977 with pairs limit 2048
35243 x 68081 with 127289929 non-zero, 3611.8 per row
1.015 bytes per non-zero, matrix encoded in 123.251 MB
4096 rows to reduce, blocksize 48, max threads 86, zero reductions 1
new=1004 basis=2585, step time=15.262 sec

STEP 15
degree=14 pairs=2926/9786 with pairs limit 4096
82335 x 135757 with 287228148 non-zero, 3488.5 per row
1.025 bytes per non-zero, matrix encoded in 280.654 MB
5852 rows to reduce, blocksize 54, max threads 109, zero reductions 1
new=184 basis=2769, step time=10.851 sec

STEP 16
degree=15 pairs=2048/8139 with pairs limit 2048
35234 x 67436 with 148470664 non-zero, 4213.8 per row
1.013 bytes per non-zero, matrix encoded in 143.430 MB
4096 rows to reduce, blocksize 48, max threads 86, zero reductions 1

[stderr]

