run_id: apply-reimer7-main-groebner
track: apply_vs_axf4__merry_sky_lynx
job_id: apply-reimer7-main-groebner
system_ref: systems/reimer7/reimer7.md
input_ref: systems/reimer7/txt/reimer7.txt
software: Groebner.groebner
version: 0.10.3
runner: groebner_jl
threads: 8
field: GF(2147483647)
order: degrevlex
hardware_track: 
timeout_s: 60
memory_limit_mb: 8192
peak_memory_mb: 729
status: ok
exit_code: 0
wall_time_seconds: 1.65648554
process_wall_time_seconds: 10.387194
started_at_utc: 2026-05-16T12:27:08Z
finished_at_utc: 2026-05-16T12:27:18Z
runner_host: calcul-ouragan
runner_os: Linux-6.1.0-1029-oem-x86_64-with-glibc2.35
runner_machine: x86_64
runner_cpu_count: 32
runner_word_size: 64
runner_python: 3.10.12
command: /home/ademin/.juliaup/bin/julia --startup-file=no /tmp/gbbench-groebner-jl-khp7tsyw/groebner_jl_worker.jl --input /home/ademin/GroebnerBenchmark/systems/reimer7/txt/reimer7.txt --field GF(2147483647) --order degrevlex --threads 8 --method groebner

[stdout]
GBBENCH_WALL_TIME=1.65648554
GBBENCH_BYTES=487787040
GBBENCH_VERSION=0.10.3

[stderr]

