run_id: apply-fab_4-main-axf4-t8
track: apply_vs_axf4__merry_sky_lynx
job_id: apply-fab_4-main-axf4-t8
system_ref: systems/fab_4/fab_4.md
input_ref: systems/fab_4/txt/fab_4.txt
software: axf4 -t 8
version: local-copy
runner: axf4
threads: 8
field: GF(2147483647)
order: degrevlex
hardware_track: 
timeout_s: 60
memory_limit_mb: 8192
peak_memory_mb: 48
status: ok
exit_code: 0
wall_time_seconds: 0.228509
process_wall_time_seconds: 0.228509
started_at_utc: 2026-05-16T11:26:29Z
finished_at_utc: 2026-05-16T11:26:30Z
runner_host: calcul-ouragan
runner_os: Linux-6.1.0-1029-oem-x86_64-with-glibc2.35
runner_machine: x86_64
runner_cpu_count: 32
runner_word_size: 64
runner_python: 3.10.12
command: /home/ademin/GroebnerBenchmark/../axgrob/axf4 -p 2147483647 -v [x1,x2,x3,x4] -t 8 /tmp/gbbench-axf4-yktvcoo_/fab_4.txt

[stdout]
F4 algorithm in 4 variables mod p=2147483647, 32 threads

STEP 1
degree=6 pairs=3/3 with pairs limit 2048
7 x 149 with 1042 non-zero, 148.9 per row
1.027 bytes per non-zero, matrix encoded in 0.001 MB
6 rows to reduce, blocksize 3, max threads 2, zero reductions 1
new=3 basis=7, step time=0.006 sec

STEP 2
degree=7 pairs=2/3 with pairs limit 2048
20 x 278 with 2910 non-zero, 145.5 per row
1.027 bytes per non-zero, matrix encoded in 0.003 MB
4 rows to reduce, blocksize 3, max threads 2, zero reductions 1
new=2 basis=6, step time=0.006 sec

STEP 3
degree=8 pairs=3/3 with pairs limit 2048
59 x 456 with 9757 non-zero, 165.4 per row
1.024 bytes per non-zero, matrix encoded in 0.010 MB
6 rows to reduce, blocksize 3, max threads 2, zero reductions 1
new=3 basis=9, step time=0.006 sec

STEP 4
degree=9 pairs=6/6 with pairs limit 2048
79 x 621 with 16667 non-zero, 211.0 per row
1.019 bytes per non-zero, matrix encoded in 0.016 MB
12 rows to reduce, blocksize 6, max threads 2, zero reductions 1
new=6 basis=15, step time=0.006 sec

STEP 5
degree=10 pairs=11/11 with pairs limit 2048
137 x 831 with 39222 non-zero, 286.3 per row
1.014 bytes per non-zero, matrix encoded in 0.038 MB
22 rows to reduce, blocksize 6, max threads 4, zero reductions 1
new=8 basis=23, step time=0.007 sec

STEP 6
degree=11 pairs=16/16 with pairs limit 2048
233 x 1065 with 86418 non-zero, 370.9 per row
1.011 bytes per non-zero, matrix encoded in 0.083 MB
32 rows to reduce, blocksize 9, max threads 4, zero reductions 1
new=12 basis=35, step time=0.008 sec

STEP 7
degree=12 pairs=30/30 with pairs limit 2048
342 x 1279 with 160548 non-zero, 469.4 per row
1.009 bytes per non-zero, matrix encoded in 0.154 MB
60 rows to reduce, blocksize 9, max threads 7, zero reductions 1
new=15 basis=50, step time=0.006 sec

STEP 8
degree=13 pairs=44/45 with pairs limit 2048
460 x 1482 with 222259 non-zero, 483.2 per row
1.008 bytes per non-zero, matrix encoded in 0.214 MB
88 rows to reduce, blocksize 12, max threads 8, zero reductions 1
new=20 basis=70, step time=0.008 sec

STEP 9
degree=14 pairs=61/61 with pairs limit 2048
582 x 1654 with 340496 non-zero, 585.0 per row
1.007 bytes per non-zero, matrix encoded in 0.327 MB
122 rows to reduce, blocksize 12, max threads 11, zero reductions 1
new=24 basis=94, step time=0.008 sec

STEP 10
degree=15 pairs=72/72 with pairs limit 2048
626 x 1732 with 406778 non-zero, 649.8 per row
1.006 bytes per non-zero, matrix encoded in 0.390 MB
144 rows to reduce, blocksize 15, max threads 10, zero reductions 1
new=24 basis=118, step time=0.008 sec

STEP 11
degree=16 pairs=72/72 with pairs limit 2048
678 x 1816 with 484116 non-zero, 714.0 per row
1.006 bytes per non-zero, matrix encoded in 0.464 MB
144 rows to reduce, blocksize 15, max threads 10, zero reductions 1
new=21 basis=139, step time=0.009 sec

STEP 12
degree=17 pairs=63/63 with pairs limit 2048
697 x 1867 with 526884 non-zero, 755.9 per row
1.005 bytes per non-zero, matrix encoded in 0.505 MB
126 rows to reduce, blocksize 15, max threads 9, zero reductions 1
new=15 basis=154, step time=0.008 sec

STEP 13
degree=18 pairs=45/45 with pairs limit 2048
684 x 1895 with 527079 non-zero, 770.6 per row
1.005 bytes per non-zero, matrix encoded in 0.505 MB
90 rows to reduce, blocksize 12, max threads 8, zero reductions 1
new=10 basis=164, step time=0.008 sec

STEP 14
degree=19 pairs=30/30 with pairs limit 2048
668 x 1909 with 508515 non-zero, 761.2 per row
1.005 bytes per non-zero, matrix encoded in 0.488 MB
60 rows to reduce, blocksize 9, max threads 7, zero reductions 1
new=6 basis=170, step time=0.008 sec

STEP 15
degree=20 pairs=18/18 with pairs limit 2048
651 x 1914 with 487257 non-zero, 748.5 per row
1.005 bytes per non-zero, matrix encoded in 0.467 MB
36 rows to reduce, blocksize 9, max threads 4, zero reductions 1
new=3 basis=173, step time=0.008 sec

STEP 16
degree=21 pairs=9/9 with pairs limit 2048
635 x 1914 with 466776 non-zero, 735.1 per row
1.005 bytes per non-zero, matrix encoded in 0.448 MB
18 rows to reduce, blocksize 6, max threads 3, zero reductions 1
new=1 basis=174, step time=0.008 sec

STEP 17
degree=22 pairs=3/3 with pairs limit 2048
622 x 1912 with 450034 non-zero, 723.5 per row
1.006 bytes per non-zero, matrix encoded in 0.432 MB
6 rows to reduce, blocksize 3, max threads 2, zero reductions 1
new=0 basis=174, step time=0.006 sec

DONE inter-reduce
348 x 1466 with 371672 non-zero, 1068.0 per row
1.004 bytes per non-zero, matrix encoded in 0.356 MB
174 basis elements, 0.134 sec

[stderr]

