run_id: apply-noon-6-axf4-t8
track: apply_vs_axf4__merry_sky_lynx
job_id: apply-noon-6-axf4-t8
system_ref: systems/noon/noon.md
input_ref: systems/noon/txt/noon_6.txt
software: axf4 -t 8
version: local-copy
runner: axf4
threads: 8
field: GF(2147483647)
order: degrevlex
hardware_track: 
timeout_s: 60
memory_limit_mb: 8192
peak_memory_mb: 46
status: ok
exit_code: 0
wall_time_seconds: 3.308411
process_wall_time_seconds: 3.308411
started_at_utc: 2026-05-16T12:17:29Z
finished_at_utc: 2026-05-16T12:17:32Z
runner_host: calcul-ouragan
runner_os: Linux-6.1.0-1029-oem-x86_64-with-glibc2.35
runner_machine: x86_64
runner_cpu_count: 32
runner_word_size: 64
runner_python: 3.10.12
command: /home/ademin/GroebnerBenchmark/../axgrob/axf4 -p 2147483647 -v [x1,x2,x3,x4,x5,x6] -t 8 /tmp/gbbench-axf4-8rt7855f/noon_6.txt

[stdout]
F4 algorithm in 6 variables mod p=2147483647, 32 threads

STEP 1
degree=4 pairs=11/11 with pairs limit 2048
37 x 97 with 259 non-zero, 7.0 per row
1.571 bytes per non-zero, matrix encoded in 0.000 MB
22 rows to reduce, blocksize 6, max threads 4, zero reductions 1
new=11 basis=17, step time=0.167 sec

STEP 2
degree=5 pairs=16/32 with pairs limit 2048
66 x 118 with 363 non-zero, 5.5 per row
1.727 bytes per non-zero, matrix encoded in 0.001 MB
32 rows to reduce, blocksize 9, max threads 4, zero reductions 1
new=6 basis=23, step time=0.148 sec

STEP 3
degree=6 pairs=36/46 with pairs limit 2048
241 x 440 with 1844 non-zero, 7.7 per row
1.612 bytes per non-zero, matrix encoded in 0.003 MB
72 rows to reduce, blocksize 12, max threads 6, zero reductions 1
new=14 basis=37, step time=0.184 sec

STEP 4
degree=7 pairs=73/78 with pairs limit 2048
498 x 771 with 5094 non-zero, 10.2 per row
1.558 bytes per non-zero, matrix encoded in 0.008 MB
146 rows to reduce, blocksize 15, max threads 10, zero reductions 1
new=24 basis=61, step time=0.205 sec

STEP 5
degree=8 pairs=121/121 with pairs limit 2048
900 x 1213 with 11412 non-zero, 12.7 per row
1.557 bytes per non-zero, matrix encoded in 0.017 MB
242 rows to reduce, blocksize 18, max threads 14, zero reductions 1
new=36 basis=97, step time=0.260 sec

STEP 6
degree=9 pairs=180/180 with pairs limit 2048
1335 x 1592 with 22060 non-zero, 16.5 per row
1.464 bytes per non-zero, matrix encoded in 0.031 MB
360 rows to reduce, blocksize 21, max threads 18, zero reductions 1
new=40 basis=137, step time=0.312 sec

STEP 7
degree=10 pairs=200/200 with pairs limit 2048
1980 x 2266 with 38071 non-zero, 19.2 per row
1.475 bytes per non-zero, matrix encoded in 0.054 MB
400 rows to reduce, blocksize 21, max threads 20, zero reductions 1
new=29 basis=166, step time=0.308 sec

STEP 8
degree=11 pairs=145/145 with pairs limit 2048
2146 x 2531 with 47636 non-zero, 22.2 per row
1.438 bytes per non-zero, matrix encoded in 0.065 MB
290 rows to reduce, blocksize 18, max threads 17, zero reductions 1
new=15 basis=181, step time=0.367 sec

STEP 9
degree=12 pairs=75/75 with pairs limit 2048
3722 x 4275 with 61467 non-zero, 16.5 per row
1.690 bytes per non-zero, matrix encoded in 0.099 MB
150 rows to reduce, blocksize 15, max threads 10, zero reductions 1
new=5 basis=186, step time=0.351 sec

STEP 10
degree=11 pairs=25/25 with pairs limit 2048
3986 x 4576 with 52558 non-zero, 13.2 per row
1.802 bytes per non-zero, matrix encoded in 0.090 MB
50 rows to reduce, blocksize 9, max threads 6, zero reductions 1
new=1 basis=187, step time=0.384 sec

STEP 11
degree=12 pairs=5/5 with pairs limit 2048
1757 x 2356 with 22877 non-zero, 13.0 per row
1.686 bytes per non-zero, matrix encoded in 0.037 MB
10 rows to reduce, blocksize 6, max threads 2, zero reductions 1
new=0 basis=187, step time=0.335 sec

DONE inter-reduce
374 x 881 with 25490 non-zero, 68.2 per row
1.062 bytes per non-zero, matrix encoded in 0.026 MB
187 basis elements, 3.156 sec

[stderr]

