run_id: apply-rand_3_3-main-axf4-t1
track: apply_vs_axf4__merry_sky_lynx
job_id: apply-rand_3_3-main-axf4-t1
system_ref: systems/rand_3_3/rand_3_3.md
input_ref: systems/rand_3_3/txt/rand_3_3.txt
software: axf4 -t 1
version: local-copy
runner: axf4
threads: 1
field: GF(2147483647)
order: degrevlex
hardware_track: 
timeout_s: 60
memory_limit_mb: 8192
peak_memory_mb: 24
status: ok
exit_code: 0
wall_time_seconds: 0.162775
process_wall_time_seconds: 0.162775
started_at_utc: 2026-05-16T12:23:52Z
finished_at_utc: 2026-05-16T12:23:52Z
runner_host: calcul-ouragan
runner_os: Linux-6.1.0-1029-oem-x86_64-with-glibc2.35
runner_machine: x86_64
runner_cpu_count: 32
runner_word_size: 64
runner_python: 3.10.12
command: /home/ademin/GroebnerBenchmark/../axgrob/axf4 -p 2147483647 -v [x,y,z] -t 1 /tmp/gbbench-axf4-l0lbo4hi/rand_3_3.txt

[stdout]
F4 algorithm in 3 variables mod p=2147483647, 32 threads

STEP 1
degree=3 pairs=2/2 with pairs limit 2048
5 x 20 with 100 non-zero, 20.0 per row
1.200 bytes per non-zero, matrix encoded in 0.000 MB
4 rows to reduce, blocksize 3, max threads 2, zero reductions 1
new=2 basis=5, step time=0.008 sec

STEP 2
degree=4 pairs=2/2 with pairs limit 2048
13 x 34 with 242 non-zero, 18.6 per row
1.215 bytes per non-zero, matrix encoded in 0.000 MB
4 rows to reduce, blocksize 3, max threads 2, zero reductions 1
new=2 basis=5, step time=0.007 sec

STEP 3
degree=5 pairs=3/3 with pairs limit 2048
25 x 48 with 510 non-zero, 20.4 per row
1.196 bytes per non-zero, matrix encoded in 0.001 MB
6 rows to reduce, blocksize 3, max threads 2, zero reductions 1
new=3 basis=8, step time=0.061 sec

STEP 4
degree=6 pairs=6/6 with pairs limit 2048
35 x 52 with 778 non-zero, 22.2 per row
1.180 bytes per non-zero, matrix encoded in 0.001 MB
12 rows to reduce, blocksize 6, max threads 2, zero reductions 1
new=2 basis=10, step time=0.015 sec

STEP 5
degree=7 pairs=4/4 with pairs limit 2048
34 x 54 with 833 non-zero, 24.5 per row
1.163 bytes per non-zero, matrix encoded in 0.001 MB
8 rows to reduce, blocksize 6, max threads 2, zero reductions 1
new=1 basis=11, step time=0.006 sec

STEP 6
degree=8 pairs=2/2 with pairs limit 2048
31 x 54 with 756 non-zero, 24.4 per row
1.164 bytes per non-zero, matrix encoded in 0.001 MB
4 rows to reduce, blocksize 3, max threads 2, zero reductions 1
new=0 basis=11, step time=0.018 sec

DONE inter-reduce
22 x 38 with 538 non-zero, 24.5 per row
1.164 bytes per non-zero, matrix encoded in 0.001 MB
11 basis elements, 0.121 sec

[stderr]

