run_id: apply-ch10_sq_1-main-axf4-t8
track: apply_vs_axf4__merry_sky_lynx
job_id: apply-ch10_sq_1-main-axf4-t8
system_ref: systems/ch10_sq_1/ch10_sq_1.md
input_ref: systems/ch10_sq_1/txt/ch10_sq_1.txt
software: axf4 -t 8
version: local-copy
runner: axf4
threads: 8
field: GF(2147483647)
order: degrevlex
hardware_track: 
timeout_s: 60
memory_limit_mb: 8192
peak_memory_mb: 51
status: ok
exit_code: 0
wall_time_seconds: 0.019678
process_wall_time_seconds: 0.019678
started_at_utc: 2026-05-16T10:47:49Z
finished_at_utc: 2026-05-16T10:47:49Z
runner_host: calcul-ouragan
runner_os: Linux-6.1.0-1029-oem-x86_64-with-glibc2.35
runner_machine: x86_64
runner_cpu_count: 32
runner_word_size: 64
runner_python: 3.10.12
command: /home/ademin/GroebnerBenchmark/../axgrob/axf4 -p 2147483647 -v [H1,H2,H3,H4,H5,H6,H7,H8,H9,H10] -t 8 /tmp/gbbench-axf4-8lrpajwi/ch10_sq_1.txt

[stdout]
error: can't parse term -83187122679903459461712015625//316912650057057350374175801344*H1^4 - 83187122679903459461712015625//237684487542793012780631851008*H1^3*H2 - 83187122679903459461712015625//316912650057057350374175801344*H1^3*H3 - 16637424535980691892342403125//79228162514264337593543950336*H1^3*H4 - 83187122679903459461712015625//475368975085586025561263702016*H1^3*H5 - 11883874668557637065958859375//79228162514264337593543950336*H1^3*H6 - 83187122679903459461712015625//633825300114114700748351602688*H1^3*H7 - 83187122679903459461712015625//713053462628379038341895553024*H1^3*H8 - 16637424535980691892342403125//158456325028528675187087900672*H1^3*H9 + 3164153419924751910041663344375//79228162514264337593543950336*H1^3 - 83187122679903459461712015625//713053462628379038341895553024*H1^2*H2^2 - 83187122679903459461712015625//475368975085586025561263702016*H1^2*H2*H3 - 16637424535980691892342403125//118842243771396506390315925504*H1^2*H2*H4 - 83187122679903459461712015625//713053462628379038341895553024*H1^2*H2*H5 - 11883874668557637065958859375//118842243771396506390315925504*H1^2*H2*H6 - 83187122679903459461712015625//950737950171172051122527404032*H1^2*H2*H7 - 83187122679903459461712015625//1069580193942568557512843329536*H1^2*H2*H8 - 16637424535980691892342403125//237684487542793012780631851008*H1^2*H2*H9 + 3164153419924751910041663344375//118842243771396506390315925504*H1^2*H2 - 83187122679903459461712015625//1267650600228229401496703205376*H1^2*H3^2 - 16637424535980691892342403125//158456325028528675187087900672*H1^2*H3*H4 - 83187122679903459461712015625//950737950171172051122527404032*H1^2*H3*H5 - 11883874668557637065958859375//158456325028528675187087900672*H1^2*H3*H6 - 83187122679903459461712015625//1267650600228229401496703205376*H1^2*H3*H7 - 83187122679903459461712015625//1426106925256758076683791106048*H1^2*H3*H8 - 16637424535980691892342403125//316912650057057350374175801344*H1^2*H3*H9 + 3164153419924751910041663344375//158456325028528675187087900672*H1^2*H3 - 3327484907196138378468480625//79228162514264337593543950336*H1^2*H4^2 - 16637424535980691892342403125//237684487542793012780631851008*H1^2*H4*H5 - 2376774933711527413191771875//39614081257132168796771975168*H1^2*H4*H6 - 16637424535980691892342403125//316912650057057350374175801344*H1^2*H4*H7 - 16637424535980691892342403125//356526731314189519170947776512*H1^2*H4*H8 - 3327484907196138378468480625//79228162514264337593543950336*H1^2*H4*H9 + 632830683984950382008332668875//39614081257132168796771975168*H1^2*H4 - 83187122679903459461712015625//2852213850513516153367582212096*H1^2*H5^2 - 11883874668557637065958859375//237684487542793012780631851008*H1^2*H5*H6 - 83187122679903459461712015625//1901475900342344102245054808064*H1^2*H5*H7 - 83187122679903459461712015625//2139160387885137115025686659072*H1^2*H5*H8 - 16637424535980691892342403125//475368975085586025561263702016*H1^2*H5*H9 + 3164153419924751910041663344375//237684487542793012780631851008*H1^2*H5 - 1697696381222519580851265625//79228162514264337593543950336*H1^2*H6^2 - 11883874668557637065958859375//316912650057057350374175801344*H1^2*H6*H7 - 11883874668557637065958859375//356526731314189519170947776512*H1^2*H6*H8 - 2376774933711527413191771875//79228162514264337593543950336*H1^2*H6*H9 + 452021917132107415720237620625//39614081257132168796771975168*H1^2*H6 - 83187122679903459461712015625//5070602400912917605986812821504*H1^2*H7^2 - 83187122679903459461712015625//2852213850513516153367582212096*H1^2*H7*H8 - 16637424535980691892342403125//633825300114114700748351602688*H1^2*H7*H9 + 3164153419924751910041663344375//316912650057057350374175801344*H1^2*H7 - 83187122679903459461712015625//6417481163655411345077059977216*H1^2*H8^2 - 16637424535980691892342403125//713053462628379038341895553024*H1^2*H8*H9 + 3164153419924751910041663344375//356526731314189519170947776512*H1^2*H8 - 3327484907196138378468480625//316912650057057350374175801344*H1^2*H9^2 + 632830683984950382008332668875//79228162514264337593543950336*H1^2*H9 - 123600906602898188239628657193225//79228162514264337593543950336*H1^2 - 3749483128766375//140737488355328*H1*H2 - 47012749999147625//2251799813685248*H1*H3 - 288421779135875//17592186044416*H1*H4 - 15863197852473125//1688849860263936*H1*H5 - 535640446966625//35184372088832*H1*H6 - 7787388036668625//562949953421312*H1*H7 - 3749483128766375//633318697598976*H1*H8 - 8710337729903425//1125899906842624*H1*H9 - 131100808698125//35184372088832*H1*H10 + 54852886446451825//17592186044416*H1 + 288421779135875//562949953421312*H2^2 + 57684355827175//562949953421312*H2*H3 + 288421779135875//844424930131968*H2*H4 + 1112484005238375//281474976710656*H2*H5 - 3172639570494625//1125899906842624*H2*H6 - 3749483128766375//1266637395197952*H2*H7 + 865265337407625//281474976710656*H2*H8 + 340862102615125//562949953421312*H2*H9 - 1442108895679375//422212465065984*H2*H10 - 10970577289290365//281474976710656*H2 - 288421779135875//1125899906842624*H3^2 - 123609333915375//562949953421312*H3*H4 + 13555823619386125//4503599627370496*H3*H5 - 4903170245309875//1688849860263936*H3*H6 - 3403376993803325//1125899906842624*H3*H7 + 1389668572200125//562949953421312*H3*H8 + 288421779135875//1125899906842624*H3*H9 - 1442108895679375//457396837154816*H3*H10 + 10970577289290365//562949953421312*H3 + 7210544478396875//2533274790395904*H4*H5 - 173053067481525//70368744177664*H4*H6 - 183541132177375//70368744177664*H4*H7 + 2018952453951125//844424930131968*H4*H8 + 2595796012222875//7318349394477056*H4*H9 - 206015556525625//70368744177664*H4*H10 + 1442108895679375//562949953421312*H5^2 + 26220161739625//281474976710656*H5*H6 - 288421779135875//1125899906842624*H5*H7 + 15286354294201375//3659174697238528*H5*H8 + 2430983567002375//1125899906842624*H5*H9 - 288421779135875//105553116266496*H5*H10 - 54852886446451825//281474976710656*H5 - 288421779135875//140737488355328*H6^2 - 288421779135875//70368744177664*H6*H7 + 41203111305125//140737488355328*H6*H8 - 749896625753275//562949953421312*H6*H9 - 1442108895679375//562949953421312*H6*H10 + 10970577289290365//70368744177664*H6 - 288421779135875//140737488355328*H7^2 - 13555823619386125//9007199254740992*H7*H9 - 1442108895679375//598134325510144*H7*H10 + 10970577289290365//70368744177664*H7 + 2018952453951125//1125899906842624*H8^2 + 18747415643831875//9570149208162304*H8*H9 - 1442108895679375//633318697598976*H8*H10 - 76794041025032555//562949953421312*H8 + 288421779135875//1125899906842624*H9^2 - 1442108895679375//668503069687808*H9*H10 - 10970577289290365//562949953421312*H9 + 10970577289290365//70368744177664*H10 - 1700

[stderr]

