run_id: apply-root7-main-axf4-t8
track: apply_vs_axf4__merry_sky_lynx
job_id: apply-root7-main-axf4-t8
system_ref: systems/root7/root7.md
input_ref: systems/root7/txt/root7.txt
software: axf4 -t 8
version: local-copy
runner: axf4
threads: 8
field: GF(2147483647)
order: degrevlex
hardware_track: 
timeout_s: 60
memory_limit_mb: 8192
peak_memory_mb: 42
status: ok
exit_code: 0
wall_time_seconds: 0.129038
process_wall_time_seconds: 0.129038
started_at_utc: 2026-05-16T12:28:38Z
finished_at_utc: 2026-05-16T12:28:38Z
runner_host: calcul-ouragan
runner_os: Linux-6.1.0-1029-oem-x86_64-with-glibc2.35
runner_machine: x86_64
runner_cpu_count: 32
runner_word_size: 64
runner_python: 3.10.12
command: /home/ademin/GroebnerBenchmark/../axgrob/axf4 -p 2147483647 -v [x1,x2,x3,x4,x5,x6,x7] -t 8 /tmp/gbbench-axf4-l0i8v3my/root7.txt

[stdout]
F4 algorithm in 7 variables mod p=2147483647, 32 threads

STEP 1
degree=2 pairs=1/6 with pairs limit 2048
8 x 27 with 70 non-zero, 8.8 per row
1.457 bytes per non-zero, matrix encoded in 0.000 MB
2 rows to reduce, blocksize 1, max threads 2, zero reductions 1
new=1 basis=8, step time=0.009 sec

STEP 2
degree=3 pairs=1/5 with pairs limit 2048
22 x 70 with 252 non-zero, 11.5 per row
1.349 bytes per non-zero, matrix encoded in 0.000 MB
2 rows to reduce, blocksize 1, max threads 2, zero reductions 1
new=1 basis=9, step time=0.009 sec

STEP 3
degree=4 pairs=1/4 with pairs limit 2048
36 x 129 with 532 non-zero, 14.8 per row
1.271 bytes per non-zero, matrix encoded in 0.001 MB
2 rows to reduce, blocksize 1, max threads 2, zero reductions 1
new=1 basis=10, step time=0.011 sec

STEP 4
degree=5 pairs=1/3 with pairs limit 2048
36 x 168 with 658 non-zero, 18.3 per row
1.219 bytes per non-zero, matrix encoded in 0.001 MB
2 rows to reduce, blocksize 1, max threads 2, zero reductions 1
new=1 basis=11, step time=0.012 sec

STEP 5
degree=6 pairs=1/2 with pairs limit 2048
22 x 144 with 448 non-zero, 20.4 per row
1.196 bytes per non-zero, matrix encoded in 0.001 MB
2 rows to reduce, blocksize 1, max threads 2, zero reductions 1
new=1 basis=12, step time=0.014 sec

STEP 6
degree=7 pairs=1/1 with pairs limit 2048
8 x 65 with 135 non-zero, 16.9 per row
1.237 bytes per non-zero, matrix encoded in 0.000 MB
2 rows to reduce, blocksize 1, max threads 2, zero reductions 1
new=1 basis=13, step time=0.014 sec

DONE inter-reduce
14 x 128 with 256 non-zero, 18.3 per row
1.219 bytes per non-zero, matrix encoded in 0.000 MB
7 basis elements, 0.075 sec

[stderr]

