run_id: apply-eco-5-axf4-t1
track: apply_vs_axf4__merry_sky_lynx
job_id: apply-eco-5-axf4-t1
system_ref: systems/eco/eco.md
input_ref: systems/eco/txt/eco_5.txt
software: axf4 -t 1
version: local-copy
runner: axf4
threads: 1
field: GF(2147483647)
order: degrevlex
hardware_track: 
timeout_s: 60
memory_limit_mb: 8192
peak_memory_mb: 32
status: ok
exit_code: 0
wall_time_seconds: 0.058443
process_wall_time_seconds: 0.058443
started_at_utc: 2026-05-16T11:25:46Z
finished_at_utc: 2026-05-16T11:25:46Z
runner_host: calcul-ouragan
runner_os: Linux-6.1.0-1029-oem-x86_64-with-glibc2.35
runner_machine: x86_64
runner_cpu_count: 32
runner_word_size: 64
runner_python: 3.10.12
command: /home/ademin/GroebnerBenchmark/../axgrob/axf4 -p 2147483647 -v [x1,x2,x3,x4,x5] -t 1 /tmp/gbbench-axf4-cj0zsxdh/eco_5.txt

[stdout]
F4 algorithm in 5 variables mod p=2147483647, 32 threads

STEP 1
degree=3 pairs=3/3 with pairs limit 2048
14 x 18 with 52 non-zero, 3.7 per row
2.077 bytes per non-zero, matrix encoded in 0.000 MB
6 rows to reduce, blocksize 3, max threads 2, zero reductions 1
new=3 basis=8, step time=0.004 sec

STEP 2
degree=3 pairs=2/4 with pairs limit 4096
7 x 14 with 30 non-zero, 4.3 per row
1.933 bytes per non-zero, matrix encoded in 0.000 MB
4 rows to reduce, blocksize 3, max threads 2, zero reductions 1
new=2 basis=7, step time=0.005 sec

STEP 3
degree=3 pairs=3/5 with pairs limit 8192
19 x 27 with 97 non-zero, 5.1 per row
1.784 bytes per non-zero, matrix encoded in 0.000 MB
6 rows to reduce, blocksize 3, max threads 2, zero reductions 1
new=2 basis=9, step time=0.006 sec

STEP 4
degree=3 pairs=3/8 with pairs limit 16384
18 x 24 with 98 non-zero, 5.4 per row
1.735 bytes per non-zero, matrix encoded in 0.000 MB
6 rows to reduce, blocksize 3, max threads 2, zero reductions 1
new=1 basis=9, step time=0.005 sec

STEP 5
degree=4 pairs=7/7 with pairs limit 2048
49 x 49 with 264 non-zero, 5.4 per row
1.742 bytes per non-zero, matrix encoded in 0.000 MB
14 rows to reduce, blocksize 6, max threads 3, zero reductions 1
new=3 basis=12, step time=0.005 sec

STEP 6
degree=3 pairs=7/7 with pairs limit 2048
36 x 32 with 236 non-zero, 6.6 per row
1.610 bytes per non-zero, matrix encoded in 0.000 MB
14 rows to reduce, blocksize 6, max threads 3, zero reductions 1
new=2 basis=13, step time=0.005 sec

STEP 7
degree=4 pairs=6/6 with pairs limit 2048
41 x 37 with 249 non-zero, 6.1 per row
1.659 bytes per non-zero, matrix encoded in 0.000 MB
12 rows to reduce, blocksize 6, max threads 2, zero reductions 1
new=0 basis=12, step time=0.006 sec

DONE inter-reduce
22 x 19 with 154 non-zero, 7.0 per row
1.571 bytes per non-zero, matrix encoded in 0.000 MB
11 basis elements, 0.041 sec

[stderr]

