run_id: apply-noon-12-axf4-t1
track: apply_vs_axf4__merry_sky_lynx
job_id: apply-noon-12-axf4-t1
system_ref: systems/noon/noon.md
input_ref: systems/noon/txt/noon_12.txt
software: axf4 -t 1
version: local-copy
runner: axf4
threads: 1
field: GF(2147483647)
order: degrevlex
hardware_track: 
timeout_s: 60
memory_limit_mb: 8192
peak_memory_mb: 
status: timeout
exit_code: 
wall_time_seconds: 60.016324
process_wall_time_seconds: 60.016324
started_at_utc: 2026-05-16T11:59:49Z
finished_at_utc: 2026-05-16T12:00:49Z
runner_host: calcul-ouragan
runner_os: Linux-6.1.0-1029-oem-x86_64-with-glibc2.35
runner_machine: x86_64
runner_cpu_count: 32
runner_word_size: 64
runner_python: 3.10.12
command: 

[stdout]
F4 algorithm in 12 variables mod p=2147483647, 32 threads

STEP 1
degree=4 pairs=56/56 with pairs limit 2048
178 x 805 with 2314 non-zero, 13.0 per row
1.308 bytes per non-zero, matrix encoded in 0.003 MB
112 rows to reduce, blocksize 12, max threads 10, zero reductions 1
new=56 basis=68, step time=0.241 sec

STEP 2
degree=5 pairs=177/387 with pairs limit 2048
716 x 850 with 3386 non-zero, 4.7 per row
2.434 bytes per non-zero, matrix encoded in 0.008 MB
354 rows to reduce, blocksize 21, max threads 17, zero reductions 1
new=12 basis=80, step time=0.103 sec

STEP 3
degree=6 pairs=150/342 with pairs limit 2048
1662 x 4532 with 16285 non-zero, 9.8 per row
2.505 bytes per non-zero, matrix encoded in 0.039 MB
300 rows to reduce, blocksize 18, max threads 17, zero reductions 1
new=38 basis=118, step time=0.154 sec

STEP 4
degree=7 pairs=462/602 with pairs limit 2048
5785 x 15467 with 87217 non-zero, 15.1 per row
2.205 bytes per non-zero, matrix encoded in 0.183 MB
924 rows to reduce, blocksize 27, max threads 35, zero reductions 1
new=78 basis=196, step time=0.219 sec

STEP 5
degree=8 pairs=697/970 with pairs limit 2048
15424 x 37683 with 290033 non-zero, 18.8 per row
2.226 bytes per non-zero, matrix encoded in 0.616 MB
1394 rows to reduce, blocksize 33, max threads 43, zero reductions 1
new=162 basis=358, step time=0.472 sec

STEP 6
degree=9 pairs=1551/2001 with pairs limit 2048
40439 x 83841 with 934505 non-zero, 23.1 per row
2.209 bytes per non-zero, matrix encoded in 1.968 MB
3102 rows to reduce, blocksize 42, max threads 74, zero reductions 1
new=346 basis=704, step time=1.138 sec

STEP 7
degree=10 pairs=2048/4151 with pairs limit 2048
58787 x 116460 with 1649904 non-zero, 28.1 per row
2.042 bytes per non-zero, matrix encoded in 3.212 MB
4096 rows to reduce, blocksize 48, max threads 86, zero reductions 1
new=420 basis=1124, step time=1.922 sec

STEP 8
degree=10 pairs=1383/6531 with pairs limit 4096
49202 x 86438 with 1282002 non-zero, 26.1 per row
2.319 bytes per non-zero, matrix encoded in 2.835 MB
2766 rows to reduce, blocksize 42, max threads 66, zero reductions 1
new=320 basis=1444, step time=1.748 sec

STEP 9
degree=11 pairs=2048/8656 with pairs limit 2048
69290 x 136794 with 2504487 non-zero, 36.1 per row
1.969 bytes per non-zero, matrix encoded in 4.702 MB
4096 rows to reduce, blocksize 48, max threads 86, zero reductions 1
new=343 basis=1787, step time=2.416 sec

STEP 10
degree=11 pairs=4096/10234 with pairs limit 4096
122714 x 201431 with 4165345 non-zero, 33.9 per row
2.172 bytes per non-zero, matrix encoded in 8.628 MB
8192 rows to reduce, blocksize 60, max threads 137, zero reductions 1
new=1094 basis=2881, step time=10.466 sec

STEP 11
degree=11 pairs=1444/17938 with pairs limit 8192
73950 x 119459 with 2494148 non-zero, 33.7 per row
2.115 bytes per non-zero, matrix encoded in 5.030 MB
2888 rows to reduce, blocksize 42, max threads 69, zero reductions 1
new=135 basis=3016, step time=2.319 sec

STEP 12
degree=12 pairs=2048/17979 with pairs limit 2048
77391 x 173447 with 3581285 non-zero, 46.3 per row
1.765 bytes per non-zero, matrix encoded in 6.027 MB
4096 rows to reduce, blocksize 48, max threads 86, zero reductions 1
new=736 basis=3752, step time=9.967 sec

STEP 13
degree=12 pairs=4096/23704 with pairs limit 4096
158421 x 265578 with 6980765 non-zero, 44.1 per row
1.958 bytes per non-zero, matrix encoded in 13.033 MB
8192 rows to reduce, blocksize 60, max threads 137, zero reductions 1
new=879 basis=4631, step time=17.113 sec

STEP 14
degree=12 pairs=8192/28954 with pairs limit 8192
258161 x 361133 with 11995535 non-zero, 46.5 per row
2.052 bytes per non-zero, matrix encoded in 23.473 MB
16384 rows to reduce, blocksize 75, max threads 219, zero reductions 1

[stderr]

