run_id: apply-crauste-3-main-axf4-t1
track: apply_vs_axf4__merry_sky_lynx
job_id: apply-crauste-3-main-axf4-t1
system_ref: systems/crauste-3/crauste-3.md
input_ref: systems/crauste-3/txt/crauste-3.txt
software: axf4 -t 1
version: local-copy
runner: axf4
threads: 1
field: GF(2147483647)
order: degrevlex
hardware_track: 
timeout_s: 60
memory_limit_mb: 8192
peak_memory_mb: 183
status: ok
exit_code: 0
wall_time_seconds: 0.050914
process_wall_time_seconds: 0.050914
started_at_utc: 2026-05-16T10:49:46Z
finished_at_utc: 2026-05-16T10:49:46Z
runner_host: calcul-ouragan
runner_os: Linux-6.1.0-1029-oem-x86_64-with-glibc2.35
runner_machine: x86_64
runner_cpu_count: 32
runner_word_size: 64
runner_python: 3.10.12
command: /home/ademin/GroebnerBenchmark/../axgrob/axf4 -p 2147483647 -v [E_0,E_1,E_2,E_3,E_4,E_5,M_0,M_1,M_2,M_3,M_4,M_5,N_0,N_1,N_2,N_3,N_4,P_0,P_1,P_2,P_3,P_4,P_5,P_6,S_0,S_1,S_2,S_3,S_4,S_5,delta_EL_0,delta_LM_0,delta_NE_0,mu_EE_0,mu_LE_0,mu_LL_0,mu_M_0,mu_N_0,mu_PE_0,mu_PL_0,mu_P_0,rho_E_0,rho_P_0] -t 1 /tmp/gbbench-axf4-1l50jkow/crauste-3.txt

[stdout]
error: can't parse term + 5571065020643727//9007199254740992

[stderr]

