run_id: apply-henrion6-main-groebner-apply
track: apply_vs_axf4__merry_sky_lynx
job_id: apply-henrion6-main-groebner-apply
system_ref: systems/henrion6/henrion6.md
input_ref: systems/henrion6/txt/henrion6.txt
software: Groebner.groebner_apply!
version: 0.10.3
runner: groebner_jl
threads: 8
field: GF(2147483647)
order: degrevlex
hardware_track: 
timeout_s: 60
memory_limit_mb: 8192
peak_memory_mb: 578
status: error
exit_code: 1
wall_time_seconds: 4.726698
process_wall_time_seconds: 4.726698
started_at_utc: 2026-05-16T11:28:15Z
finished_at_utc: 2026-05-16T11:28:20Z
runner_host: calcul-ouragan
runner_os: Linux-6.1.0-1029-oem-x86_64-with-glibc2.35
runner_machine: x86_64
runner_cpu_count: 32
runner_word_size: 64
runner_python: 3.10.12
command: /home/ademin/.juliaup/bin/julia --startup-file=no /tmp/gbbench-groebner-jl-khp7tsyw/groebner_jl_worker.jl --input /home/ademin/GroebnerBenchmark/systems/henrion6/txt/henrion6.txt --field GF(2147483647) --order degrevlex --threads 8 --method groebner_apply!

[stdout]


[stderr]
ERROR: LoadError: MethodError: no method matching (::AbstractAlgebra.GFField{Int64})(::Rational{Int64})
The object of type `AbstractAlgebra.GFField{Int64}` exists, but no method is defined for this combination of argument types when trying to treat it as a callable object.

Closest candidates are:
  (::AbstractAlgebra.GFField{T})() where T<:Integer
   @ AbstractAlgebra ~/.julia/packages/AbstractAlgebra/vdTzs/src/julia/GF.jl:431
  (::AbstractAlgebra.GFField{T})(!Matched::Integer) where T<:Integer
   @ AbstractAlgebra ~/.julia/packages/AbstractAlgebra/vdTzs/src/julia/GF.jl:435
  (::AbstractAlgebra.GFField{T})(!Matched::AbstractAlgebra.GFElem{T}) where T<:Integer
   @ AbstractAlgebra ~/.julia/packages/AbstractAlgebra/vdTzs/src/julia/GF.jl:444

Stacktrace:
  [1] *(x::AbstractAlgebra.GFElem{Int64}, y::Rational{Int64})
    @ AbstractAlgebra ~/.julia/packages/AbstractAlgebra/vdTzs/src/NCRings.jl:82
  [2] *(a::AbstractAlgebra.Generic.MPoly{AbstractAlgebra.GFElem{Int64}}, n::Rational{Int64})
    @ AbstractAlgebra.Generic ~/.julia/packages/AbstractAlgebra/vdTzs/src/generic/MPoly.jl:1899
  [3] *
    @ ~/.julia/packages/AbstractAlgebra/vdTzs/src/generic/MPoly.jl:1929 [inlined]
  [4] *(::Rational{Int64}, ::AbstractAlgebra.Generic.MPoly{AbstractAlgebra.GFElem{Int64}}, ::AbstractAlgebra.Generic.MPoly{AbstractAlgebra.GFElem{Int64}}, ::AbstractAlgebra.Generic.MPoly{AbstractAlgebra.GFElem{Int64}}, ::AbstractAlgebra.Generic.MPoly{AbstractAlgebra.GFElem{Int64}}, ::AbstractAlgebra.Generic.MPoly{AbstractAlgebra.GFElem{Int64}})
    @ Base ./operators.jl:642
  [5] top-level scope
    @ none:1
  [6] eval(m::Module, e::Any)
    @ Core ./boot.jl:489
  [7] build_system(variable_names::Vector{SubString{String}}, polynomials::Vector{String}, base_ring::AbstractAlgebra.GFField{Int64})
    @ Main /tmp/gbbench-groebner-jl-khp7tsyw/groebner_jl_worker.jl:57
  [8] top-level scope
    @ /tmp/gbbench-groebner-jl-khp7tsyw/groebner_jl_worker.jl:75
  [9] include(mod::Module, _path::String)
    @ Base ./Base.jl:306
 [10] exec_options(opts::Base.JLOptions)
    @ Base ./client.jl:317
 [11] _start()
    @ Base ./client.jl:550
in expression starting at /tmp/gbbench-groebner-jl-khp7tsyw/groebner_jl_worker.jl:75
