run_id: apply-re6_sq_1-main-groebner
track: apply_vs_axf4__merry_sky_lynx
job_id: apply-re6_sq_1-main-groebner
system_ref: systems/re6_sq_1/re6_sq_1.md
input_ref: systems/re6_sq_1/txt/re6_sq_1.txt
software: Groebner.groebner
version: 0.10.3
runner: groebner_jl
threads: 8
field: GF(2147483647)
order: degrevlex
hardware_track: 
timeout_s: 60
memory_limit_mb: 8192
peak_memory_mb: 637
status: ok
exit_code: 0
wall_time_seconds: 0.837479712
process_wall_time_seconds: 9.212559
started_at_utc: 2026-05-16T12:26:29Z
finished_at_utc: 2026-05-16T12:26:39Z
runner_host: calcul-ouragan
runner_os: Linux-6.1.0-1029-oem-x86_64-with-glibc2.35
runner_machine: x86_64
runner_cpu_count: 32
runner_word_size: 64
runner_python: 3.10.12
command: /home/ademin/.juliaup/bin/julia --startup-file=no /tmp/gbbench-groebner-jl-khp7tsyw/groebner_jl_worker.jl --input /home/ademin/GroebnerBenchmark/systems/re6_sq_1/txt/re6_sq_1.txt --field GF(2147483647) --order degrevlex --threads 8 --method groebner

[stdout]
GBBENCH_WALL_TIME=0.837479712
GBBENCH_BYTES=257005296
GBBENCH_VERSION=0.10.3

[stderr]

