run_id: apply-cyclic-14-axf4-t1
track: apply_vs_axf4__merry_sky_lynx
job_id: apply-cyclic-14-axf4-t1
system_ref: systems/cyclic/cyclic.md
input_ref: systems/cyclic/txt/cyclic_14.txt
software: axf4 -t 1
version: local-copy
runner: axf4
threads: 1
field: GF(2147483647)
order: degrevlex
hardware_track: 
timeout_s: 60
memory_limit_mb: 8192
peak_memory_mb: 
status: timeout
exit_code: 
wall_time_seconds: 60.009775
process_wall_time_seconds: 60.009775
started_at_utc: 2026-05-16T11:07:52Z
finished_at_utc: 2026-05-16T11:08:52Z
runner_host: calcul-ouragan
runner_os: Linux-6.1.0-1029-oem-x86_64-with-glibc2.35
runner_machine: x86_64
runner_cpu_count: 32
runner_word_size: 64
runner_python: 3.10.12
command: 

[stdout]
F4 algorithm in 14 variables mod p=2147483647, 32 threads

STEP 1
degree=2 pairs=1/13 with pairs limit 2048
4 x 37 with 56 non-zero, 14.0 per row
1.286 bytes per non-zero, matrix encoded in 0.000 MB
2 rows to reduce, blocksize 1, max threads 2, zero reductions 1
new=1 basis=15, step time=0.006 sec

STEP 2
degree=3 pairs=1/12 with pairs limit 2048
7 x 87 with 136 non-zero, 19.4 per row
1.206 bytes per non-zero, matrix encoded in 0.000 MB
2 rows to reduce, blocksize 1, max threads 2, zero reductions 1
new=1 basis=16, step time=0.007 sec

STEP 3
degree=4 pairs=2/12 with pairs limit 2048
24 x 516 with 1014 non-zero, 42.2 per row
1.095 bytes per non-zero, matrix encoded in 0.001 MB
4 rows to reduce, blocksize 3, max threads 2, zero reductions 1
new=2 basis=18, step time=0.017 sec

STEP 4
degree=5 pairs=4/13 with pairs limit 2048
115 x 1510 with 6793 non-zero, 59.1 per row
1.091 bytes per non-zero, matrix encoded in 0.007 MB
8 rows to reduce, blocksize 6, max threads 2, zero reductions 1
new=3 basis=21, step time=0.152 sec

STEP 5
degree=6 pairs=9/17 with pairs limit 2048
202 x 4511 with 35110 non-zero, 173.8 per row
1.058 bytes per non-zero, matrix encoded in 0.035 MB
18 rows to reduce, blocksize 6, max threads 3, zero reductions 1
new=7 basis=28, step time=0.016 sec

STEP 6
degree=7 pairs=22/29 with pairs limit 2048
897 x 15049 with 267936 non-zero, 298.7 per row
1.096 bytes per non-zero, matrix encoded in 0.280 MB
44 rows to reduce, blocksize 9, max threads 5, zero reductions 1
new=13 basis=41, step time=0.059 sec

STEP 7
degree=8 pairs=47/53 with pairs limit 2048
4677 x 48898 with 1853608 non-zero, 396.3 per row
1.146 bytes per non-zero, matrix encoded in 2.027 MB
94 rows to reduce, blocksize 12, max threads 8, zero reductions 1
new=24 basis=65, step time=0.172 sec

STEP 8
degree=9 pairs=106/115 with pairs limit 2048
11721 x 106592 with 7328691 non-zero, 625.3 per row
1.138 bytes per non-zero, matrix encoded in 7.954 MB
212 rows to reduce, blocksize 15, max threads 15, zero reductions 1
new=51 basis=116, step time=0.565 sec

STEP 9
degree=10 pairs=254/260 with pairs limit 2048
36509 x 245250 with 47323719 non-zero, 1296.2 per row
1.100 bytes per non-zero, matrix encoded in 49.631 MB
508 rows to reduce, blocksize 21, max threads 25, zero reductions 1
new=108 basis=224, step time=3.870 sec

STEP 10
degree=11 pairs=570/597 with pairs limit 2048
94892 x 554776 with 280744429 non-zero, 2958.6 per row
1.064 bytes per non-zero, matrix encoded in 284.845 MB
1140 rows to reduce, blocksize 30, max threads 38, zero reductions 1
new=195 basis=419, step time=24.968 sec

STEP 11
degree=12 pairs=1223/1259 with pairs limit 2048
257793 x 1223721 with 1420654658 non-zero, 5510.8 per row

[stderr]

