run_id: apply-cyclic-11-axf4-t1
track: apply_vs_axf4__merry_sky_lynx
job_id: apply-cyclic-11-axf4-t1
system_ref: systems/cyclic/cyclic.md
input_ref: systems/cyclic/txt/cyclic_11.txt
software: axf4 -t 1
version: local-copy
runner: axf4
threads: 1
field: GF(2147483647)
order: degrevlex
hardware_track: 
timeout_s: 60
memory_limit_mb: 8192
peak_memory_mb: 
status: timeout
exit_code: 
wall_time_seconds: 60.032023
process_wall_time_seconds: 60.032023
started_at_utc: 2026-05-16T10:55:51Z
finished_at_utc: 2026-05-16T10:56:51Z
runner_host: calcul-ouragan
runner_os: Linux-6.1.0-1029-oem-x86_64-with-glibc2.35
runner_machine: x86_64
runner_cpu_count: 32
runner_word_size: 64
runner_python: 3.10.12
command: 

[stdout]
F4 algorithm in 11 variables mod p=2147483647, 32 threads

STEP 1
degree=2 pairs=1/10 with pairs limit 2048
4 x 28 with 44 non-zero, 11.0 per row
1.364 bytes per non-zero, matrix encoded in 0.000 MB
2 rows to reduce, blocksize 1, max threads 2, zero reductions 1
new=1 basis=12, step time=0.007 sec

STEP 2
degree=3 pairs=1/9 with pairs limit 2048
7 x 63 with 103 non-zero, 14.7 per row
1.272 bytes per non-zero, matrix encoded in 0.000 MB
2 rows to reduce, blocksize 1, max threads 2, zero reductions 1
new=1 basis=13, step time=0.008 sec

STEP 3
degree=4 pairs=2/9 with pairs limit 2048
21 x 273 with 597 non-zero, 28.4 per row
1.141 bytes per non-zero, matrix encoded in 0.001 MB
4 rows to reduce, blocksize 3, max threads 2, zero reductions 1
new=2 basis=15, step time=0.010 sec

STEP 4
degree=5 pairs=4/10 with pairs limit 2048
85 x 712 with 3493 non-zero, 41.1 per row
1.097 bytes per non-zero, matrix encoded in 0.004 MB
8 rows to reduce, blocksize 6, max threads 2, zero reductions 1
new=3 basis=18, step time=0.177 sec

STEP 5
degree=6 pairs=9/14 with pairs limit 2048
151 x 1698 with 14977 non-zero, 99.2 per row
1.057 bytes per non-zero, matrix encoded in 0.015 MB
18 rows to reduce, blocksize 6, max threads 3, zero reductions 1
new=7 basis=25, step time=0.013 sec

STEP 6
degree=7 pairs=22/26 with pairs limit 2048
564 x 4584 with 92860 non-zero, 164.6 per row
1.072 bytes per non-zero, matrix encoded in 0.095 MB
44 rows to reduce, blocksize 9, max threads 5, zero reductions 1
new=13 basis=38, step time=0.034 sec

STEP 7
degree=8 pairs=47/50 with pairs limit 2048
1972 x 11281 with 495368 non-zero, 251.2 per row
1.092 bytes per non-zero, matrix encoded in 0.516 MB
94 rows to reduce, blocksize 12, max threads 8, zero reductions 1
new=24 basis=62, step time=0.049 sec

STEP 8
degree=9 pairs=106/112 with pairs limit 2048
4330 x 21294 with 1722671 non-zero, 397.8 per row
1.086 bytes per non-zero, matrix encoded in 1.784 MB
212 rows to reduce, blocksize 15, max threads 15, zero reductions 1
new=51 basis=113, step time=0.141 sec

STEP 9
degree=10 pairs=254/257 with pairs limit 2048
10511 x 40252 with 8308125 non-zero, 790.4 per row
1.064 bytes per non-zero, matrix encoded in 8.428 MB
508 rows to reduce, blocksize 21, max threads 25, zero reductions 1
new=108 basis=221, step time=0.606 sec

STEP 10
degree=11 pairs=570/594 with pairs limit 2048
21472 x 71780 with 35219535 non-zero, 1640.3 per row
1.041 bytes per non-zero, matrix encoded in 34.961 MB
1140 rows to reduce, blocksize 30, max threads 38, zero reductions 1
new=195 basis=416, step time=3.052 sec

STEP 11
degree=12 pairs=1224/1257 with pairs limit 2048
46542 x 129170 with 126303266 non-zero, 2713.7 per row
1.033 bytes per non-zero, matrix encoded in 124.467 MB
2448 rows to reduce, blocksize 39, max threads 63, zero reductions 1
new=456 basis=872, step time=12.733 sec

STEP 12
degree=13 pairs=2048/3100 with pairs limit 2048
66511 x 176718 with 311539297 non-zero, 4684.0 per row
1.021 bytes per non-zero, matrix encoded in 303.284 MB
4096 rows to reduce, blocksize 48, max threads 86, zero reductions 1

[stderr]

