run_id: apply-eco-15-groebner
track: apply_vs_axf4__merry_sky_lynx
job_id: apply-eco-15-groebner
system_ref: systems/eco/eco.md
input_ref: systems/eco/txt/eco_15.txt
software: Groebner.groebner
version: local
runner: groebner_jl
threads: 8
field: GF(2147483647)
order: degrevlex
hardware_track: 
timeout_s: 60
memory_limit_mb: 8192
peak_memory_mb: 
status: timeout
exit_code: 
wall_time_seconds: 60.061813
process_wall_time_seconds: 60.061813
started_at_utc: 2026-05-16T11:21:18Z
finished_at_utc: 2026-05-16T11:22:19Z
runner_host: calcul-ouragan
runner_os: Linux-6.1.0-1029-oem-x86_64-with-glibc2.35
runner_machine: x86_64
runner_cpu_count: 32
runner_word_size: 64
runner_python: 3.10.12
command: 

[stdout]


[stderr]

