run_id: apply-he6_sq_1-main-axf4-t1
track: apply_vs_axf4__merry_sky_lynx
job_id: apply-he6_sq_1-main-axf4-t1
system_ref: systems/he6_sq_1/he6_sq_1.md
input_ref: systems/he6_sq_1/txt/he6_sq_1.txt
software: axf4 -t 1
version: local-copy
runner: axf4
threads: 1
field: GF(2147483647)
order: degrevlex
hardware_track: 
timeout_s: 60
memory_limit_mb: 8192
peak_memory_mb: 35
status: ok
exit_code: 0
wall_time_seconds: 0.024678
process_wall_time_seconds: 0.024678
started_at_utc: 2026-05-16T11:28:11Z
finished_at_utc: 2026-05-16T11:28:11Z
runner_host: calcul-ouragan
runner_os: Linux-6.1.0-1029-oem-x86_64-with-glibc2.35
runner_machine: x86_64
runner_cpu_count: 32
runner_word_size: 64
runner_python: 3.10.12
command: /home/ademin/GroebnerBenchmark/../axgrob/axf4 -p 2147483647 -v [f1,f2,f3,f4,f5,f6] -t 1 /tmp/gbbench-axf4-0vh1k05t/he6_sq_1.txt

[stdout]
error: can't parse term - 140//3*f1*f2*f3*f6 - 36*f1*f2*f3 + 27*f1*f2*f4*f5*f6 - 90*f1*f2*f4*f5 - 70*f1*f2*f4*f6 - 54*f1*f2*f4 - 40*f1*f2*f5*f6 - 54*f1*f2*f5 - 63//2*f1*f2*f6 + 9*f1*f2 + 20*f1*f3*f4*f5*f6 - 80*f1*f3*f4*f5 - 70*f1*f3*f4*f6 - 54*f1*f3*f4 - 160//3*f1*f3*f5*f6 - 72*f1*f3*f5 - 42*f1*f3*f6 + 12*f1*f3 - 30*f1*f4*f5*f6 - 54*f1*f4*f5 - 42*f1*f4*f6 + 12*f1*f4 - 24*f1*f5*f6 + 12*f1*f5 + 7*f1*f6 - 2*f1 + 11*f2*f3*f4*f5*f6 - 50*f2*f3*f4*f5 - 140//3*f2*f3*f4*f6 - 36*f2*f3*f4 - 40*f2*f3*f5*f6 - 54*f2*f3*f5 - 63//2*f2*f3*f6 + 9*f2*f3 - 30*f2*f4*f5*f6 - 54*f2*f4*f5 - 42*f2*f4*f6 + 12*f2*f4 - 24*f2*f5*f6 + 12*f2*f5 + 7*f2*f6 - 2*f2 - 50//3*f3*f4*f5*f6 - 36*f3*f4*f5 - 63//2*f3*f4*f6 + 9*f3*f4 - 24*f3*f5*f6 + 12*f3*f5 + 7*f3*f6 - 2*f3 - 27//2*f4*f5*f6 + 9*f4*f5 + 7*f4*f6 - 2*f4 + 4*f5*f6 - 2*f5 - 7//6*f6 - 7893046671419482241

[stderr]

