run_id: apply-cyclic-5-axf4-t8
track: apply_vs_axf4__merry_sky_lynx
job_id: apply-cyclic-5-axf4-t8
system_ref: systems/cyclic/cyclic.md
input_ref: systems/cyclic/txt/cyclic_5.txt
software: axf4 -t 8
version: local-copy
runner: axf4
threads: 8
field: GF(2147483647)
order: degrevlex
hardware_track: 
timeout_s: 60
memory_limit_mb: 8192
peak_memory_mb: 33
status: ok
exit_code: 0
wall_time_seconds: 0.039976
process_wall_time_seconds: 0.039976
started_at_utc: 2026-05-16T11:13:48Z
finished_at_utc: 2026-05-16T11:13:48Z
runner_host: calcul-ouragan
runner_os: Linux-6.1.0-1029-oem-x86_64-with-glibc2.35
runner_machine: x86_64
runner_cpu_count: 32
runner_word_size: 64
runner_python: 3.10.12
command: /home/ademin/GroebnerBenchmark/../axgrob/axf4 -p 2147483647 -v [z1,z2,z3,z4,z5] -t 8 /tmp/gbbench-axf4-mlwidg5j/cyclic_5.txt

[stdout]
F4 algorithm in 5 variables mod p=2147483647, 32 threads

STEP 1
degree=2 pairs=1/4 with pairs limit 2048
4 x 10 with 20 non-zero, 5.0 per row
1.800 bytes per non-zero, matrix encoded in 0.000 MB
2 rows to reduce, blocksize 1, max threads 2, zero reductions 1
new=1 basis=6, step time=0.002 sec

STEP 2
degree=3 pairs=1/3 with pairs limit 2048
7 x 17 with 37 non-zero, 5.3 per row
1.757 bytes per non-zero, matrix encoded in 0.000 MB
2 rows to reduce, blocksize 1, max threads 2, zero reductions 1
new=1 basis=7, step time=0.002 sec

STEP 3
degree=4 pairs=2/3 with pairs limit 2048
15 x 29 with 99 non-zero, 6.6 per row
1.606 bytes per non-zero, matrix encoded in 0.000 MB
4 rows to reduce, blocksize 3, max threads 2, zero reductions 1
new=2 basis=9, step time=0.002 sec

STEP 4
degree=5 pairs=4/4 with pairs limit 2048
24 x 37 with 231 non-zero, 9.6 per row
1.416 bytes per non-zero, matrix encoded in 0.000 MB
8 rows to reduce, blocksize 6, max threads 2, zero reductions 1
new=3 basis=12, step time=0.002 sec

STEP 5
degree=6 pairs=8/8 with pairs limit 2048
37 x 46 with 453 non-zero, 12.2 per row
1.327 bytes per non-zero, matrix encoded in 0.001 MB
16 rows to reduce, blocksize 6, max threads 3, zero reductions 1
new=6 basis=18, step time=0.002 sec

STEP 6
degree=7 pairs=15/15 with pairs limit 2048
61 x 56 with 881 non-zero, 14.4 per row
1.277 bytes per non-zero, matrix encoded in 0.001 MB
30 rows to reduce, blocksize 9, max threads 4, zero reductions 1
new=6 basis=24, step time=0.002 sec

STEP 7
degree=8 pairs=17/17 with pairs limit 2048
63 x 53 with 924 non-zero, 14.7 per row
1.273 bytes per non-zero, matrix encoded in 0.001 MB
34 rows to reduce, blocksize 9, max threads 4, zero reductions 1
new=6 basis=30, step time=0.002 sec

STEP 8
degree=4 pairs=2/19 with pairs limit 2048
14 x 28 with 149 non-zero, 10.6 per row
1.376 bytes per non-zero, matrix encoded in 0.000 MB
4 rows to reduce, blocksize 3, max threads 2, zero reductions 1
new=2 basis=32, step time=0.002 sec

STEP 9
degree=5 pairs=6/25 with pairs limit 2048
31 x 37 with 378 non-zero, 12.2 per row
1.328 bytes per non-zero, matrix encoded in 0.000 MB
12 rows to reduce, blocksize 6, max threads 2, zero reductions 1
new=4 basis=35, step time=0.002 sec

STEP 10
degree=6 pairs=16/33 with pairs limit 2048
57 x 42 with 791 non-zero, 13.9 per row
1.288 bytes per non-zero, matrix encoded in 0.001 MB
32 rows to reduce, blocksize 9, max threads 4, zero reductions 1
new=3 basis=37, step time=0.002 sec

STEP 11
degree=7 pairs=12/26 with pairs limit 2048
44 x 36 with 506 non-zero, 11.5 per row
1.348 bytes per non-zero, matrix encoded in 0.001 MB
24 rows to reduce, blocksize 6, max threads 4, zero reductions 1
new=2 basis=33, step time=0.002 sec

STEP 12
degree=8 pairs=10/15 with pairs limit 2048
35 x 32 with 362 non-zero, 10.3 per row
1.387 bytes per non-zero, matrix encoded in 0.000 MB
20 rows to reduce, blocksize 6, max threads 4, zero reductions 1
new=3 basis=33, step time=0.002 sec

STEP 13
degree=9 pairs=14/14 with pairs limit 2048
62 x 50 with 764 non-zero, 12.3 per row
1.325 bytes per non-zero, matrix encoded in 0.001 MB
28 rows to reduce, blocksize 9, max threads 4, zero reductions 1
new=2 basis=34, step time=0.002 sec

STEP 14
degree=5 pairs=8/8 with pairs limit 2048
36 x 34 with 465 non-zero, 12.9 per row
1.310 bytes per non-zero, matrix encoded in 0.001 MB
16 rows to reduce, blocksize 6, max threads 3, zero reductions 1
new=0 basis=28, step time=0.002 sec

DONE inter-reduce
42 x 87 with 492 non-zero, 11.7 per row
1.341 bytes per non-zero, matrix encoded in 0.001 MB
20 basis elements, 0.029 sec

[stderr]

