run_id: apply-katsura-15-axf4-t8
track: apply_vs_axf4__merry_sky_lynx
job_id: apply-katsura-15-axf4-t8
system_ref: systems/katsura/katsura.md
input_ref: systems/katsura/txt/katsura_15.txt
software: axf4 -t 8
version: local-copy
runner: axf4
threads: 8
field: GF(2147483647)
order: degrevlex
hardware_track: 
timeout_s: 60
memory_limit_mb: 8192
peak_memory_mb: 
status: timeout
exit_code: 
wall_time_seconds: 60.028483
process_wall_time_seconds: 60.028483
started_at_utc: 2026-05-16T11:45:56Z
finished_at_utc: 2026-05-16T11:46:56Z
runner_host: calcul-ouragan
runner_os: Linux-6.1.0-1029-oem-x86_64-with-glibc2.35
runner_machine: x86_64
runner_cpu_count: 32
runner_word_size: 64
runner_python: 3.10.12
command: 

[stdout]
F4 algorithm in 16 variables mod p=2147483647, 32 threads

STEP 1
degree=2 pairs=2/21 with pairs limit 2048
34 x 153 with 522 non-zero, 15.4 per row
1.261 bytes per non-zero, matrix encoded in 0.001 MB
4 rows to reduce, blocksize 3, max threads 2, zero reductions 1
new=2 basis=18, step time=0.156 sec

STEP 2
degree=3 pairs=22/22 with pairs limit 2048
402 x 953 with 7886 non-zero, 19.6 per row
1.204 bytes per non-zero, matrix encoded in 0.009 MB
44 rows to reduce, blocksize 9, max threads 5, zero reductions 1
new=20 basis=37, step time=0.213 sec

STEP 3
degree=4 pairs=156/156 with pairs limit 2048
2165 x 3879 with 185165 non-zero, 85.5 per row
1.141 bytes per non-zero, matrix encoded in 0.202 MB
312 rows to reduce, blocksize 18, max threads 18, zero reductions 1
new=106 basis=142, step time=0.310 sec

STEP 4
degree=5 pairs=1113/1113 with pairs limit 2048
12916 x 16010 with 3136257 non-zero, 242.8 per row
1.101 bytes per non-zero, matrix encoded in 3.294 MB
2226 rows to reduce, blocksize 39, max threads 58, zero reductions 1
new=384 basis=526, step time=2.047 sec

STEP 5
degree=6 pairs=2048/4576 with pairs limit 2048
24330 x 29796 with 12365020 non-zero, 508.2 per row
1.064 bytes per non-zero, matrix encoded in 12.549 MB
4096 rows to reduce, blocksize 48, max threads 86, zero reductions 1
new=602 basis=1128, step time=7.196 sec

STEP 6
degree=6 pairs=2528/9979 with pairs limit 4096
49502 x 54807 with 24886316 non-zero, 502.7 per row
1.087 bytes per non-zero, matrix encoded in 25.796 MB
5056 rows to reduce, blocksize 51, max threads 100, zero reductions 1
new=414 basis=1542, step time=6.875 sec

STEP 7
degree=7 pairs=2048/12891 with pairs limit 2048
34405 x 43837 with 26577431 non-zero, 772.5 per row
1.051 bytes per non-zero, matrix encoded in 26.630 MB
4096 rows to reduce, blocksize 48, max threads 86, zero reductions 1
new=522 basis=2064, step time=9.132 sec

STEP 8
degree=7 pairs=4096/17411 with pairs limit 4096
80011 x 88090 with 65929564 non-zero, 824.0 per row
1.065 bytes per non-zero, matrix encoded in 66.948 MB
8192 rows to reduce, blocksize 60, max threads 137, zero reductions 1
new=724 basis=2788, step time=16.520 sec

STEP 9
degree=7 pairs=6747/22758 with pairs limit 8192
154282 x 157933 with 128917107 non-zero, 835.6 per row
1.082 bytes per non-zero, matrix encoded in 132.980 MB
13494 rows to reduce, blocksize 69, max threads 196, zero reductions 1

[stderr]

