run_id: apply-henrion6-main-axf4-t1
track: apply_vs_axf4__merry_sky_lynx
job_id: apply-henrion6-main-axf4-t1
system_ref: systems/henrion6/henrion6.md
input_ref: systems/henrion6/txt/henrion6.txt
software: axf4 -t 1
version: local-copy
runner: axf4
threads: 1
field: GF(2147483647)
order: degrevlex
hardware_track: 
timeout_s: 60
memory_limit_mb: 8192
peak_memory_mb: 35
status: ok
exit_code: 0
wall_time_seconds: 0.024564
process_wall_time_seconds: 0.024564
started_at_utc: 2026-05-16T11:28:20Z
finished_at_utc: 2026-05-16T11:28:20Z
runner_host: calcul-ouragan
runner_os: Linux-6.1.0-1029-oem-x86_64-with-glibc2.35
runner_machine: x86_64
runner_cpu_count: 32
runner_word_size: 64
runner_python: 3.10.12
command: /home/ademin/GroebnerBenchmark/../axgrob/axf4 -p 2147483647 -v [f1,f2,f3,f4,f5,f6] -t 1 /tmp/gbbench-axf4-zm6nsfl8/henrion6.txt

[stdout]
error: can't parse term + 35//6*f1*f2*f3*f4*f6 + 16//3*f1*f2*f3*f5*f6 + 9//2*f1*f2*f4*f5*f6 + 10//3*f1*f3*f4*f5*f6 + 11//6*f2*f3*f4*f5*f6 - 648336150

[stderr]

