run_id: apply-chandra-13-axf4-t1
track: apply_vs_axf4__merry_sky_lynx
job_id: apply-chandra-13-axf4-t1
system_ref: systems/chandra/chandra.md
input_ref: systems/chandra/txt/chandra_13.txt
software: axf4 -t 1
version: local-copy
runner: axf4
threads: 1
field: GF(2147483647)
order: degrevlex
hardware_track: 
timeout_s: 60
memory_limit_mb: 8192
peak_memory_mb: 63
status: ok
exit_code: 0
wall_time_seconds: 0.017980
process_wall_time_seconds: 0.017980
started_at_utc: 2026-05-16T10:48:32Z
finished_at_utc: 2026-05-16T10:48:32Z
runner_host: calcul-ouragan
runner_os: Linux-6.1.0-1029-oem-x86_64-with-glibc2.35
runner_machine: x86_64
runner_cpu_count: 32
runner_word_size: 64
runner_python: 3.10.12
command: /home/ademin/GroebnerBenchmark/../axgrob/axf4 -p 2147483647 -v [H1,H2,H3,H4,H5,H6,H7,H8,H9,H10,H11,H12,H13] -t 1 /tmp/gbbench-axf4-7rlmpcud/chandra_13.txt

[stdout]
error: can't parse term -288421779135875//1125899906842624*H1^2 - 288421779135875//1688849860263936*H1*H2 - 288421779135875//2251799813685248*H1*H3 - 57684355827175//562949953421312*H1*H4 - 288421779135875//3377699720527872*H1*H5 - 41203111305125//562949953421312*H1*H6 - 288421779135875//4503599627370496*H1*H7 - 288421779135875//5066549580791808*H1*H8 - 57684355827175//1125899906842624*H1*H9 - 26220161739625//562949953421312*H1*H10 - 288421779135875//6755399441055744*H1*H11 - 288421779135875//7318349394477056*H1*H12 + 14348277009818237//562949953421312*H1 - 26

[stderr]

