run_id: apply-noon-2-axf4-t8
track: apply_vs_axf4__merry_sky_lynx
job_id: apply-noon-2-axf4-t8
system_ref: systems/noon/noon.md
input_ref: systems/noon/txt/noon_2.txt
software: axf4 -t 8
version: local-copy
runner: axf4
threads: 8
field: GF(2147483647)
order: degrevlex
hardware_track: 
timeout_s: 60
memory_limit_mb: 8192
peak_memory_mb: 19
status: ok
exit_code: 0
wall_time_seconds: 0.682960
process_wall_time_seconds: 0.682960
started_at_utc: 2026-05-16T12:14:24Z
finished_at_utc: 2026-05-16T12:14:24Z
runner_host: calcul-ouragan
runner_os: Linux-6.1.0-1029-oem-x86_64-with-glibc2.35
runner_machine: x86_64
runner_cpu_count: 32
runner_word_size: 64
runner_python: 3.10.12
command: /home/ademin/GroebnerBenchmark/../axgrob/axf4 -p 2147483647 -v [x1,x2] -t 8 /tmp/gbbench-axf4-5du_cuxd/noon_2.txt

[stdout]
F4 algorithm in 2 variables mod p=2147483647, 32 threads

STEP 1
degree=4 pairs=1/1 with pairs limit 2048
3 x 5 with 9 non-zero, 3.0 per row
2.333 bytes per non-zero, matrix encoded in 0.000 MB
2 rows to reduce, blocksize 1, max threads 2, zero reductions 1
new=1 basis=3, step time=0.159 sec

STEP 2
degree=3 pairs=1/1 with pairs limit 2048
3 x 6 with 11 non-zero, 3.7 per row
2.091 bytes per non-zero, matrix encoded in 0.000 MB
2 rows to reduce, blocksize 1, max threads 2, zero reductions 1
new=1 basis=4, step time=0.144 sec

STEP 3
degree=4 pairs=1/1 with pairs limit 2048
6 x 9 with 23 non-zero, 3.8 per row
2.043 bytes per non-zero, matrix encoded in 0.000 MB
2 rows to reduce, blocksize 1, max threads 2, zero reductions 1
new=0 basis=3, step time=0.176 sec

DONE inter-reduce
6 x 8 with 24 non-zero, 4.0 per row
2.000 bytes per non-zero, matrix encoded in 0.000 MB
3 basis elements, 0.595 sec

[stderr]

