run_id: apply-cyclic-15-axf4-t8
track: apply_vs_axf4__merry_sky_lynx
job_id: apply-cyclic-15-axf4-t8
system_ref: systems/cyclic/cyclic.md
input_ref: systems/cyclic/txt/cyclic_15.txt
software: axf4 -t 8
version: local-copy
runner: axf4
threads: 8
field: GF(2147483647)
order: degrevlex
hardware_track: 
timeout_s: 60
memory_limit_mb: 8192
peak_memory_mb: 
status: timeout
exit_code: 
wall_time_seconds: 60.022169
process_wall_time_seconds: 60.022169
started_at_utc: 2026-05-16T11:12:30Z
finished_at_utc: 2026-05-16T11:13:30Z
runner_host: calcul-ouragan
runner_os: Linux-6.1.0-1029-oem-x86_64-with-glibc2.35
runner_machine: x86_64
runner_cpu_count: 32
runner_word_size: 64
runner_python: 3.10.12
command: 

[stdout]
F4 algorithm in 15 variables mod p=2147483647, 32 threads

STEP 1
degree=2 pairs=1/14 with pairs limit 2048
4 x 40 with 60 non-zero, 15.0 per row
1.267 bytes per non-zero, matrix encoded in 0.000 MB
2 rows to reduce, blocksize 1, max threads 2, zero reductions 1
new=1 basis=16, step time=0.046 sec

STEP 2
degree=3 pairs=1/13 with pairs limit 2048
7 x 95 with 147 non-zero, 21.0 per row
1.190 bytes per non-zero, matrix encoded in 0.000 MB
2 rows to reduce, blocksize 1, max threads 2, zero reductions 1
new=1 basis=17, step time=0.004 sec

STEP 3
degree=4 pairs=2/13 with pairs limit 2048
25 x 615 with 1177 non-zero, 47.1 per row
1.085 bytes per non-zero, matrix encoded in 0.001 MB
4 rows to reduce, blocksize 3, max threads 2, zero reductions 1
new=2 basis=19, step time=0.007 sec

STEP 4
degree=5 pairs=4/14 with pairs limit 2048
125 x 1848 with 8135 non-zero, 65.1 per row
1.093 bytes per non-zero, matrix encoded in 0.008 MB
8 rows to reduce, blocksize 6, max threads 2, zero reductions 1
new=3 basis=22, step time=0.060 sec

STEP 5
degree=6 pairs=9/18 with pairs limit 2048
219 x 5898 with 44405 non-zero, 202.8 per row
1.060 bytes per non-zero, matrix encoded in 0.045 MB
18 rows to reduce, blocksize 6, max threads 3, zero reductions 1
new=7 basis=29, step time=0.011 sec

STEP 6
degree=7 pairs=22/30 with pairs limit 2048
1008 x 20817 with 355611 non-zero, 352.8 per row
1.103 bytes per non-zero, matrix encoded in 0.374 MB
44 rows to reduce, blocksize 9, max threads 5, zero reductions 1
new=13 basis=42, step time=0.071 sec

STEP 7
degree=8 pairs=47/54 with pairs limit 2048
5888 x 73387 with 2635510 non-zero, 447.6 per row
1.165 bytes per non-zero, matrix encoded in 2.927 MB
94 rows to reduce, blocksize 12, max threads 8, zero reductions 1
new=24 basis=66, step time=0.193 sec

STEP 8
degree=9 pairs=106/116 with pairs limit 2048
15199 x 165921 with 10741146 non-zero, 706.7 per row
1.155 bytes per non-zero, matrix encoded in 11.835 MB
212 rows to reduce, blocksize 15, max threads 15, zero reductions 1
new=51 basis=117, step time=0.510 sec

STEP 9
degree=10 pairs=254/261 with pairs limit 2048
50844 x 402437 with 74941438 non-zero, 1473.9 per row
1.112 bytes per non-zero, matrix encoded in 79.455 MB
508 rows to reduce, blocksize 21, max threads 25, zero reductions 1
new=108 basis=225, step time=3.735 sec

STEP 10
degree=11 pairs=570/598 with pairs limit 2048
142421 x 978288 with 488090562 non-zero, 3427.1 per row
1.072 bytes per non-zero, matrix encoded in 498.874 MB
1140 rows to reduce, blocksize 30, max threads 38, zero reductions 1
new=195 basis=420, step time=33.108 sec

STEP 11
degree=12 pairs=1223/1260 with pairs limit 2048

[stderr]

