run_id: apply-eco-2-axf4-t8
track: apply_vs_axf4__merry_sky_lynx
job_id: apply-eco-2-axf4-t8
system_ref: systems/eco/eco.md
input_ref: systems/eco/txt/eco_2.txt
software: axf4 -t 8
version: local-copy
runner: axf4
threads: 8
field: GF(2147483647)
order: degrevlex
hardware_track: 
timeout_s: 60
memory_limit_mb: 8192
peak_memory_mb: 19
status: ok
exit_code: 0
wall_time_seconds: 0.027045
process_wall_time_seconds: 0.027045
started_at_utc: 2026-05-16T11:25:25Z
finished_at_utc: 2026-05-16T11:25:25Z
runner_host: calcul-ouragan
runner_os: Linux-6.1.0-1029-oem-x86_64-with-glibc2.35
runner_machine: x86_64
runner_cpu_count: 32
runner_word_size: 64
runner_python: 3.10.12
command: /home/ademin/GroebnerBenchmark/../axgrob/axf4 -p 2147483647 -v [x1,x2] -t 8 /tmp/gbbench-axf4-y35xmndf/eco_2.txt

[stdout]
F4 algorithm in 2 variables mod p=2147483647, 32 threads

STEP 1
degree=2 pairs=1/1 with pairs limit 2048
3 x 3 with 6 non-zero, 2.0 per row
3.000 bytes per non-zero, matrix encoded in 0.000 MB
2 rows to reduce, blocksize 1, max threads 2, zero reductions 1
new=1 basis=3, step time=0.006 sec

DONE inter-reduce
4 x 3 with 8 non-zero, 2.0 per row
3.000 bytes per non-zero, matrix encoded in 0.000 MB
2 basis elements, 0.011 sec

[stderr]

