run_id: apply-chandra-7-axf4-t1
track: apply_vs_axf4__merry_sky_lynx
job_id: apply-chandra-7-axf4-t1
system_ref: systems/chandra/chandra.md
input_ref: systems/chandra/txt/chandra_7.txt
software: axf4 -t 1
version: local-copy
runner: axf4
threads: 1
field: GF(2147483647)
order: degrevlex
hardware_track: 
timeout_s: 60
memory_limit_mb: 8192
peak_memory_mb: 39
status: ok
exit_code: 0
wall_time_seconds: 0.013043
process_wall_time_seconds: 0.013043
started_at_utc: 2026-05-16T10:49:12Z
finished_at_utc: 2026-05-16T10:49:12Z
runner_host: calcul-ouragan
runner_os: Linux-6.1.0-1029-oem-x86_64-with-glibc2.35
runner_machine: x86_64
runner_cpu_count: 32
runner_word_size: 64
runner_python: 3.10.12
command: /home/ademin/GroebnerBenchmark/../axgrob/axf4 -p 2147483647 -v [H1,H2,H3,H4,H5,H6,H7] -t 1 /tmp/gbbench-axf4-fnkkc7a0/chandra_7.txt

[stdout]
error: can't parse term -288421779135875//1125899906842624*H1^2 - 288421779135875//1688849860263936*H1*H2 - 288421779135875//2251799813685248*H1*H3 - 57684355827175//562949953421312*H1*H4 - 288421779135875//3377699720527872*H1*H5 - 41203111305125//562949953421312*H1*H6 + 7592877568762493//562949953421312*H1 - 14

[stderr]

