run_id: apply-chandra-2-axf4-t1
track: apply_vs_axf4__merry_sky_lynx
job_id: apply-chandra-2-axf4-t1
system_ref: systems/chandra/chandra.md
input_ref: systems/chandra/txt/chandra_2.txt
software: axf4 -t 1
version: local-copy
runner: axf4
threads: 1
field: GF(2147483647)
order: degrevlex
hardware_track: 
timeout_s: 60
memory_limit_mb: 8192
peak_memory_mb: 19
status: ok
exit_code: 0
wall_time_seconds: 0.006875
process_wall_time_seconds: 0.006875
started_at_utc: 2026-05-16T10:48:47Z
finished_at_utc: 2026-05-16T10:48:47Z
runner_host: calcul-ouragan
runner_os: Linux-6.1.0-1029-oem-x86_64-with-glibc2.35
runner_machine: x86_64
runner_cpu_count: 32
runner_word_size: 64
runner_python: 3.10.12
command: /home/ademin/GroebnerBenchmark/../axgrob/axf4 -p 2147483647 -v [H1,H2] -t 1 /tmp/gbbench-axf4-2ilo2dsa/chandra_2.txt

[stdout]
error: can't parse term -288421779135875//1125899906842624*H1^2 + 1963378034549373//562949953421312*H1 - 4

[stderr]

