run_id: apply-katsura-2-axf4-t8
track: apply_vs_axf4__merry_sky_lynx
job_id: apply-katsura-2-axf4-t8
system_ref: systems/katsura/katsura.md
input_ref: systems/katsura/txt/katsura_2.txt
software: axf4 -t 8
version: local-copy
runner: axf4
threads: 8
field: GF(2147483647)
order: degrevlex
hardware_track: 
timeout_s: 60
memory_limit_mb: 8192
peak_memory_mb: 23
status: ok
exit_code: 0
wall_time_seconds: 0.080339
process_wall_time_seconds: 0.080339
started_at_utc: 2026-05-16T11:47:14Z
finished_at_utc: 2026-05-16T11:47:14Z
runner_host: calcul-ouragan
runner_os: Linux-6.1.0-1029-oem-x86_64-with-glibc2.35
runner_machine: x86_64
runner_cpu_count: 32
runner_word_size: 64
runner_python: 3.10.12
command: /home/ademin/GroebnerBenchmark/../axgrob/axf4 -p 2147483647 -v [x0,x1,x2] -t 8 /tmp/gbbench-axf4-cedork9u/katsura_2.txt

[stdout]
F4 algorithm in 3 variables mod p=2147483647, 32 threads

STEP 1
degree=2 pairs=2/2 with pairs limit 2048
8 x 10 with 31 non-zero, 3.9 per row
2.032 bytes per non-zero, matrix encoded in 0.000 MB
4 rows to reduce, blocksize 3, max threads 2, zero reductions 1
new=2 basis=5, step time=0.014 sec

STEP 2
degree=3 pairs=1/1 with pairs limit 2048
6 x 8 with 24 non-zero, 4.0 per row
2.000 bytes per non-zero, matrix encoded in 0.000 MB
2 rows to reduce, blocksize 1, max threads 2, zero reductions 1
new=1 basis=4, step time=0.008 sec

STEP 3
degree=4 pairs=1/1 with pairs limit 2048
8 x 9 with 32 non-zero, 4.0 per row
2.000 bytes per non-zero, matrix encoded in 0.000 MB
2 rows to reduce, blocksize 1, max threads 2, zero reductions 1
new=0 basis=4, step time=0.015 sec

DONE inter-reduce
8 x 8 with 32 non-zero, 4.0 per row
2.000 bytes per non-zero, matrix encoded in 0.000 MB
4 basis elements, 0.050 sec

[stderr]

