run_id: apply-katsura-3-axf4-t8
track: apply_vs_axf4__merry_sky_lynx
job_id: apply-katsura-3-axf4-t8
system_ref: systems/katsura/katsura.md
input_ref: systems/katsura/txt/katsura_3.txt
software: axf4 -t 8
version: local-copy
runner: axf4
threads: 8
field: GF(2147483647)
order: degrevlex
hardware_track: 
timeout_s: 60
memory_limit_mb: 8192
peak_memory_mb: 27
status: ok
exit_code: 0
wall_time_seconds: 0.059733
process_wall_time_seconds: 0.059733
started_at_utc: 2026-05-16T11:47:29Z
finished_at_utc: 2026-05-16T11:47:29Z
runner_host: calcul-ouragan
runner_os: Linux-6.1.0-1029-oem-x86_64-with-glibc2.35
runner_machine: x86_64
runner_cpu_count: 32
runner_word_size: 64
runner_python: 3.10.12
command: /home/ademin/GroebnerBenchmark/../axgrob/axf4 -p 2147483647 -v [x0,x1,x2,x3] -t 8 /tmp/gbbench-axf4-vjdyorb1/katsura_3.txt

[stdout]
F4 algorithm in 4 variables mod p=2147483647, 32 threads

STEP 1
degree=2 pairs=2/3 with pairs limit 2048
10 x 15 with 48 non-zero, 4.8 per row
1.833 bytes per non-zero, matrix encoded in 0.000 MB
4 rows to reduce, blocksize 3, max threads 2, zero reductions 1
new=2 basis=6, step time=0.006 sec

STEP 2
degree=3 pairs=3/3 with pairs limit 2048
22 x 25 with 121 non-zero, 5.5 per row
1.727 bytes per non-zero, matrix encoded in 0.000 MB
6 rows to reduce, blocksize 3, max threads 2, zero reductions 1
new=2 basis=7, step time=0.007 sec

STEP 3
degree=4 pairs=4/4 with pairs limit 2048
24 x 24 with 154 non-zero, 6.4 per row
1.623 bytes per non-zero, matrix encoded in 0.000 MB
8 rows to reduce, blocksize 6, max threads 2, zero reductions 1
new=1 basis=7, step time=0.007 sec

STEP 4
degree=5 pairs=2/2 with pairs limit 2048
20 x 23 with 138 non-zero, 6.9 per row
1.580 bytes per non-zero, matrix encoded in 0.000 MB
4 rows to reduce, blocksize 3, max threads 2, zero reductions 1
new=0 basis=7, step time=0.007 sec

DONE inter-reduce
15 x 16 with 97 non-zero, 6.5 per row
1.619 bytes per non-zero, matrix encoded in 0.000 MB
7 basis elements, 0.031 sec

[stderr]

