run_id: apply-katsura-10-axf4-t1
track: apply_vs_axf4__merry_sky_lynx
job_id: apply-katsura-10-axf4-t1
system_ref: systems/katsura/katsura.md
input_ref: systems/katsura/txt/katsura_10.txt
software: axf4 -t 1
version: local-copy
runner: axf4
threads: 1
field: GF(2147483647)
order: degrevlex
hardware_track: 
timeout_s: 60
memory_limit_mb: 8192
peak_memory_mb: 100
status: ok
exit_code: 0
wall_time_seconds: 0.429153
process_wall_time_seconds: 0.429153
started_at_utc: 2026-05-16T11:32:19Z
finished_at_utc: 2026-05-16T11:32:20Z
runner_host: calcul-ouragan
runner_os: Linux-6.1.0-1029-oem-x86_64-with-glibc2.35
runner_machine: x86_64
runner_cpu_count: 32
runner_word_size: 64
runner_python: 3.10.12
command: /home/ademin/GroebnerBenchmark/../axgrob/axf4 -p 2147483647 -v [x0,x1,x2,x3,x4,x5,x6,x7,x8,x9,x10] -t 1 /tmp/gbbench-axf4-6cmjllkx/katsura_10.txt

[stdout]
F4 algorithm in 11 variables mod p=2147483647, 32 threads

STEP 1
degree=2 pairs=2/14 with pairs limit 2048
24 x 78 with 263 non-zero, 11.0 per row
1.365 bytes per non-zero, matrix encoded in 0.000 MB
4 rows to reduce, blocksize 3, max threads 2, zero reductions 1
new=2 basis=13, step time=0.003 sec

STEP 2
degree=3 pairs=15/15 with pairs limit 2048
193 x 351 with 2650 non-zero, 13.7 per row
1.291 bytes per non-zero, matrix encoded in 0.003 MB
30 rows to reduce, blocksize 9, max threads 4, zero reductions 1
new=13 basis=25, step time=0.006 sec

STEP 3
degree=4 pairs=73/73 with pairs limit 2048
760 x 1041 with 31063 non-zero, 40.9 per row
1.138 bytes per non-zero, matrix encoded in 0.034 MB
146 rows to reduce, blocksize 15, max threads 10, zero reductions 1
new=42 basis=66, step time=0.037 sec

STEP 4
degree=5 pairs=306/306 with pairs limit 2048
2867 x 2980 with 218651 non-zero, 76.3 per row
1.115 bytes per non-zero, matrix encoded in 0.232 MB
612 rows to reduce, blocksize 24, max threads 26, zero reductions 1
new=88 basis=154, step time=0.013 sec

STEP 5
degree=6 pairs=715/715 with pairs limit 2048
7099 x 6643 with 832417 non-zero, 117.3 per row
1.115 bytes per non-zero, matrix encoded in 0.885 MB
1430 rows to reduce, blocksize 33, max threads 44, zero reductions 1
new=127 basis=281, step time=0.025 sec

STEP 6
degree=7 pairs=1086/1086 with pairs limit 2048
11572 x 10493 with 1878017 non-zero, 162.3 per row
1.110 bytes per non-zero, matrix encoded in 1.987 MB
2172 rows to reduce, blocksize 36, max threads 61, zero reductions 1
new=126 basis=407, step time=0.039 sec

STEP 7
degree=8 pairs=1106/1106 with pairs limit 2048
13104 x 11988 with 2688586 non-zero, 205.2 per row
1.092 bytes per non-zero, matrix encoded in 2.799 MB
2212 rows to reduce, blocksize 39, max threads 57, zero reductions 1
new=84 basis=491, step time=0.068 sec

STEP 8
degree=9 pairs=748/748 with pairs limit 2048
12135 x 11697 with 2564567 non-zero, 211.3 per row
1.083 bytes per non-zero, matrix encoded in 2.648 MB
1496 rows to reduce, blocksize 33, max threads 46, zero reductions 1
new=36 basis=527, step time=0.044 sec

STEP 9
degree=10 pairs=323/323 with pairs limit 2048
10989 x 11375 with 2102134 non-zero, 191.3 per row
1.087 bytes per non-zero, matrix encoded in 2.180 MB
646 rows to reduce, blocksize 24, max threads 27, zero reductions 1
new=9 basis=536, step time=0.030 sec

STEP 10
degree=11 pairs=81/81 with pairs limit 2048
9625 x 10487 with 1547851 non-zero, 160.8 per row
1.098 bytes per non-zero, matrix encoded in 1.620 MB
162 rows to reduce, blocksize 15, max threads 11, zero reductions 1
new=1 basis=537, step time=0.023 sec

STEP 11
degree=12 pairs=9/9 with pairs limit 2048
9124 x 10129 with 1243226 non-zero, 136.3 per row
1.107 bytes per non-zero, matrix encoded in 1.313 MB
18 rows to reduce, blocksize 6, max threads 3, zero reductions 1
new=0 basis=537, step time=0.022 sec

DONE inter-reduce
1082 x 1569 with 766590 non-zero, 708.5 per row
1.006 bytes per non-zero, matrix encoded in 0.735 MB
537 basis elements, 0.322 sec

[stderr]

