run_id: apply-cp_d_3_n_6_p_2-main-axf4-t1
track: apply_vs_axf4__merry_sky_lynx
job_id: apply-cp_d_3_n_6_p_2-main-axf4-t1
system_ref: systems/cp_d_3_n_6_p_2/cp_d_3_n_6_p_2.md
input_ref: systems/cp_d_3_n_6_p_2/txt/cp_d_3_n_6_p_2.txt
software: axf4 -t 1
version: local-copy
runner: axf4
threads: 1
field: GF(2147483647)
order: degrevlex
hardware_track: 
timeout_s: 60
memory_limit_mb: 8192
peak_memory_mb: 57
status: ok
exit_code: 0
wall_time_seconds: 0.115209
process_wall_time_seconds: 0.115209
started_at_utc: 2026-05-16T10:49:26Z
finished_at_utc: 2026-05-16T10:49:26Z
runner_host: calcul-ouragan
runner_os: Linux-6.1.0-1029-oem-x86_64-with-glibc2.35
runner_machine: x86_64
runner_cpu_count: 32
runner_word_size: 64
runner_python: 3.10.12
command: /home/ademin/GroebnerBenchmark/../axgrob/axf4 -p 2147483647 -v [x1,x2,x3,x4,x5,x6] -t 1 /tmp/gbbench-axf4-kn7eiyjw/cp_d_3_n_6_p_2.txt

[stdout]
F4 algorithm in 6 variables mod p=2147483647, 32 threads

STEP 1
degree=3 pairs=1/11 with pairs limit 2048
3 x 84 with 247 non-zero, 82.3 per row
1.049 bytes per non-zero, matrix encoded in 0.000 MB
2 rows to reduce, blocksize 1, max threads 2, zero reductions 1
new=1 basis=13, step time=0.003 sec

STEP 2
degree=4 pairs=11/11 with pairs limit 2048
35 x 210 with 4157 non-zero, 118.8 per row
1.034 bytes per non-zero, matrix encoded in 0.004 MB
22 rows to reduce, blocksize 6, max threads 4, zero reductions 1
new=11 basis=23, step time=0.002 sec

STEP 3
degree=5 pairs=21/21 with pairs limit 2048
134 x 449 with 20674 non-zero, 154.3 per row
1.026 bytes per non-zero, matrix encoded in 0.020 MB
42 rows to reduce, blocksize 9, max threads 5, zero reductions 1
new=21 basis=35, step time=0.024 sec

STEP 4
degree=6 pairs=67/67 with pairs limit 2048
390 x 788 with 91497 non-zero, 234.6 per row
1.017 bytes per non-zero, matrix encoded in 0.089 MB
134 rows to reduce, blocksize 15, max threads 9, zero reductions 1
new=35 basis=70, step time=0.006 sec

STEP 5
degree=7 pairs=140/140 with pairs limit 2048
773 x 1162 with 248927 non-zero, 322.0 per row
1.013 bytes per non-zero, matrix encoded in 0.240 MB
280 rows to reduce, blocksize 18, max threads 16, zero reductions 1
new=46 basis=116, step time=0.007 sec

STEP 6
degree=8 pairs=219/219 with pairs limit 2048
1293 x 1604 with 508610 non-zero, 393.4 per row
1.012 bytes per non-zero, matrix encoded in 0.491 MB
438 rows to reduce, blocksize 21, max threads 21, zero reductions 1
new=57 basis=173, step time=0.011 sec

STEP 7
degree=9 pairs=285/285 with pairs limit 2048
1457 x 1648 with 653506 non-zero, 448.5 per row
1.013 bytes per non-zero, matrix encoded in 0.631 MB
570 rows to reduce, blocksize 24, max threads 24, zero reductions 1
new=45 basis=218, step time=0.006 sec

STEP 8
degree=10 pairs=225/225 with pairs limit 2048
1451 x 1741 with 726402 non-zero, 500.6 per row
1.010 bytes per non-zero, matrix encoded in 0.700 MB
450 rows to reduce, blocksize 21, max threads 22, zero reductions 1
new=20 basis=238, step time=0.007 sec

STEP 9
degree=11 pairs=100/100 with pairs limit 2048
1364 x 1888 with 659946 non-zero, 483.8 per row
1.011 bytes per non-zero, matrix encoded in 0.636 MB
200 rows to reduce, blocksize 15, max threads 14, zero reductions 1
new=4 basis=242, step time=0.004 sec

STEP 10
degree=12 pairs=20/20 with pairs limit 2048
1216 x 1896 with 556790 non-zero, 457.9 per row
1.012 bytes per non-zero, matrix encoded in 0.537 MB
40 rows to reduce, blocksize 9, max threads 5, zero reductions 1
new=0 basis=242, step time=0.005 sec

DONE inter-reduce
482 x 961 with 289006 non-zero, 599.6 per row
1.007 bytes per non-zero, matrix encoded in 0.277 MB
241 basis elements, 0.078 sec

[stderr]

