run_id: apply-katsura-14-axf4-t1
track: apply_vs_axf4__merry_sky_lynx
job_id: apply-katsura-14-axf4-t1
system_ref: systems/katsura/katsura.md
input_ref: systems/katsura/txt/katsura_14.txt
software: axf4 -t 1
version: local-copy
runner: axf4
threads: 1
field: GF(2147483647)
order: degrevlex
hardware_track: 
timeout_s: 60
memory_limit_mb: 8192
peak_memory_mb: 
status: timeout
exit_code: 
wall_time_seconds: 60.008681
process_wall_time_seconds: 60.008681
started_at_utc: 2026-05-16T11:40:55Z
finished_at_utc: 2026-05-16T11:41:55Z
runner_host: calcul-ouragan
runner_os: Linux-6.1.0-1029-oem-x86_64-with-glibc2.35
runner_machine: x86_64
runner_cpu_count: 32
runner_word_size: 64
runner_python: 3.10.12
command: 

[stdout]
F4 algorithm in 15 variables mod p=2147483647, 32 threads

STEP 1
degree=2 pairs=2/20 with pairs limit 2048
32 x 136 with 463 non-zero, 14.5 per row
1.276 bytes per non-zero, matrix encoded in 0.001 MB
4 rows to reduce, blocksize 3, max threads 2, zero reductions 1
new=2 basis=17, step time=0.007 sec

STEP 2
degree=3 pairs=21/21 with pairs limit 2048
355 x 801 with 6542 non-zero, 18.4 per row
1.217 bytes per non-zero, matrix encoded in 0.008 MB
42 rows to reduce, blocksize 9, max threads 5, zero reductions 1
new=19 basis=35, step time=0.209 sec

STEP 3
degree=4 pairs=140/140 with pairs limit 2048
1820 x 3093 with 139562 non-zero, 76.7 per row
1.142 bytes per non-zero, matrix encoded in 0.152 MB
280 rows to reduce, blocksize 18, max threads 16, zero reductions 1
new=93 basis=127, step time=0.069 sec

STEP 4
degree=5 pairs=914/914 with pairs limit 2048
10073 x 12021 with 2041038 non-zero, 202.6 per row
1.103 bytes per non-zero, matrix encoded in 2.147 MB
1828 rows to reduce, blocksize 36, max threads 51, zero reductions 1
new=306 basis=433, step time=0.284 sec

STEP 5
degree=6 pairs=2048/3408 with pairs limit 2048
21154 x 23992 with 9256141 non-zero, 437.6 per row
1.067 bytes per non-zero, matrix encoded in 9.420 MB
4096 rows to reduce, blocksize 48, max threads 86, zero reductions 1
new=563 basis=996, step time=3.097 sec

STEP 6
degree=6 pairs=1360/7937 with pairs limit 4096
34650 x 38572 with 12418511 non-zero, 358.4 per row
1.099 bytes per non-zero, matrix encoded in 13.014 MB
2720 rows to reduce, blocksize 39, max threads 70, zero reductions 1
new=167 basis=1163, step time=2.452 sec

STEP 7
degree=7 pairs=2048/8657 with pairs limit 2048
30017 x 35070 with 18664883 non-zero, 621.8 per row
1.055 bytes per non-zero, matrix encoded in 18.775 MB
4096 rows to reduce, blocksize 48, max threads 86, zero reductions 1
new=477 basis=1640, step time=5.268 sec

STEP 8
degree=7 pairs=4096/12273 with pairs limit 4096
66487 x 68835 with 45899050 non-zero, 690.3 per row
1.071 bytes per non-zero, matrix encoded in 46.886 MB
8192 rows to reduce, blocksize 60, max threads 137, zero reductions 1
new=631 basis=2271, step time=8.423 sec

STEP 9
degree=7 pairs=2513/15990 with pairs limit 8192
98044 x 103110 with 48410711 non-zero, 493.8 per row
1.105 bytes per non-zero, matrix encoded in 51.023 MB
5026 rows to reduce, blocksize 51, max threads 99, zero reductions 1
new=185 basis=2456, step time=4.671 sec

STEP 10
degree=8 pairs=2048/15874 with pairs limit 2048
47008 x 54773 with 39636451 non-zero, 843.2 per row
1.052 bytes per non-zero, matrix encoded in 39.759 MB
4096 rows to reduce, blocksize 48, max threads 86, zero reductions 1
new=471 basis=2927, step time=6.845 sec

STEP 11
degree=8 pairs=4096/19513 with pairs limit 4096
94998 x 99595 with 83921279 non-zero, 883.4 per row
1.064 bytes per non-zero, matrix encoded in 85.116 MB
8192 rows to reduce, blocksize 60, max threads 137, zero reductions 1
new=483 basis=3410, step time=13.927 sec

STEP 12
degree=8 pairs=8192/21516 with pairs limit 8192
207841 x 205097 with 165632037 non-zero, 796.9 per row
1.090 bytes per non-zero, matrix encoded in 172.184 MB
16384 rows to reduce, blocksize 75, max threads 219, zero reductions 1

[stderr]

