run_id: apply-cyclic-12-axf4-t8
track: apply_vs_axf4__merry_sky_lynx
job_id: apply-cyclic-12-axf4-t8
system_ref: systems/cyclic/cyclic.md
input_ref: systems/cyclic/txt/cyclic_12.txt
software: axf4 -t 8
version: local-copy
runner: axf4
threads: 8
field: GF(2147483647)
order: degrevlex
hardware_track: 
timeout_s: 60
memory_limit_mb: 8192
peak_memory_mb: 
status: timeout
exit_code: 
wall_time_seconds: 60.006165
process_wall_time_seconds: 60.006165
started_at_utc: 2026-05-16T11:00:51Z
finished_at_utc: 2026-05-16T11:01:51Z
runner_host: calcul-ouragan
runner_os: Linux-6.1.0-1029-oem-x86_64-with-glibc2.35
runner_machine: x86_64
runner_cpu_count: 32
runner_word_size: 64
runner_python: 3.10.12
command: 

[stdout]
F4 algorithm in 12 variables mod p=2147483647, 32 threads

STEP 1
degree=2 pairs=1/11 with pairs limit 2048
4 x 31 with 48 non-zero, 12.0 per row
1.333 bytes per non-zero, matrix encoded in 0.000 MB
2 rows to reduce, blocksize 1, max threads 2, zero reductions 1
new=1 basis=13, step time=0.006 sec

STEP 2
degree=3 pairs=1/10 with pairs limit 2048
7 x 71 with 114 non-zero, 16.3 per row
1.246 bytes per non-zero, matrix encoded in 0.000 MB
2 rows to reduce, blocksize 1, max threads 2, zero reductions 1
new=1 basis=14, step time=0.018 sec

STEP 3
degree=4 pairs=2/10 with pairs limit 2048
22 x 345 with 724 non-zero, 32.9 per row
1.122 bytes per non-zero, matrix encoded in 0.001 MB
4 rows to reduce, blocksize 3, max threads 2, zero reductions 1
new=2 basis=16, step time=0.047 sec

STEP 4
degree=5 pairs=4/11 with pairs limit 2048
95 x 942 with 4472 non-zero, 47.1 per row
1.093 bytes per non-zero, matrix encoded in 0.005 MB
8 rows to reduce, blocksize 6, max threads 2, zero reductions 1
new=3 basis=19, step time=0.100 sec

STEP 5
degree=6 pairs=9/15 with pairs limit 2048
168 x 2434 with 20498 non-zero, 122.0 per row
1.058 bytes per non-zero, matrix encoded in 0.021 MB
18 rows to reduce, blocksize 6, max threads 3, zero reductions 1
new=7 basis=26, step time=0.063 sec

STEP 6
degree=7 pairs=22/27 with pairs limit 2048
675 x 7107 with 138201 non-zero, 204.7 per row
1.081 bytes per non-zero, matrix encoded in 0.142 MB
44 rows to reduce, blocksize 9, max threads 5, zero reductions 1
new=13 basis=39, step time=0.054 sec

STEP 7
degree=8 pairs=47/51 with pairs limit 2048
2723 x 19305 with 811869 non-zero, 298.2 per row
1.111 bytes per non-zero, matrix encoded in 0.860 MB
94 rows to reduce, blocksize 12, max threads 8, zero reductions 1
new=24 basis=63, step time=0.119 sec

STEP 8
degree=9 pairs=106/113 with pairs limit 2048
6288 x 38493 with 2963584 non-zero, 471.3 per row
1.103 bytes per non-zero, matrix encoded in 3.118 MB
212 rows to reduce, blocksize 15, max threads 15, zero reductions 1
new=51 basis=114, step time=0.260 sec

STEP 9
degree=10 pairs=254/258 with pairs limit 2048
16618 x 78222 with 15886481 non-zero, 956.0 per row
1.076 bytes per non-zero, matrix encoded in 16.299 MB
508 rows to reduce, blocksize 21, max threads 25, zero reductions 1
new=108 basis=222, step time=1.173 sec

STEP 10
degree=11 pairs=570/595 with pairs limit 2048
36933 x 151734 with 76246301 non-zero, 2064.4 per row
1.048 bytes per non-zero, matrix encoded in 76.239 MB
1140 rows to reduce, blocksize 30, max threads 38, zero reductions 1
new=195 basis=417, step time=6.055 sec

STEP 11
degree=12 pairs=1223/1257 with pairs limit 2048
86473 x 292995 with 310046516 non-zero, 3585.5 per row
1.039 bytes per non-zero, matrix encoded in 307.111 MB
2446 rows to reduce, blocksize 39, max threads 63, zero reductions 1
new=455 basis=872, step time=31.862 sec

STEP 12
degree=13 pairs=2048/3146 with pairs limit 2048
136105 x 445162 with 871060008 non-zero, 6399.9 per row

[stderr]

