run_id: apply-katsura-7-axf4-t1
track: apply_vs_axf4__merry_sky_lynx
job_id: apply-katsura-7-axf4-t1
system_ref: systems/katsura/katsura.md
input_ref: systems/katsura/txt/katsura_7.txt
software: axf4 -t 1
version: local-copy
runner: axf4
threads: 1
field: GF(2147483647)
order: degrevlex
hardware_track: 
timeout_s: 60
memory_limit_mb: 8192
peak_memory_mb: 50
status: ok
exit_code: 0
wall_time_seconds: 0.129276
process_wall_time_seconds: 0.129276
started_at_utc: 2026-05-16T11:48:45Z
finished_at_utc: 2026-05-16T11:48:45Z
runner_host: calcul-ouragan
runner_os: Linux-6.1.0-1029-oem-x86_64-with-glibc2.35
runner_machine: x86_64
runner_cpu_count: 32
runner_word_size: 64
runner_python: 3.10.12
command: /home/ademin/GroebnerBenchmark/../axgrob/axf4 -p 2147483647 -v [x0,x1,x2,x3,x4,x5,x6,x7] -t 1 /tmp/gbbench-axf4-uw10z69t/katsura_7.txt

[stdout]
F4 algorithm in 8 variables mod p=2147483647, 32 threads

STEP 1
degree=2 pairs=2/9 with pairs limit 2048
18 x 45 with 150 non-zero, 8.3 per row
1.480 bytes per non-zero, matrix encoded in 0.000 MB
4 rows to reduce, blocksize 3, max threads 2, zero reductions 1
new=2 basis=10, step time=0.004 sec

STEP 2
degree=3 pairs=10/10 with pairs limit 2048
102 x 153 with 1042 non-zero, 10.2 per row
1.392 bytes per non-zero, matrix encoded in 0.001 MB
20 rows to reduce, blocksize 6, max threads 4, zero reductions 1
new=8 basis=17, step time=0.026 sec

STEP 3
degree=4 pairs=34/34 with pairs limit 2048
298 x 344 with 6299 non-zero, 21.1 per row
1.189 bytes per non-zero, matrix encoded in 0.007 MB
68 rows to reduce, blocksize 12, max threads 6, zero reductions 1
new=16 basis=32, step time=0.009 sec

STEP 4
degree=5 pairs=85/85 with pairs limit 2048
706 x 675 with 21845 non-zero, 30.9 per row
1.129 bytes per non-zero, matrix encoded in 0.024 MB
170 rows to reduce, blocksize 15, max threads 12, zero reductions 1
new=20 basis=52, step time=0.010 sec

STEP 5
degree=6 pairs=115/115 with pairs limit 2048
956 x 867 with 38870 non-zero, 40.7 per row
1.101 bytes per non-zero, matrix encoded in 0.041 MB
230 rows to reduce, blocksize 18, max threads 13, zero reductions 1
new=15 basis=67, step time=0.013 sec

STEP 6
degree=7 pairs=89/89 with pairs limit 2048
951 x 906 with 44141 non-zero, 46.4 per row
1.087 bytes per non-zero, matrix encoded in 0.046 MB
178 rows to reduce, blocksize 15, max threads 12, zero reductions 1
new=6 basis=73, step time=0.013 sec

STEP 7
degree=8 pairs=36/36 with pairs limit 2048
727 x 783 with 30589 non-zero, 42.1 per row
1.095 bytes per non-zero, matrix encoded in 0.032 MB
72 rows to reduce, blocksize 12, max threads 6, zero reductions 1
new=1 basis=74, step time=0.012 sec

STEP 8
degree=9 pairs=6/6 with pairs limit 2048
643 x 758 with 23522 non-zero, 36.6 per row
1.110 bytes per non-zero, matrix encoded in 0.025 MB
12 rows to reduce, blocksize 6, max threads 2, zero reductions 1
new=0 basis=74, step time=0.011 sec

DONE inter-reduce
153 x 207 with 13551 non-zero, 88.6 per row
1.045 bytes per non-zero, matrix encoded in 0.014 MB
74 basis elements, 0.103 sec

[stderr]

