run_id: apply-crn-main-axf4-t1
track: apply_vs_axf4__merry_sky_lynx
job_id: apply-crn-main-axf4-t1
system_ref: systems/crn/crn.md
input_ref: systems/crn/txt/crn.txt
software: axf4 -t 1
version: local-copy
runner: axf4
threads: 1
field: GF(2147483647)
order: degrevlex
hardware_track: 
timeout_s: 60
memory_limit_mb: 8192
peak_memory_mb: 187
status: ok
exit_code: 0
wall_time_seconds: 0.052618
process_wall_time_seconds: 0.052618
started_at_utc: 2026-05-16T10:49:51Z
finished_at_utc: 2026-05-16T10:49:51Z
runner_host: calcul-ouragan
runner_os: Linux-6.1.0-1029-oem-x86_64-with-glibc2.35
runner_machine: x86_64
runner_cpu_count: 32
runner_word_size: 64
runner_python: 3.10.12
command: /home/ademin/GroebnerBenchmark/../axgrob/axf4 -p 2147483647 -v [k1_0,k2_0,k3_0,k4_0,k5_0,k6_0,x1_0,x1_1,x1_2,x1_3,x1_4,x1_5,x2_0,x2_1,x2_2,x2_3,x2_4,x2_5,x2_6,x3_0,x3_1,x3_2,x3_3,x3_4,x3_5,x3_6,x4_0,x4_1,x4_2,x4_3,x4_4,x4_5,x5_0,x5_1,x5_2,x5_3,x5_4,x5_5,x6_0,x6_1,x6_2,x6_3,x6_4,x6_5] -t 1 /tmp/gbbench-axf4-n2fyhf_j/crn.txt

[stdout]
error: can't parse term + 1429944776381801//1125899906842624

[stderr]

