run_id: apply-noon-13-axf4-t1
track: apply_vs_axf4__merry_sky_lynx
job_id: apply-noon-13-axf4-t1
system_ref: systems/noon/noon.md
input_ref: systems/noon/txt/noon_13.txt
software: axf4 -t 1
version: local-copy
runner: axf4
threads: 1
field: GF(2147483647)
order: degrevlex
hardware_track: 
timeout_s: 60
memory_limit_mb: 8192
peak_memory_mb: 
status: timeout
exit_code: 
wall_time_seconds: 60.045307
process_wall_time_seconds: 60.045307
started_at_utc: 2026-05-16T12:03:49Z
finished_at_utc: 2026-05-16T12:04:49Z
runner_host: calcul-ouragan
runner_os: Linux-6.1.0-1029-oem-x86_64-with-glibc2.35
runner_machine: x86_64
runner_cpu_count: 32
runner_word_size: 64
runner_python: 3.10.12
command: 

[stdout]
F4 algorithm in 13 variables mod p=2147483647, 32 threads

STEP 1
degree=4 pairs=67/67 with pairs limit 2048
212 x 1028 with 2968 non-zero, 14.0 per row
1.299 bytes per non-zero, matrix encoded in 0.004 MB
134 rows to reduce, blocksize 15, max threads 9, zero reductions 1
new=67 basis=80, step time=0.202 sec

STEP 2
degree=5 pairs=233/508 with pairs limit 2048
941 x 1077 with 4388 non-zero, 4.7 per row
2.503 bytes per non-zero, matrix encoded in 0.010 MB
466 rows to reduce, blocksize 21, max threads 23, zero reductions 1
new=13 basis=93, step time=0.156 sec

STEP 3
degree=6 pairs=176/431 with pairs limit 2048
2075 x 5886 with 20842 non-zero, 10.0 per row
2.555 bytes per non-zero, matrix encoded in 0.051 MB
352 rows to reduce, blocksize 21, max threads 17, zero reductions 1
new=42 basis=135, step time=0.184 sec

STEP 4
degree=7 pairs=570/750 with pairs limit 2048
7568 x 21687 with 119964 non-zero, 15.9 per row
2.260 bytes per non-zero, matrix encoded in 0.259 MB
1140 rows to reduce, blocksize 30, max threads 38, zero reductions 1
new=87 basis=222, step time=0.300 sec

STEP 5
degree=8 pairs=828/1192 with pairs limit 2048
21123 x 55582 with 418497 non-zero, 19.8 per row
2.243 bytes per non-zero, matrix encoded in 0.895 MB
1656 rows to reduce, blocksize 33, max threads 51, zero reductions 1
new=183 basis=405, step time=0.768 sec

STEP 6
degree=9 pairs=1867/2497 with pairs limit 2048
58210 x 129853 with 1406807 non-zero, 24.2 per row
2.245 bytes per non-zero, matrix encoded in 3.011 MB
3734 rows to reduce, blocksize 45, max threads 83, zero reductions 1
new=397 basis=802, step time=2.357 sec

STEP 7
degree=10 pairs=2048/5268 with pairs limit 2048
75242 x 161396 with 2202956 non-zero, 29.3 per row
2.045 bytes per non-zero, matrix encoded in 4.296 MB
4096 rows to reduce, blocksize 48, max threads 86, zero reductions 1
new=381 basis=1183, step time=3.317 sec

STEP 8
degree=10 pairs=2140/7639 with pairs limit 4096
88442 x 170024 with 2449989 non-zero, 27.7 per row
2.344 bytes per non-zero, matrix encoded in 5.476 MB
4280 rows to reduce, blocksize 48, max threads 90, zero reductions 1
new=486 basis=1669, step time=4.981 sec

STEP 9
degree=11 pairs=2048/11229 with pairs limit 2048
90163 x 191300 with 3333918 non-zero, 37.0 per row
1.986 bytes per non-zero, matrix encoded in 6.313 MB
4096 rows to reduce, blocksize 48, max threads 86, zero reductions 1
new=323 basis=1992, step time=5.841 sec

STEP 10
degree=11 pairs=4096/12930 with pairs limit 4096
167402 x 307575 with 6003950 non-zero, 35.9 per row
2.157 bytes per non-zero, matrix encoded in 12.352 MB
8192 rows to reduce, blocksize 60, max threads 137, zero reductions 1
new=969 basis=2961, step time=21.395 sec

STEP 11
degree=11 pairs=3305/20081 with pairs limit 8192
162347 x 267849 with 5649818 non-zero, 34.8 per row
2.267 bytes per non-zero, matrix encoded in 12.213 MB
6610 rows to reduce, blocksize 54, max threads 123, zero reductions 1
new=603 basis=3564, step time=15.253 sec

STEP 12
degree=12 pairs=2048/24012 with pairs limit 2048
92905 x 242879 with 4648111 non-zero, 50.0 per row
1.716 bytes per non-zero, matrix encoded in 7.604 MB
4096 rows to reduce, blocksize 48, max threads 86, zero reductions 1

[stderr]

