run_id: apply-cyclic-13-axf4-t8
track: apply_vs_axf4__merry_sky_lynx
job_id: apply-cyclic-13-axf4-t8
system_ref: systems/cyclic/cyclic.md
input_ref: systems/cyclic/txt/cyclic_13.txt
software: axf4 -t 8
version: local-copy
runner: axf4
threads: 8
field: GF(2147483647)
order: degrevlex
hardware_track: 
timeout_s: 60
memory_limit_mb: 8192
peak_memory_mb: 
status: timeout
exit_code: 
wall_time_seconds: 60.037623
process_wall_time_seconds: 60.037623
started_at_utc: 2026-05-16T11:04:51Z
finished_at_utc: 2026-05-16T11:05:51Z
runner_host: calcul-ouragan
runner_os: Linux-6.1.0-1029-oem-x86_64-with-glibc2.35
runner_machine: x86_64
runner_cpu_count: 32
runner_word_size: 64
runner_python: 3.10.12
command: 

[stdout]
F4 algorithm in 13 variables mod p=2147483647, 32 threads

STEP 1
degree=2 pairs=1/12 with pairs limit 2048
4 x 34 with 52 non-zero, 13.0 per row
1.308 bytes per non-zero, matrix encoded in 0.000 MB
2 rows to reduce, blocksize 1, max threads 2, zero reductions 1
new=1 basis=14, step time=0.154 sec

STEP 2
degree=3 pairs=1/11 with pairs limit 2048
7 x 79 with 125 non-zero, 17.9 per row
1.224 bytes per non-zero, matrix encoded in 0.000 MB
2 rows to reduce, blocksize 1, max threads 2, zero reductions 1
new=1 basis=15, step time=0.180 sec

STEP 3
degree=4 pairs=2/11 with pairs limit 2048
23 x 426 with 863 non-zero, 37.5 per row
1.107 bytes per non-zero, matrix encoded in 0.001 MB
4 rows to reduce, blocksize 3, max threads 2, zero reductions 1
new=2 basis=17, step time=0.168 sec

STEP 4
degree=5 pairs=4/12 with pairs limit 2048
105 x 1208 with 5572 non-zero, 53.1 per row
1.094 bytes per non-zero, matrix encoded in 0.006 MB
8 rows to reduce, blocksize 6, max threads 2, zero reductions 1
new=3 basis=20, step time=0.144 sec

STEP 5
degree=6 pairs=9/16 with pairs limit 2048
185 x 3364 with 27175 non-zero, 146.9 per row
1.056 bytes per non-zero, matrix encoded in 0.027 MB
18 rows to reduce, blocksize 6, max threads 3, zero reductions 1
new=7 basis=27, step time=0.180 sec

STEP 6
degree=7 pairs=22/28 with pairs limit 2048
786 x 10535 with 195969 non-zero, 249.3 per row
1.088 bytes per non-zero, matrix encoded in 0.203 MB
44 rows to reduce, blocksize 9, max threads 5, zero reductions 1
new=13 basis=40, step time=0.182 sec

STEP 7
degree=8 pairs=47/52 with pairs limit 2048
3622 x 31391 with 1255239 non-zero, 346.6 per row
1.128 bytes per non-zero, matrix encoded in 1.350 MB
94 rows to reduce, blocksize 12, max threads 8, zero reductions 1
new=24 basis=64, step time=0.452 sec

STEP 8
degree=9 pairs=106/114 with pairs limit 2048
8757 x 65714 with 4786870 non-zero, 546.6 per row
1.121 bytes per non-zero, matrix encoded in 5.118 MB
212 rows to reduce, blocksize 15, max threads 15, zero reductions 1
new=51 basis=115, step time=1.666 sec

STEP 9
degree=10 pairs=254/259 with pairs limit 2048
25233 x 142505 with 28340474 non-zero, 1123.2 per row
1.088 bytes per non-zero, matrix encoded in 29.400 MB
508 rows to reduce, blocksize 21, max threads 25, zero reductions 1
new=108 basis=223, step time=8.836 sec

STEP 10
degree=11 pairs=570/596 with pairs limit 2048
60614 x 299016 with 151946031 non-zero, 2506.8 per row
1.056 bytes per non-zero, matrix encoded in 153.029 MB
1140 rows to reduce, blocksize 30, max threads 38, zero reductions 1

[stderr]

