run_id: apply-chandra-3-axf4-t8
track: apply_vs_axf4__merry_sky_lynx
job_id: apply-chandra-3-axf4-t8
system_ref: systems/chandra/chandra.md
input_ref: systems/chandra/txt/chandra_3.txt
software: axf4 -t 8
version: local-copy
runner: axf4
threads: 8
field: GF(2147483647)
order: degrevlex
hardware_track: 
timeout_s: 60
memory_limit_mb: 8192
peak_memory_mb: 23
status: ok
exit_code: 0
wall_time_seconds: 0.007367
process_wall_time_seconds: 0.007367
started_at_utc: 2026-05-16T10:48:52Z
finished_at_utc: 2026-05-16T10:48:52Z
runner_host: calcul-ouragan
runner_os: Linux-6.1.0-1029-oem-x86_64-with-glibc2.35
runner_machine: x86_64
runner_cpu_count: 32
runner_word_size: 64
runner_python: 3.10.12
command: /home/ademin/GroebnerBenchmark/../axgrob/axf4 -p 2147483647 -v [H1,H2,H3] -t 8 /tmp/gbbench-axf4-2ccoltr7/chandra_3.txt

[stdout]
error: can't parse term -288421779135875//1125899906842624*H1^2 - 288421779135875//1688849860263936*H1*H2 + 3089277941391997//562949953421312*H1 - 6

[stderr]

