run_id: apply-cp_d_3_n_6_p_6-main-groebner-apply
track: apply_vs_axf4__merry_sky_lynx
job_id: apply-cp_d_3_n_6_p_6-main-groebner-apply
system_ref: systems/cp_d_3_n_6_p_6/cp_d_3_n_6_p_6.md
input_ref: systems/cp_d_3_n_6_p_6/txt/cp_d_3_n_6_p_6.txt
software: Groebner.groebner_apply!
version: 0.10.3
runner: groebner_jl
threads: 8
field: GF(2147483647)
order: degrevlex
hardware_track: 
timeout_s: 60
memory_limit_mb: 8192
peak_memory_mb: 606
status: ok
exit_code: 0
wall_time_seconds: 0.136791246
process_wall_time_seconds: 2.299932
started_at_utc: 2026-05-16T10:49:28Z
finished_at_utc: 2026-05-16T10:49:30Z
runner_host: calcul-ouragan
runner_os: Linux-6.1.0-1029-oem-x86_64-with-glibc2.35
runner_machine: x86_64
runner_cpu_count: 32
runner_word_size: 64
runner_python: 3.10.12
command: /home/ademin/.juliaup/bin/julia --startup-file=no /tmp/gbbench-groebner-jl-khp7tsyw/groebner_jl_worker.jl --input /home/ademin/GroebnerBenchmark/systems/cp_d_3_n_6_p_6/txt/cp_d_3_n_6_p_6.txt --field GF(2147483647) --order degrevlex --threads 8 --method groebner_apply!

[stdout]
GBBENCH_WALL_TIME=0.136791246
GBBENCH_BYTES=187301656
GBBENCH_VERSION=0.10.3

[stderr]

