run_id: apply-eco-15-axf4-t1
track: apply_vs_axf4__merry_sky_lynx
job_id: apply-eco-15-axf4-t1
system_ref: systems/eco/eco.md
input_ref: systems/eco/txt/eco_15.txt
software: axf4 -t 1
version: local-copy
runner: axf4
threads: 1
field: GF(2147483647)
order: degrevlex
hardware_track: 
timeout_s: 60
memory_limit_mb: 8192
peak_memory_mb: 
status: timeout
exit_code: 
wall_time_seconds: 60.007384
process_wall_time_seconds: 60.007384
started_at_utc: 2026-05-16T11:23:19Z
finished_at_utc: 2026-05-16T11:24:19Z
runner_host: calcul-ouragan
runner_os: Linux-6.1.0-1029-oem-x86_64-with-glibc2.35
runner_machine: x86_64
runner_cpu_count: 32
runner_word_size: 64
runner_python: 3.10.12
command: 

[stdout]
F4 algorithm in 15 variables mod p=2147483647, 32 threads

STEP 1
degree=3 pairs=13/13 with pairs limit 2048
54 x 133 with 537 non-zero, 9.9 per row
1.402 bytes per non-zero, matrix encoded in 0.001 MB
26 rows to reduce, blocksize 6, max threads 5, zero reductions 1
new=13 basis=28, step time=0.008 sec

STEP 2
degree=3 pairs=2/79 with pairs limit 4096
17 x 119 with 240 non-zero, 14.1 per row
1.283 bytes per non-zero, matrix encoded in 0.000 MB
4 rows to reduce, blocksize 3, max threads 2, zero reductions 1
new=2 basis=17, step time=0.022 sec

STEP 3
degree=3 pairs=3/80 with pairs limit 8192
59 x 302 with 1482 non-zero, 25.1 per row
1.159 bytes per non-zero, matrix encoded in 0.002 MB
6 rows to reduce, blocksize 3, max threads 2, zero reductions 1
new=2 basis=19, step time=0.007 sec

STEP 4
degree=3 pairs=3/83 with pairs limit 16384
58 x 299 with 1103 non-zero, 19.0 per row
1.210 bytes per non-zero, matrix encoded in 0.001 MB
6 rows to reduce, blocksize 3, max threads 2, zero reductions 1
new=1 basis=19, step time=0.006 sec

STEP 5
degree=4 pairs=82/82 with pairs limit 2048
522 x 1232 with 18156 non-zero, 34.8 per row
1.201 bytes per non-zero, matrix encoded in 0.021 MB
164 rows to reduce, blocksize 15, max threads 11, zero reductions 1
new=78 basis=97, step time=0.238 sec

STEP 6
degree=3 pairs=98/602 with pairs limit 2048
347 x 660 with 20669 non-zero, 59.6 per row
1.067 bytes per non-zero, matrix encoded in 0.021 MB
196 rows to reduce, blocksize 15, max threads 14, zero reductions 1
new=76 basis=172, step time=0.013 sec

STEP 7
degree=4 pairs=724/1128 with pairs limit 2048
2635 x 2720 with 307562 non-zero, 116.7 per row
1.071 bytes per non-zero, matrix encoded in 0.314 MB
1448 rows to reduce, blocksize 33, max threads 44, zero reductions 1
new=275 basis=436, step time=0.083 sec

STEP 8
degree=5 pairs=2048/3180 with pairs limit 2048
8632 x 7426 with 1480102 non-zero, 171.5 per row
1.085 bytes per non-zero, matrix encoded in 1.532 MB
4096 rows to reduce, blocksize 48, max threads 86, zero reductions 1
new=420 basis=856, step time=0.296 sec

STEP 9
degree=5 pairs=1124/5721 with pairs limit 4096
7694 x 8148 with 1908780 non-zero, 248.1 per row
1.060 bytes per non-zero, matrix encoded in 1.929 MB
2248 rows to reduce, blocksize 39, max threads 58, zero reductions 1
new=244 basis=1047, step time=0.525 sec

STEP 10
degree=5 pairs=13/7228 with pairs limit 8192
5081 x 7529 with 1089727 non-zero, 214.5 per row
1.062 bytes per non-zero, matrix encoded in 1.104 MB
26 rows to reduce, blocksize 6, max threads 5, zero reductions 1
new=8 basis=1055, step time=0.059 sec

STEP 11
degree=6 pairs=2048/7288 with pairs limit 2048
14402 x 14026 with 2742672 non-zero, 190.4 per row
1.092 bytes per non-zero, matrix encoded in 2.857 MB
4096 rows to reduce, blocksize 48, max threads 86, zero reductions 1
new=339 basis=1394, step time=0.553 sec

STEP 12
degree=6 pairs=4096/9124 with pairs limit 4096
23476 x 20137 with 8614113 non-zero, 366.9 per row
1.071 bytes per non-zero, matrix encoded in 8.796 MB
8192 rows to reduce, blocksize 60, max threads 137, zero reductions 1
new=661 basis=2054, step time=2.421 sec

STEP 13
degree=6 pairs=1049/12862 with pairs limit 8192
18714 x 21096 with 7264758 non-zero, 388.2 per row
1.059 bytes per non-zero, matrix encoded in 7.336 MB
2098 rows to reduce, blocksize 36, max threads 59, zero reductions 1
new=113 basis=2165, step time=1.273 sec

STEP 14
degree=7 pairs=2048/13144 with pairs limit 2048
32495 x 33739 with 8695412 non-zero, 267.6 per row
1.099 bytes per non-zero, matrix encoded in 9.112 MB
4096 rows to reduce, blocksize 48, max threads 86, zero reductions 1
new=219 basis=2384, step time=0.853 sec

STEP 15
degree=7 pairs=4096/13677 with pairs limit 4096
41702 x 39599 with 16505713 non-zero, 395.8 per row
1.080 bytes per non-zero, matrix encoded in 16.995 MB
8192 rows to reduce, blocksize 60, max threads 137, zero reductions 1
new=443 basis=2827, step time=2.966 sec

STEP 16
degree=7 pairs=6754/14956 with pairs limit 8192
58542 x 52052 with 37008921 non-zero, 632.2 per row
1.065 bytes per non-zero, matrix encoded in 37.602 MB
13508 rows to reduce, blocksize 69, max threads 196, zero reductions 1
new=672 basis=3499, step time=5.787 sec

STEP 17
degree=8 pairs=2048/16489 with pairs limit 2048
77410 x 80445 with 26873679 non-zero, 347.2 per row
1.129 bytes per non-zero, matrix encoded in 28.933 MB
4096 rows to reduce, blocksize 48, max threads 86, zero reductions 1
new=153 basis=3652, step time=0.808 sec

STEP 18
degree=8 pairs=4096/16347 with pairs limit 4096
78848 x 78156 with 34720515 non-zero, 440.3 per row
1.112 bytes per non-zero, matrix encoded in 36.824 MB
8192 rows to reduce, blocksize 60, max threads 137, zero reductions 1
new=372 basis=4024, step time=1.989 sec

STEP 19
degree=8 pairs=8192/16851 with pairs limit 8192
113720 x 105677 with 78690097 non-zero, 692.0 per row
1.089 bytes per non-zero, matrix encoded in 81.705 MB
16384 rows to reduce, blocksize 75, max threads 219, zero reductions 1
new=559 basis=4583, step time=5.640 sec

STEP 20
degree=8 pairs=1703/15685 with pairs limit 16384
99740 x 104155 with 53783281 non-zero, 539.2 per row
1.103 bytes per non-zero, matrix encoded in 56.588 MB
3406 rows to reduce, blocksize 45, max threads 76, zero reductions 1
new=53 basis=4636, step time=2.721 sec

STEP 21
degree=9 pairs=2048/14663 with pairs limit 2048
173315 x 177531 with 68036941 non-zero, 392.6 per row
1.184 bytes per non-zero, matrix encoded in 76.800 MB
4096 rows to reduce, blocksize 48, max threads 86, zero reductions 1
new=106 basis=4742, step time=3.357 sec

STEP 22
degree=9 pairs=4096/13938 with pairs limit 4096
198889 x 199249 with 88358387 non-zero, 444.3 per row
1.180 bytes per non-zero, matrix encoded in 99.445 MB
8192 rows to reduce, blocksize 60, max threads 137, zero reductions 1
new=256 basis=4998, step time=6.836 sec

STEP 23
degree=9 pairs=8192/13051 with pairs limit 8192
223090 x 215362 with 151608350 non-zero, 679.6 per row
1.137 bytes per non-zero, matrix encoded in 164.428 MB
16384 rows to reduce, blocksize 75, max threads 219, zero reductions 1
new=300 basis=5298, step time=10.223 sec

STEP 24
degree=9 pairs=434/8687 with pairs limit 16384
206191 x 213701 with 87365747 non-zero, 423.7 per row
1.195 bytes per non-zero, matrix encoded in 99.537 MB
868 rows to reduce, blocksize 27, max threads 33, zero reductions 1
new=18 basis=5316, step time=3.315 sec

STEP 25
degree=9 pairs=28/8481 with pairs limit 32768
192990 x 201315 with 70627181 non-zero, 366.0 per row
1.212 bytes per non-zero, matrix encoded in 81.639 MB
56 rows to reduce, blocksize 9, max threads 7, zero reductions 1
new=18 basis=5332, step time=2.629 sec

STEP 26
degree=9 pairs=28/8690 with pairs limit 65536
195227 x 203552 with 73593471 non-zero, 377.0 per row
1.206 bytes per non-zero, matrix encoded in 84.667 MB
56 rows to reduce, blocksize 9, max threads 7, zero reductions 1
new=22 basis=5354, step time=2.964 sec

STEP 27
degree=9 pairs=28/8942 with pairs limit 131072
195207 x 203520 with 73513457 non-zero, 376.6 per row
1.206 bytes per non-zero, matrix encoded in 84.578 MB
56 rows to reduce, blocksize 9, max threads 7, zero reductions 1
new=22 basis=5376, step time=2.923 sec

STEP 28
degree=9 pairs=28/9191 with pairs limit 262144
195194 x 203492 with 73324905 non-zero, 375.7 per row
1.207 bytes per non-zero, matrix encoded in 84.378 MB
56 rows to reduce, blocksize 9, max threads 7, zero reductions 1

[stderr]

