run_id: apply-cyclic-2-axf4-t8
track: apply_vs_axf4__brisk_berry_swift
job_id: apply-cyclic-2-axf4-t8
system_ref: systems/cyclic/cyclic.md
input_ref: systems/cyclic/txt/cyclic_2.txt
software: axf4 -t 8
version: local-copy
runner: axf4
threads: 8
field: GF(2147483647)
order: degrevlex
hardware_track: 
timeout_s: 60
memory_limit_mb: 
status: ok
exit_code: 0
wall_time_seconds: 0.098514
process_wall_time_seconds: 0.098514
started_at_utc: 2026-05-16T09:33:31Z
finished_at_utc: 2026-05-16T09:33:31Z
runner_host: DESKTOP-RAOJN57
runner_os: Linux-6.6.114.1-microsoft-standard-WSL2-x86_64-with-glibc2.43
runner_machine: x86_64
runner_cpu_count: 8
runner_word_size: 64
runner_python: 3.14.4
command: "/mnt/c/projects/Alexander Demin/gb_benchmarks/axgrob/axf4" -p 2147483647 -v [z1,z2] -t 8 /tmp/gbbench-axf4-s1qtujmw/cyclic_2.txt

[stdout]
F4 algorithm in 2 variables mod p=2147483647, 8 threads

STEP 1
degree=2 pairs=1/1 with pairs limit 2048
3 x 3 with 6 non-zero, 2.0 per row
3.000 bytes per non-zero, matrix encoded in 0.000 MB
2 rows to reduce, blocksize 1, max threads 2, zero reductions 1
new=1 basis=3, step time=0.003 sec

DONE inter-reduce
4 x 4 with 8 non-zero, 2.0 per row
3.000 bytes per non-zero, matrix encoded in 0.000 MB
2 basis elements, 0.008 sec

[stderr]

