run_id: apply-eco-3-axf4-t8
track: apply_vs_axf4__brisk_berry_swift
job_id: apply-eco-3-axf4-t8
system_ref: systems/eco/eco.md
input_ref: systems/eco/txt/eco_3.txt
software: axf4 -t 8
version: local-copy
runner: axf4
threads: 8
field: GF(2147483647)
order: degrevlex
hardware_track: 
timeout_s: 60
memory_limit_mb: 
status: ok
exit_code: 0
wall_time_seconds: 0.084451
process_wall_time_seconds: 0.084451
started_at_utc: 2026-05-16T09:33:36Z
finished_at_utc: 2026-05-16T09:33:36Z
runner_host: DESKTOP-RAOJN57
runner_os: Linux-6.6.114.1-microsoft-standard-WSL2-x86_64-with-glibc2.43
runner_machine: x86_64
runner_cpu_count: 8
runner_word_size: 64
runner_python: 3.14.4
command: "/mnt/c/projects/Alexander Demin/gb_benchmarks/axgrob/axf4" -p 2147483647 -v [x1,x2,x3] -t 8 /tmp/gbbench-axf4-e20n91ve/eco_3.txt

[stdout]
F4 algorithm in 3 variables mod p=2147483647, 8 threads

STEP 1
degree=3 pairs=1/1 with pairs limit 2048
6 x 7 with 15 non-zero, 2.5 per row
2.600 bytes per non-zero, matrix encoded in 0.000 MB
2 rows to reduce, blocksize 1, max threads 2, zero reductions 1
new=1 basis=4, step time=0.004 sec

STEP 2
degree=2 pairs=1/1 with pairs limit 2048
3 x 4 with 8 non-zero, 2.7 per row
2.500 bytes per non-zero, matrix encoded in 0.000 MB
2 rows to reduce, blocksize 1, max threads 2, zero reductions 1
new=1 basis=4, step time=0.003 sec

DONE inter-reduce
6 x 5 with 18 non-zero, 3.0 per row
2.333 bytes per non-zero, matrix encoded in 0.000 MB
3 basis elements, 0.012 sec

[stderr]

