run_id: apply-cyclic-4-axf4-t8
track: apply_vs_axf4__brisk_berry_swift
job_id: apply-cyclic-4-axf4-t8
system_ref: systems/cyclic/cyclic.md
input_ref: systems/cyclic/txt/cyclic_4.txt
software: axf4 -t 8
version: local-copy
runner: axf4
threads: 8
field: GF(2147483647)
order: degrevlex
hardware_track: 
timeout_s: 60
memory_limit_mb: 
status: ok
exit_code: 0
wall_time_seconds: 0.151887
process_wall_time_seconds: 0.151887
started_at_utc: 2026-05-16T09:33:33Z
finished_at_utc: 2026-05-16T09:33:34Z
runner_host: DESKTOP-RAOJN57
runner_os: Linux-6.6.114.1-microsoft-standard-WSL2-x86_64-with-glibc2.43
runner_machine: x86_64
runner_cpu_count: 8
runner_word_size: 64
runner_python: 3.14.4
command: "/mnt/c/projects/Alexander Demin/gb_benchmarks/axgrob/axf4" -p 2147483647 -v [z1,z2,z3,z4] -t 8 /tmp/gbbench-axf4-4mqmtut9/cyclic_4.txt

[stdout]
F4 algorithm in 4 variables mod p=2147483647, 8 threads

STEP 1
degree=2 pairs=1/3 with pairs limit 2048
4 x 7 with 16 non-zero, 4.0 per row
2.000 bytes per non-zero, matrix encoded in 0.000 MB
2 rows to reduce, blocksize 1, max threads 2, zero reductions 1
new=1 basis=5, step time=0.006 sec

STEP 2
degree=3 pairs=1/2 with pairs limit 2048
7 x 11 with 26 non-zero, 3.7 per row
2.077 bytes per non-zero, matrix encoded in 0.000 MB
2 rows to reduce, blocksize 1, max threads 2, zero reductions 1
new=1 basis=6, step time=0.005 sec

STEP 3
degree=4 pairs=2/2 with pairs limit 2048
9 x 11 with 30 non-zero, 3.3 per row
2.200 bytes per non-zero, matrix encoded in 0.000 MB
4 rows to reduce, blocksize 3, max threads 2, zero reductions 1
new=1 basis=7, step time=0.004 sec

STEP 4
degree=5 pairs=2/2 with pairs limit 2048
8 x 12 with 35 non-zero, 4.4 per row
1.914 bytes per non-zero, matrix encoded in 0.000 MB
4 rows to reduce, blocksize 3, max threads 2, zero reductions 1
new=2 basis=9, step time=0.005 sec

STEP 5
degree=6 pairs=3/3 with pairs limit 2048
13 x 14 with 53 non-zero, 4.1 per row
1.981 bytes per non-zero, matrix encoded in 0.000 MB
6 rows to reduce, blocksize 3, max threads 2, zero reductions 1
new=1 basis=10, step time=0.014 sec

STEP 6
degree=7 pairs=2/2 with pairs limit 2048
11 x 13 with 45 non-zero, 4.1 per row
1.978 bytes per non-zero, matrix encoded in 0.000 MB
4 rows to reduce, blocksize 3, max threads 2, zero reductions 1
new=0 basis=10, step time=0.006 sec

DONE inter-reduce
14 x 24 with 60 non-zero, 4.3 per row
1.933 bytes per non-zero, matrix encoded in 0.000 MB
7 basis elements, 0.045 sec

[stderr]

