run_id: apply-eco-4-axf4-t1
track: apply_vs_axf4__brisk_berry_swift
job_id: apply-eco-4-axf4-t1
system_ref: systems/eco/eco.md
input_ref: systems/eco/txt/eco_4.txt
software: axf4 -t 1
version: local-copy
runner: axf4
threads: 1
field: GF(2147483647)
order: degrevlex
hardware_track: 
timeout_s: 60
memory_limit_mb: 
status: ok
exit_code: 0
wall_time_seconds: 0.089228
process_wall_time_seconds: 0.089228
started_at_utc: 2026-05-16T09:33:37Z
finished_at_utc: 2026-05-16T09:33:37Z
runner_host: DESKTOP-RAOJN57
runner_os: Linux-6.6.114.1-microsoft-standard-WSL2-x86_64-with-glibc2.43
runner_machine: x86_64
runner_cpu_count: 8
runner_word_size: 64
runner_python: 3.14.4
command: "/mnt/c/projects/Alexander Demin/gb_benchmarks/axgrob/axf4" -p 2147483647 -v [x1,x2,x3,x4] -t 1 /tmp/gbbench-axf4-htm855iw/eco_4.txt

[stdout]
F4 algorithm in 4 variables mod p=2147483647, 8 threads

STEP 1
degree=3 pairs=2/2 with pairs limit 2048
10 x 12 with 31 non-zero, 3.1 per row
2.290 bytes per non-zero, matrix encoded in 0.000 MB
4 rows to reduce, blocksize 3, max threads 2, zero reductions 1
new=2 basis=6, step time=0.005 sec

STEP 2
degree=3 pairs=2/2 with pairs limit 4096
6 x 9 with 21 non-zero, 3.5 per row
2.143 bytes per non-zero, matrix encoded in 0.000 MB
4 rows to reduce, blocksize 3, max threads 2, zero reductions 1
new=2 basis=6, step time=0.004 sec

STEP 3
degree=3 pairs=3/3 with pairs limit 8192
15 x 16 with 58 non-zero, 3.9 per row
2.034 bytes per non-zero, matrix encoded in 0.000 MB
6 rows to reduce, blocksize 3, max threads 2, zero reductions 1
new=2 basis=7, step time=0.004 sec

STEP 4
degree=3 pairs=4/4 with pairs limit 16384
19 x 15 with 75 non-zero, 3.9 per row
2.013 bytes per non-zero, matrix encoded in 0.000 MB
8 rows to reduce, blocksize 6, max threads 2, zero reductions 1
new=0 basis=7, step time=0.005 sec

DONE inter-reduce
14 x 11 with 60 non-zero, 4.3 per row
1.933 bytes per non-zero, matrix encoded in 0.000 MB
7 basis elements, 0.022 sec

[stderr]

