run_id: apply-eco-2-groebner
track: apply_vs_axf4__brisk_berry_swift
job_id: apply-eco-2-groebner
system_ref: systems/eco/eco.md
input_ref: systems/eco/txt/eco_2.txt
software: Groebner.groebner
version: local
runner: groebner_jl
threads: 8
field: GF(2147483647)
order: degrevlex
hardware_track: 
timeout_s: 60
memory_limit_mb: 
status: error
exit_code: 
wall_time_seconds: 0.410935
process_wall_time_seconds: 0.410935
started_at_utc: 2026-05-16T09:33:34Z
finished_at_utc: 2026-05-16T09:33:34Z
runner_host: DESKTOP-RAOJN57
runner_os: Linux-6.6.114.1-microsoft-standard-WSL2-x86_64-with-glibc2.43
runner_machine: x86_64
runner_cpu_count: 8
runner_word_size: 64
runner_python: 3.14.4
command: 

[stdout]


[stderr]
Found a Windows Julia executable while running on Linux/WSL. Install a Linux Julia in WSL or set JULIA_BINARY to that Linux executable.
