run_id: apply-cyclic-5-groebner
track: apply_vs_axf4
job_id: apply-cyclic-5-groebner
system_ref: systems/cyclic/cyclic.md
input_ref: systems/cyclic/txt/cyclic_5.txt
software: Groebner.groebner
version: 0.10.3
runner: groebner_jl
threads: 8
field: GF(2147483647)
order: degrevlex
hardware_track: 
timeout_s: 60
status: ok
exit_code: 0
wall_time_seconds: 0.0024232
process_wall_time_seconds: 6.131364
started_at_utc: 2026-05-15T14:43:38Z
finished_at_utc: 2026-05-15T14:43:44Z
runner_host: DESKTOP-RAOJN57
runner_os: Windows-10-10.0.19045-SP0
runner_python: 3.10.0
command: C:\Users\User\AppData\Local\Microsoft\WindowsApps\julia.EXE --startup-file=no "C:\projects\Alexander Demin\gb_benchmarks\bench\internal\groebner_jl_worker.jl" --input "C:\projects\Alexander Demin\gb_benchmarks\systems\cyclic\txt\cyclic_5.txt" --field GF(2147483647) --order degrevlex --threads 8 --method groebner

[stdout]
GBBENCH_WALL_TIME=0.0024232
GBBENCH_BYTES=577489
GBBENCH_VERSION=0.10.3

[stderr]

