run_id: apply-katsura-6-axf4
track: apply_vs_axf4
job_id: apply-katsura-6-axf4
system_ref: systems/katsura/katsura.md
input_ref: systems/katsura/txt/katsura_6.txt
software: axf4
version: local-copy
runner: axf4
threads: 8
field: GF(2147483647)
order: degrevlex
hardware_track: local-windows
timeout_s: 60
status: ok
exit_code: 0
wall_time_seconds: 0.318703
process_wall_time_seconds: 0.318703
started_at_utc: 2026-05-15T14:19:32Z
finished_at_utc: 2026-05-15T14:19:32Z
runner_host: DESKTOP-RAOJN57
runner_os: Windows-10-10.0.19045-SP0
runner_python: 3.10.0
command: "C:\projects\Alexander Demin\gb_benchmarks\axgrob\axf4.exe" -p 2147483647 -v [x0,x1,x2,x3,x4,x5,x6] -t 8 C:\Users\User\AppData\Local\Temp\gbbench-axf4-hsjzzm38\katsura_6.txt

[stdout]
F4 algorithm in 7 variables mod p=2147483647, 8 threads

STEP 1
degree=2 pairs=2/8 with pairs limit 2048
16 x 36 with 119 non-zero, 7.4 per row
1.538 bytes per non-zero, matrix encoded in 0.000 MB
4 rows to reduce, blocksize 3, max threads 2, zero reductions 1
new=2 basis=9, step time=0.007 sec

STEP 2
degree=3 pairs=9/9 with pairs limit 2048
79 x 109 with 710 non-zero, 9.0 per row
1.445 bytes per non-zero, matrix encoded in 0.001 MB
18 rows to reduce, blocksize 6, max threads 3, zero reductions 1
new=7 basis=15, step time=0.016 sec

STEP 3
degree=4 pairs=26/26 with pairs limit 2048
207 x 222 with 3527 non-zero, 17.0 per row
1.235 bytes per non-zero, matrix encoded in 0.004 MB
52 rows to reduce, blocksize 9, max threads 6, zero reductions 1
new=11 basis=25, step time=0.047 sec

STEP 4
degree=5 pairs=50/50 with pairs limit 2048
389 x 361 with 8538 non-zero, 21.9 per row
1.182 bytes per non-zero, matrix encoded in 0.010 MB
100 rows to reduce, blocksize 12, max threads 9, zero reductions 1
new=10 basis=35, step time=0.036 sec

STEP 5
degree=6 pairs=49/49 with pairs limit 2048
414 x 384 with 11445 non-zero, 27.6 per row
1.145 bytes per non-zero, matrix encoded in 0.012 MB
98 rows to reduce, blocksize 12, max threads 9, zero reductions 1
new=5 basis=40, step time=0.038 sec

STEP 6
degree=7 pairs=25/25 with pairs limit 2048
326 x 340 with 8772 non-zero, 26.9 per row
1.149 bytes per non-zero, matrix encoded in 0.010 MB
50 rows to reduce, blocksize 9, max threads 6, zero reductions 1
new=1 basis=41, step time=0.020 sec

STEP 7
degree=8 pairs=5/5 with pairs limit 2048
273 x 326 with 6679 non-zero, 24.5 per row
1.163 bytes per non-zero, matrix encoded in 0.007 MB
10 rows to reduce, blocksize 6, max threads 2, zero reductions 1
new=0 basis=41, step time=0.033 sec

DONE inter-reduce
86 x 109 with 3782 non-zero, 44.0 per row
1.091 bytes per non-zero, matrix encoded in 0.004 MB
41 basis elements, 0.207 sec

[stderr]

