run_id: apply-katsura-5-axf4
track: apply_vs_axf4
job_id: apply-katsura-5-axf4
system_ref: systems/katsura/katsura.md
input_ref: systems/katsura/txt/katsura_5.txt
software: axf4
version: local-copy
runner: axf4
threads: 8
field: GF(2147483647)
order: degrevlex
hardware_track: local-windows
timeout_s: 60
status: ok
exit_code: 0
wall_time_seconds: 0.103860
process_wall_time_seconds: 0.103860
started_at_utc: 2026-05-15T14:19:20Z
finished_at_utc: 2026-05-15T14:19:20Z
runner_host: DESKTOP-RAOJN57
runner_os: Windows-10-10.0.19045-SP0
runner_python: 3.10.0
command: "C:\projects\Alexander Demin\gb_benchmarks\axgrob\axf4.exe" -p 2147483647 -v [x0,x1,x2,x3,x4,x5] -t 8 C:\Users\User\AppData\Local\Temp\gbbench-axf4-d_21kxab\katsura_5.txt

[stdout]
F4 algorithm in 6 variables mod p=2147483647, 8 threads

STEP 1
degree=2 pairs=2/6 with pairs limit 2048
14 x 28 with 92 non-zero, 6.6 per row
1.609 bytes per non-zero, matrix encoded in 0.000 MB
4 rows to reduce, blocksize 3, max threads 2, zero reductions 1
new=2 basis=8, step time=0.004 sec

STEP 2
degree=3 pairs=7/7 with pairs limit 2048
57 x 73 with 446 non-zero, 7.8 per row
1.511 bytes per non-zero, matrix encoded in 0.001 MB
14 rows to reduce, blocksize 6, max threads 3, zero reductions 1
new=5 basis=12, step time=0.004 sec

STEP 3
degree=4 pairs=16/16 with pairs limit 2048
118 x 122 with 1504 non-zero, 12.7 per row
1.314 bytes per non-zero, matrix encoded in 0.002 MB
32 rows to reduce, blocksize 9, max threads 4, zero reductions 1
new=6 basis=17, step time=0.006 sec

STEP 4
degree=5 pairs=23/23 with pairs limit 2048
165 x 154 with 2733 non-zero, 16.6 per row
1.241 bytes per non-zero, matrix encoded in 0.003 MB
46 rows to reduce, blocksize 9, max threads 6, zero reductions 1
new=4 basis=21, step time=0.004 sec

STEP 5
degree=6 pairs=16/16 with pairs limit 2048
142 x 142 with 2447 non-zero, 17.2 per row
1.232 bytes per non-zero, matrix encoded in 0.003 MB
32 rows to reduce, blocksize 9, max threads 4, zero reductions 1
new=1 basis=22, step time=0.004 sec

STEP 6
degree=7 pairs=4/4 with pairs limit 2048
111 x 134 with 1872 non-zero, 16.9 per row
1.237 bytes per non-zero, matrix encoded in 0.002 MB
8 rows to reduce, blocksize 6, max threads 2, zero reductions 1
new=0 basis=22, step time=0.006 sec

DONE inter-reduce
47 x 57 with 1033 non-zero, 22.0 per row
1.182 bytes per non-zero, matrix encoded in 0.001 MB
22 basis elements, 0.034 sec

[stderr]

