run_id: apply-eco-6-axf4
track: apply_vs_axf4
job_id: apply-eco-6-axf4
system_ref: systems/eco/eco.md
input_ref: systems/eco/txt/eco_6.txt
software: axf4
version: local-copy
runner: axf4
threads: 8
field: GF(2147483647)
order: degrevlex
hardware_track: 
timeout_s: 60
status: ok
exit_code: 0
wall_time_seconds: 0.098175
process_wall_time_seconds: 0.098175
started_at_utc: 2026-05-15T14:45:18Z
finished_at_utc: 2026-05-15T14:45:18Z
runner_host: DESKTOP-RAOJN57
runner_os: Windows-10-10.0.19045-SP0
runner_python: 3.10.0
command: "C:\projects\Alexander Demin\gb_benchmarks\axgrob\axf4.exe" -p 2147483647 -v [x1,x2,x3,x4,x5,x6] -t 8 C:\Users\User\AppData\Local\Temp\gbbench-axf4-veb8kvqh\eco_6.txt

[stdout]
F4 algorithm in 6 variables mod p=2147483647, 8 threads

STEP 1
degree=3 pairs=4/4 with pairs limit 2048
18 x 25 with 78 non-zero, 4.3 per row
1.923 bytes per non-zero, matrix encoded in 0.000 MB
8 rows to reduce, blocksize 6, max threads 2, zero reductions 1
new=4 basis=10, step time=0.004 sec

STEP 2
degree=3 pairs=2/7 with pairs limit 4096
8 x 20 with 42 non-zero, 5.2 per row
1.762 bytes per non-zero, matrix encoded in 0.000 MB
4 rows to reduce, blocksize 3, max threads 2, zero reductions 1
new=2 basis=8, step time=0.003 sec

STEP 3
degree=3 pairs=3/8 with pairs limit 8192
23 x 41 with 148 non-zero, 6.4 per row
1.622 bytes per non-zero, matrix encoded in 0.000 MB
6 rows to reduce, blocksize 3, max threads 2, zero reductions 1
new=2 basis=10, step time=0.004 sec

STEP 4
degree=3 pairs=3/11 with pairs limit 16384
22 x 38 with 149 non-zero, 6.8 per row
1.591 bytes per non-zero, matrix encoded in 0.000 MB
6 rows to reduce, blocksize 3, max threads 2, zero reductions 1
new=1 basis=10, step time=0.004 sec

STEP 5
degree=4 pairs=10/10 with pairs limit 2048
73 x 85 with 500 non-zero, 6.8 per row
1.584 bytes per non-zero, matrix encoded in 0.001 MB
20 rows to reduce, blocksize 6, max threads 4, zero reductions 1
new=6 basis=16, step time=0.005 sec

STEP 6
degree=3 pairs=8/17 with pairs limit 2048
42 x 46 with 412 non-zero, 9.8 per row
1.408 bytes per non-zero, matrix encoded in 0.001 MB
16 rows to reduce, blocksize 6, max threads 3, zero reductions 1
new=4 basis=19, step time=0.004 sec

STEP 7
degree=4 pairs=20/24 with pairs limit 2048
107 x 86 with 1062 non-zero, 9.9 per row
1.403 bytes per non-zero, matrix encoded in 0.001 MB
40 rows to reduce, blocksize 9, max threads 5, zero reductions 1
new=3 basis=20, step time=0.007 sec

STEP 8
degree=4 pairs=5/13 with pairs limit 4096
60 x 67 with 569 non-zero, 9.5 per row
1.422 bytes per non-zero, matrix encoded in 0.001 MB
10 rows to reduce, blocksize 6, max threads 2, zero reductions 1
new=1 basis=21, step time=0.009 sec

STEP 9
degree=4 pairs=5/9 with pairs limit 8192
58 x 65 with 547 non-zero, 9.4 per row
1.424 bytes per non-zero, matrix encoded in 0.001 MB
10 rows to reduce, blocksize 6, max threads 2, zero reductions 1
new=1 basis=22, step time=0.005 sec

STEP 10
degree=5 pairs=8/8 with pairs limit 2048
77 x 77 with 739 non-zero, 9.6 per row
1.417 bytes per non-zero, matrix encoded in 0.001 MB
16 rows to reduce, blocksize 6, max threads 3, zero reductions 1
new=0 basis=21, step time=0.006 sec

DONE inter-reduce
36 x 34 with 442 non-zero, 12.3 per row
1.326 bytes per non-zero, matrix encoded in 0.001 MB
18 basis elements, 0.056 sec

[stderr]

