run_id: apply-noon-5-axf4
track: apply_vs_axf4
job_id: apply-noon-5-axf4
system_ref: systems/noon/noon.md
input_ref: systems/noon/txt/noon_5.txt
software: axf4
version: local-copy
runner: axf4
threads: 8
field: GF(2147483647)
order: degrevlex
hardware_track: 
timeout_s: 60
status: ok
exit_code: 0
wall_time_seconds: 0.149533
process_wall_time_seconds: 0.149533
started_at_utc: 2026-05-15T14:46:05Z
finished_at_utc: 2026-05-15T14:46:05Z
runner_host: DESKTOP-RAOJN57
runner_os: Windows-10-10.0.19045-SP0
runner_python: 3.10.0
command: "C:\projects\Alexander Demin\gb_benchmarks\axgrob\axf4.exe" -p 2147483647 -v [x1,x2,x3,x4,x5] -t 8 C:\Users\User\AppData\Local\Temp\gbbench-axf4-1xfouz1o\noon_5.txt

[stdout]
F4 algorithm in 5 variables mod p=2147483647, 8 threads

STEP 1
degree=4 pairs=7/7 with pairs limit 2048
24 x 56 with 144 non-zero, 6.0 per row
1.667 bytes per non-zero, matrix encoded in 0.000 MB
14 rows to reduce, blocksize 6, max threads 3, zero reductions 1
new=7 basis=12, step time=0.007 sec

STEP 2
degree=5 pairs=9/16 with pairs limit 2048
37 x 73 with 208 non-zero, 5.6 per row
1.712 bytes per non-zero, matrix encoded in 0.000 MB
18 rows to reduce, blocksize 6, max threads 3, zero reductions 1
new=5 basis=17, step time=0.005 sec

STEP 3
degree=6 pairs=24/27 with pairs limit 2048
143 x 234 with 1018 non-zero, 7.1 per row
1.562 bytes per non-zero, matrix encoded in 0.002 MB
48 rows to reduce, blocksize 9, max threads 6, zero reductions 1
new=10 basis=27, step time=0.004 sec

STEP 4
degree=7 pairs=42/42 with pairs limit 2048
248 x 347 with 2328 non-zero, 9.4 per row
1.426 bytes per non-zero, matrix encoded in 0.003 MB
84 rows to reduce, blocksize 12, max threads 7, zero reductions 1
new=15 basis=42, step time=0.006 sec

STEP 5
degree=8 pairs=60/60 with pairs limit 2048
409 x 506 with 4769 non-zero, 11.7 per row
1.398 bytes per non-zero, matrix encoded in 0.006 MB
120 rows to reduce, blocksize 12, max threads 10, zero reductions 1
new=15 basis=57, step time=0.007 sec

STEP 6
degree=9 pairs=60/60 with pairs limit 2048
497 x 597 with 7152 non-zero, 14.4 per row
1.323 bytes per non-zero, matrix encoded in 0.009 MB
120 rows to reduce, blocksize 12, max threads 10, zero reductions 1
new=10 basis=67, step time=0.007 sec

STEP 7
degree=10 pairs=40/40 with pairs limit 2048
776 x 930 with 10645 non-zero, 13.7 per row
1.480 bytes per non-zero, matrix encoded in 0.015 MB
80 rows to reduce, blocksize 12, max threads 7, zero reductions 1
new=4 basis=71, step time=0.009 sec

STEP 8
degree=9 pairs=16/16 with pairs limit 2048
801 x 982 with 9053 non-zero, 11.3 per row
1.566 bytes per non-zero, matrix encoded in 0.014 MB
32 rows to reduce, blocksize 9, max threads 4, zero reductions 1
new=1 basis=72, step time=0.007 sec

STEP 9
degree=10 pairs=4/4 with pairs limit 2048
347 x 544 with 4085 non-zero, 11.8 per row
1.402 bytes per non-zero, matrix encoded in 0.005 MB
8 rows to reduce, blocksize 6, max threads 2, zero reductions 1
new=0 basis=72, step time=0.007 sec

DONE inter-reduce
144 x 298 with 4686 non-zero, 32.5 per row
1.123 bytes per non-zero, matrix encoded in 0.005 MB
72 basis elements, 0.062 sec

[stderr]

