run_id: apply-noon-4-groebner
track: apply_vs_axf4
job_id: apply-noon-4-groebner
system_ref: systems/noon/noon.md
input_ref: systems/noon/txt/noon_4.txt
software: Groebner.groebner
version: 0.10.3
runner: groebner_jl
threads: 8
field: GF(2147483647)
order: degrevlex
hardware_track: 
timeout_s: 60
status: ok
exit_code: 0
wall_time_seconds: 0.0022511
process_wall_time_seconds: 4.621472
started_at_utc: 2026-05-15T21:24:25Z
finished_at_utc: 2026-05-15T21:24:30Z
runner_host: DESKTOP-RAOJN57
runner_os: Windows-10-10.0.19045-SP0
runner_machine: AMD64
runner_cpu_count: 8
runner_word_size: 64
runner_python: 3.10.0
command: C:\Users\User\AppData\Local\Microsoft\WindowsApps\julia.EXE --startup-file=no C:\Users\User\AppData\Local\Temp\gbbench-groebner-jl-sr57rebs\groebner_jl_worker.jl --input "C:\projects\Alexander Demin\gb_benchmarks\systems\noon\txt\noon_4.txt" --field GF(2147483647) --order degrevlex --threads 8 --method groebner

[stdout]
GBBENCH_WALL_TIME=0.0022511
GBBENCH_BYTES=782460
GBBENCH_VERSION=0.10.3

[stderr]

