run_id: apply-eco-3-axf4-t1
track: apply_vs_axf4
job_id: apply-eco-3-axf4-t1
system_ref: systems/eco/eco.md
input_ref: systems/eco/txt/eco_3.txt
software: axf4 -t 1
version: local-copy
runner: axf4
threads: 8
field: GF(2147483647)
order: degrevlex
hardware_track: 
timeout_s: 60
status: ok
exit_code: 0
wall_time_seconds: 0.035735
process_wall_time_seconds: 0.035735
started_at_utc: 2026-05-15T21:23:58Z
finished_at_utc: 2026-05-15T21:23:58Z
runner_host: DESKTOP-RAOJN57
runner_os: Windows-10-10.0.19045-SP0
runner_machine: AMD64
runner_cpu_count: 8
runner_word_size: 64
runner_python: 3.10.0
command: "C:\projects\Alexander Demin\gb_benchmarks\axgrob\axf4.exe" -p 2147483647 -v [x1,x2,x3] -t 1 C:\Users\User\AppData\Local\Temp\gbbench-axf4-5i53h2ml\eco_3.txt

[stdout]
F4 algorithm in 3 variables mod p=2147483647, 8 threads

STEP 1
degree=3 pairs=1/1 with pairs limit 2048
6 x 7 with 15 non-zero, 2.5 per row
2.600 bytes per non-zero, matrix encoded in 0.000 MB
2 rows to reduce, blocksize 1, max threads 2, zero reductions 1
new=1 basis=4, step time=0.007 sec

STEP 2
degree=2 pairs=1/1 with pairs limit 2048
3 x 4 with 8 non-zero, 2.7 per row
2.500 bytes per non-zero, matrix encoded in 0.000 MB
2 rows to reduce, blocksize 1, max threads 2, zero reductions 1
new=1 basis=4, step time=0.003 sec

DONE inter-reduce
6 x 5 with 18 non-zero, 3.0 per row
2.333 bytes per non-zero, matrix encoded in 0.000 MB
3 basis elements, 0.012 sec

[stderr]

