run_id: apply-chandra-3-groebner
track: apply_vs_axf4
job_id: apply-chandra-3-groebner
system_ref: systems/chandra/chandra.md
input_ref: systems/chandra/txt/chandra_3.txt
software: Groebner.groebner
version: local
runner: groebner_jl
threads: 8
field: GF(2147483647)
order: degrevlex
hardware_track: local-windows
timeout_s: 60
status: error
exit_code: 1
wall_time_seconds: 9.131085
process_wall_time_seconds: 9.131085
started_at_utc: 2026-05-15T14:15:35Z
finished_at_utc: 2026-05-15T14:15:44Z
runner_host: DESKTOP-RAOJN57
runner_os: Windows-10-10.0.19045-SP0
runner_python: 3.10.0
command: C:\Users\User\AppData\Local\Microsoft\WindowsApps\julia.EXE --startup-file=no "C:\projects\Alexander Demin\gb_benchmarks\bench\internal\groebner_jl_worker.jl" --input "C:\projects\Alexander Demin\gb_benchmarks\systems\chandra\txt\chandra_3.txt" --field GF(2147483647) --order degrevlex --threads 8 --method groebner

[stdout]


[stderr]
ERROR: LoadError: MethodError: no method matching (::AbstractAlgebra.GFField{Int64})(::Rational{Int64})
The object of type `AbstractAlgebra.GFField{Int64}` exists, but no method is defined for this combination of argument types when trying to treat it as a callable object.

Closest candidates are:
  (::AbstractAlgebra.GFField{T})() where T<:Integer
   @ AbstractAlgebra C:\Users\User\.julia\packages\AbstractAlgebra\u52o2\src\julia\GF.jl:423
  (::AbstractAlgebra.GFField{T})(!Matched::Integer) where T<:Integer
   @ AbstractAlgebra C:\Users\User\.julia\packages\AbstractAlgebra\u52o2\src\julia\GF.jl:427
  (::AbstractAlgebra.GFField{T})(!Matched::AbstractAlgebra.GFElem{T}) where T<:Integer
   @ AbstractAlgebra C:\Users\User\.julia\packages\AbstractAlgebra\u52o2\src\julia\GF.jl:436

Stacktrace:
  [1] *(x::AbstractAlgebra.GFElem{Int64}, y::Rational{Int64})
    @ AbstractAlgebra C:\Users\User\.julia\packages\AbstractAlgebra\u52o2\src\NCRings.jl:80
  [2] *(a::AbstractAlgebra.Generic.MPoly{AbstractAlgebra.GFElem{Int64}}, n::Rational{Int64})
    @ AbstractAlgebra.Generic C:\Users\User\.julia\packages\AbstractAlgebra\u52o2\src\generic\MPoly.jl:1911
  [3] *(n::Rational{Int64}, a::AbstractAlgebra.Generic.MPoly{AbstractAlgebra.GFElem{Int64}})
    @ AbstractAlgebra.Generic C:\Users\User\.julia\packages\AbstractAlgebra\u52o2\src\generic\MPoly.jl:1941
  [4] top-level scope
    @ none:1
  [5] eval(m::Module, e::Any)
    @ Core .\boot.jl:489
  [6] build_system(variable_names::Vector{SubString{String}}, polynomials::Vector{String}, base_ring::AbstractAlgebra.GFField{Int64})
    @ Main C:\projects\Alexander Demin\gb_benchmarks\bench\internal\groebner_jl_worker.jl:57
  [7] top-level scope
    @ C:\projects\Alexander Demin\gb_benchmarks\bench\internal\groebner_jl_worker.jl:75
  [8] include(mod::Module, _path::String)
    @ Base .\Base.jl:306
  [9] exec_options(opts::Base.JLOptions)
    @ Base .\client.jl:317
 [10] _start()
    @ Base .\client.jl:550
in expression starting at C:\projects\Alexander Demin\gb_benchmarks\bench\internal\groebner_jl_worker.jl:75
