run_id: apply-chandra-5-axf4
track: apply_vs_axf4
job_id: apply-chandra-5-axf4
system_ref: systems/chandra/chandra.md
input_ref: systems/chandra/txt/chandra_5.txt
software: axf4
version: local-copy
runner: axf4
threads: 8
field: GF(2147483647)
order: degrevlex
hardware_track: local-windows
timeout_s: 60
status: ok
exit_code: 0
wall_time_seconds: 0.037680
process_wall_time_seconds: 0.037680
started_at_utc: 2026-05-15T14:16:26Z
finished_at_utc: 2026-05-15T14:16:26Z
runner_host: DESKTOP-RAOJN57
runner_os: Windows-10-10.0.19045-SP0
runner_python: 3.10.0
command: "C:\projects\Alexander Demin\gb_benchmarks\axgrob\axf4.exe" -p 2147483647 -v [H1,H2,H3,H4,H5] -t 8 C:\Users\User\AppData\Local\Temp\gbbench-axf4-u7fupdt5\chandra_5.txt

[stdout]
error: can't parse term -288421779135875//1125899906842624*H1^2 - 288421779135875//1688849860263936*H1*H2 - 288421779135875//2251799813685248*H1*H3 - 57684355827175//562949953421312*H1*H4 + 5341077755077245//562949953421312*H1 - 10

[stderr]

