run_id: apply-cyclic-3-axf4
track: apply_vs_axf4
job_id: apply-cyclic-3-axf4
system_ref: systems/cyclic/cyclic.md
input_ref: systems/cyclic/txt/cyclic_3.txt
software: axf4
version: local-copy
runner: axf4
threads: 8
field: GF(2147483647)
order: degrevlex
hardware_track: 
timeout_s: 60
status: ok
exit_code: 0
wall_time_seconds: 0.038834
process_wall_time_seconds: 0.038834
started_at_utc: 2026-05-15T20:11:13Z
finished_at_utc: 2026-05-15T20:11:13Z
runner_host: DESKTOP-RAOJN57
runner_os: Windows-10-10.0.19045-SP0
runner_machine: AMD64
runner_cpu_count: 8
runner_word_size: 64
runner_python: 3.10.0
command: "C:\projects\Alexander Demin\gb_benchmarks\axgrob\axf4.exe" -p 2147483647 -v [z1,z2,z3] -t 8 C:\Users\User\AppData\Local\Temp\gbbench-axf4-8yo9ls8v\cyclic_3.txt

[stdout]
F4 algorithm in 3 variables mod p=2147483647, 8 threads

STEP 1
degree=2 pairs=1/2 with pairs limit 2048
4 x 5 with 12 non-zero, 3.0 per row
2.333 bytes per non-zero, matrix encoded in 0.000 MB
2 rows to reduce, blocksize 1, max threads 2, zero reductions 1
new=1 basis=4, step time=0.004 sec

STEP 2
degree=3 pairs=1/1 with pairs limit 2048
4 x 5 with 11 non-zero, 2.8 per row
2.455 bytes per non-zero, matrix encoded in 0.000 MB
2 rows to reduce, blocksize 1, max threads 2, zero reductions 1
new=1 basis=5, step time=0.005 sec

DONE inter-reduce
6 x 8 with 16 non-zero, 2.7 per row
2.500 bytes per non-zero, matrix encoded in 0.000 MB
3 basis elements, 0.013 sec

[stderr]

