run_id: apply-noon-3-axf4-t8
track: apply_vs_axf4
job_id: apply-noon-3-axf4-t8
system_ref: systems/noon/noon.md
input_ref: systems/noon/txt/noon_3.txt
software: axf4 -t 8
version: local-copy
runner: axf4
threads: 8
field: GF(2147483647)
order: degrevlex
hardware_track: 
timeout_s: 60
status: ok
exit_code: 0
wall_time_seconds: 0.053271
process_wall_time_seconds: 0.053271
started_at_utc: 2026-05-15T21:24:25Z
finished_at_utc: 2026-05-15T21:24:25Z
runner_host: DESKTOP-RAOJN57
runner_os: Windows-10-10.0.19045-SP0
runner_machine: AMD64
runner_cpu_count: 8
runner_word_size: 64
runner_python: 3.10.0
command: "C:\projects\Alexander Demin\gb_benchmarks\axgrob\axf4.exe" -p 2147483647 -v [x1,x2,x3] -t 8 C:\Users\User\AppData\Local\Temp\gbbench-axf4-zpdzti5h\noon_3.txt

[stdout]
F4 algorithm in 3 variables mod p=2147483647, 8 threads

STEP 1
degree=4 pairs=2/2 with pairs limit 2048
7 x 13 with 28 non-zero, 4.0 per row
2.000 bytes per non-zero, matrix encoded in 0.000 MB
4 rows to reduce, blocksize 3, max threads 2, zero reductions 1
new=2 basis=5, step time=0.005 sec

STEP 2
degree=5 pairs=3/3 with pairs limit 2048
11 x 22 with 53 non-zero, 4.8 per row
1.830 bytes per non-zero, matrix encoded in 0.000 MB
6 rows to reduce, blocksize 3, max threads 2, zero reductions 1
new=3 basis=8, step time=0.003 sec

STEP 3
degree=6 pairs=6/6 with pairs limit 2048
30 x 41 with 172 non-zero, 5.7 per row
1.698 bytes per non-zero, matrix encoded in 0.000 MB
12 rows to reduce, blocksize 6, max threads 2, zero reductions 1
new=2 basis=10, step time=0.005 sec

STEP 4
degree=5 pairs=4/4 with pairs limit 2048
29 x 42 with 166 non-zero, 5.7 per row
1.699 bytes per non-zero, matrix encoded in 0.000 MB
8 rows to reduce, blocksize 6, max threads 2, zero reductions 1
new=1 basis=11, step time=0.005 sec

STEP 5
degree=6 pairs=2/2 with pairs limit 2048
17 x 32 with 122 non-zero, 7.2 per row
1.557 bytes per non-zero, matrix encoded in 0.000 MB
4 rows to reduce, blocksize 3, max threads 2, zero reductions 1
new=0 basis=11, step time=0.007 sec

DONE inter-reduce
22 x 31 with 170 non-zero, 7.7 per row
1.518 bytes per non-zero, matrix encoded in 0.000 MB
11 basis elements, 0.028 sec

[stderr]

