run_id: apply-katsura-4-axf4
track: apply_vs_axf4
job_id: apply-katsura-4-axf4
system_ref: systems/katsura/katsura.md
input_ref: systems/katsura/txt/katsura_4.txt
software: axf4
version: local-copy
runner: axf4
threads: 8
field: GF(2147483647)
order: degrevlex
hardware_track: local-windows
timeout_s: 60
status: ok
exit_code: 0
wall_time_seconds: 0.089081
process_wall_time_seconds: 0.089081
started_at_utc: 2026-05-15T14:19:09Z
finished_at_utc: 2026-05-15T14:19:09Z
runner_host: DESKTOP-RAOJN57
runner_os: Windows-10-10.0.19045-SP0
runner_python: 3.10.0
command: "C:\projects\Alexander Demin\gb_benchmarks\axgrob\axf4.exe" -p 2147483647 -v [x0,x1,x2,x3,x4] -t 8 C:\Users\User\AppData\Local\Temp\gbbench-axf4-bodilcqy\katsura_4.txt

[stdout]
F4 algorithm in 5 variables mod p=2147483647, 8 threads

STEP 1
degree=2 pairs=2/5 with pairs limit 2048
12 x 21 with 68 non-zero, 5.7 per row
1.706 bytes per non-zero, matrix encoded in 0.000 MB
4 rows to reduce, blocksize 3, max threads 2, zero reductions 1
new=2 basis=7, step time=0.008 sec

STEP 2
degree=3 pairs=6/6 with pairs limit 2048
40 x 46 with 262 non-zero, 6.5 per row
1.611 bytes per non-zero, matrix encoded in 0.000 MB
12 rows to reduce, blocksize 6, max threads 2, zero reductions 1
new=4 basis=10, step time=0.007 sec

STEP 3
degree=4 pairs=10/10 with pairs limit 2048
66 x 64 with 626 non-zero, 9.5 per row
1.422 bytes per non-zero, matrix encoded in 0.001 MB
20 rows to reduce, blocksize 6, max threads 4, zero reductions 1
new=3 basis=12, step time=0.009 sec

STEP 4
degree=5 pairs=9/9 with pairs limit 2048
62 x 60 with 645 non-zero, 10.4 per row
1.384 bytes per non-zero, matrix encoded in 0.001 MB
18 rows to reduce, blocksize 6, max threads 3, zero reductions 1
new=1 basis=13, step time=0.010 sec

STEP 5
degree=6 pairs=3/3 with pairs limit 2048
47 x 56 with 523 non-zero, 11.1 per row
1.359 bytes per non-zero, matrix encoded in 0.001 MB
6 rows to reduce, blocksize 3, max threads 2, zero reductions 1
new=0 basis=13, step time=0.006 sec

DONE inter-reduce
28 x 31 with 326 non-zero, 11.6 per row
1.344 bytes per non-zero, matrix encoded in 0.000 MB
13 basis elements, 0.044 sec

[stderr]

