run_id: apply-eco-2-groebner-apply
track: apply_vs_axf4__gentle_ember_seal
job_id: apply-eco-2-groebner-apply
system_ref: systems/eco/eco.md
input_ref: systems/eco/txt/eco_2.txt
software: Groebner.groebner_apply!
version: 0.10.3
runner: groebner_jl
threads: 8
field: GF(2147483647)
order: degrevlex
hardware_track: 
timeout_s: 60
memory_limit_mb: 
status: ok
exit_code: 0
wall_time_seconds: 8.96e-5
process_wall_time_seconds: 4.502727
started_at_utc: 2026-05-16T09:20:30Z
finished_at_utc: 2026-05-16T09:20:34Z
runner_host: DESKTOP-RAOJN57
runner_os: Windows-10-10.0.19045-SP0
runner_machine: AMD64
runner_cpu_count: 8
runner_word_size: 64
runner_python: 3.10.0
command: C:\Users\User\AppData\Local\Microsoft\WindowsApps\julia.EXE --startup-file=no C:\Users\User\AppData\Local\Temp\gbbench-groebner-jl-q3_czvou\groebner_jl_worker.jl --input "C:\projects\Alexander Demin\gb_benchmarks\systems\eco\txt\eco_2.txt" --field GF(2147483647) --order degrevlex --threads 8 --method groebner_apply!

[stdout]
GBBENCH_WALL_TIME=8.96e-5
GBBENCH_BYTES=20560
GBBENCH_VERSION=0.10.3

[stderr]

